2015-01-26T12:43:00.271+0530: 0.545: Total time for which application threads were stopped: 0.0001460 seconds
2015-01-26T12:43:00.286+0530: 0.559: Total time for which application threads were stopped: 0.0000710 seconds
2015-01-26T12:43:01.286+0530: 1.559: Total time for which application threads were stopped: 0.0001180 seconds
2015-01-26T12:43:02.286+0530: 2.560: Total time for which application threads were stopped: 0.0001640 seconds
2015-01-26T12:43:03.930+0530: 4.203: Total time for which application threads were stopped: 0.0004120 seconds
2015-01-26T12:43:04.387+0530: 4.660: Total time for which application threads were stopped: 0.0001940 seconds
2015-01-26T12:43:04.388+0530: 4.661: Total time for which application threads were stopped: 0.0002330 seconds
2015-01-26T12:43:05.115+0530: 5.388: Total time for which application threads were stopped: 0.0001910 seconds
2015-01-26T12:43:05.115+0530: 5.389: Total time for which application threads were stopped: 0.0000560 seconds
2015-01-26T12:43:05.115+0530: 5.389: Total time for which application threads were stopped: 0.0000590 seconds
2015-01-26T12:43:05.117+0530: 5.390: Total time for which application threads were stopped: 0.0012290 seconds
2015-01-26T12:43:05.117+0530: 5.390: Total time for which application threads were stopped: 0.0000540 seconds
2015-01-26T12:43:05.117+0530: 5.390: Total time for which application threads were stopped: 0.0000440 seconds
2015-01-26T12:43:05.117+0530: 5.390: Total time for which application threads were stopped: 0.0000350 seconds
2015-01-26T12:43:05.117+0530: 5.391: Total time for which application threads were stopped: 0.0000440 seconds
2015-01-26T12:43:05.117+0530: 5.391: Total time for which application threads were stopped: 0.0000360 seconds
2015-01-26T12:43:05.117+0530: 5.391: Total time for which application threads were stopped: 0.0000370 seconds
2015-01-26T12:43:05.117+0530: 5.391: Total time for which application threads were stopped: 0.0000450 seconds
2015-01-26T12:43:05.118+0530: 5.391: Total time for which application threads were stopped: 0.0000480 seconds
2015-01-26T12:43:05.118+0530: 5.391: Total time for which application threads were stopped: 0.0000330 seconds
2015-01-26T12:43:05.118+0530: 5.391: Total time for which application threads were stopped: 0.0000430 seconds
2015-01-26T12:43:05.118+0530: 5.391: Total time for which application threads were stopped: 0.0000460 seconds
2015-01-26T12:43:05.118+0530: 5.391: Total time for which application threads were stopped: 0.0000340 seconds
2015-01-26T12:43:05.118+0530: 5.391: Total time for which application threads were stopped: 0.0000450 seconds
2015-01-26T12:43:05.118+0530: 5.391: Total time for which application threads were stopped: 0.0000430 seconds
2015-01-26T12:43:05.118+0530: 5.391: Total time for which application threads were stopped: 0.0000350 seconds
2015-01-26T12:43:05.118+0530: 5.391: Total time for which application threads were stopped: 0.0001080 seconds
2015-01-26T12:43:05.118+0530: 5.392: Total time for which application threads were stopped: 0.0000450 seconds
2015-01-26T12:43:05.118+0530: 5.392: Total time for which application threads were stopped: 0.0000330 seconds
2015-01-26T12:43:05.118+0530: 5.392: Total time for which application threads were stopped: 0.0000320 seconds
2015-01-26T12:43:05.119+0530: 5.392: Total time for which application threads were stopped: 0.0000370 seconds
2015-01-26T12:43:05.120+0530: 5.394: Total time for which application threads were stopped: 0.0000620 seconds
2015-01-26T12:43:05.122+0530: 5.395: Total time for which application threads were stopped: 0.0000660 seconds
2015-01-26T12:43:05.169+0530: 5.442: Total time for which application threads were stopped: 0.0000870 seconds
2015-01-26T12:43:05.169+0530: 5.443: Total time for which application threads were stopped: 0.0000410 seconds
2015-01-26T12:43:05.169+0530: 5.443: Total time for which application threads were stopped: 0.0000340 seconds
2015-01-26T12:43:05.171+0530: 5.444: Total time for which application threads were stopped: 0.0000470 seconds
2015-01-26T12:43:05.171+0530: 5.445: Total time for which application threads were stopped: 0.0000490 seconds
2015-01-26T12:43:05.171+0530: 5.445: Total time for which application threads were stopped: 0.0000220 seconds
2015-01-26T12:43:05.174+0530: 5.447: Total time for which application threads were stopped: 0.0000540 seconds
2015-01-26T12:43:05.174+0530: 5.448: Total time for which application threads were stopped: 0.0000220 seconds
2015-01-26T12:43:05.174+0530: 5.448: Total time for which application threads were stopped: 0.0000380 seconds
2015-01-26T12:43:05.351+0530: 5.624: Total time for which application threads were stopped: 0.0000880 seconds
2015-01-26T12:43:05.351+0530: 5.624: Total time for which application threads were stopped: 0.0000380 seconds
2015-01-26T12:43:05.351+0530: 5.624: Total time for which application threads were stopped: 0.0000360 seconds
2015-01-26T12:43:05.351+0530: 5.624: Total time for which application threads were stopped: 0.0000350 seconds
2015-01-26T12:43:05.351+0530: 5.624: Total time for which application threads were stopped: 0.0000350 seconds
2015-01-26T12:43:05.351+0530: 5.624: Total time for which application threads were stopped: 0.0000330 seconds
2015-01-26T12:43:05.351+0530: 5.624: Total time for which application threads were stopped: 0.0000330 seconds
2015-01-26T12:43:05.351+0530: 5.624: Total time for which application threads were stopped: 0.0000350 seconds
2015-01-26T12:43:05.351+0530: 5.625: Total time for which application threads were stopped: 0.0000350 seconds
2015-01-26T12:43:05.351+0530: 5.625: Total time for which application threads were stopped: 0.0000330 seconds
2015-01-26T12:43:05.351+0530: 5.625: Total time for which application threads were stopped: 0.0000320 seconds
2015-01-26T12:43:05.351+0530: 5.625: Total time for which application threads were stopped: 0.0000350 seconds
2015-01-26T12:43:05.352+0530: 5.625: Total time for which application threads were stopped: 0.0000360 seconds
2015-01-26T12:43:05.352+0530: 5.625: Total time for which application threads were stopped: 0.0000340 seconds
2015-01-26T12:43:05.352+0530: 5.625: Total time for which application threads were stopped: 0.0000330 seconds
2015-01-26T12:43:06.384+0530: 6.657: Total time for which application threads were stopped: 0.0003010 seconds
2015-01-26T12:43:06.459+0530: 6.732: Total time for which application threads were stopped: 0.0003230 seconds
2015-01-26T12:43:06.459+0530: 6.732: Total time for which application threads were stopped: 0.0001460 seconds
2015-01-26T12:43:06.459+0530: 6.733: Total time for which application threads were stopped: 0.0001370 seconds
2015-01-26T12:43:06.460+0530: 6.733: Total time for which application threads were stopped: 0.0001410 seconds
2015-01-26T12:43:06.463+0530: 6.736: Total time for which application threads were stopped: 0.0001920 seconds
2015-01-26T12:43:06.622+0530: 6.895: Total time for which application threads were stopped: 0.0002070 seconds
2015-01-26T12:43:08.622+0530: 8.896: Total time for which application threads were stopped: 0.0003360 seconds
{Heap before GC invocations=0 (full 0):
 par new generation   total 109248K, used 87424K [0x00000000dae00000, 0x00000000e2e00000, 0x00000000e2e00000)
  eden space 87424K, 100% used [0x00000000dae00000, 0x00000000e0360000, 0x00000000e0360000)
  from space 21824K,   0% used [0x00000000e0360000, 0x00000000e0360000, 0x00000000e18b0000)
  to   space 21824K,   0% used [0x00000000e18b0000, 0x00000000e18b0000, 0x00000000e2e00000)
 concurrent mark-sweep generation total 393216K, used 0K [0x00000000e2e00000, 0x00000000fae00000, 0x00000000fae00000)
 concurrent-mark-sweep perm gen total 21248K, used 18779K [0x00000000fae00000, 0x00000000fc2c0000, 0x0000000100000000)
2015-01-26T12:43:09.271+0530: 9.544: [GC2015-01-26T12:43:09.271+0530: 9.544: [ParNew
Desired survivor size 20112992 bytes, new threshold 8 (max 8)
- age   1:   11729360 bytes,   11729360 total
: 87424K->11573K(109248K), 0.0175280 secs] 87424K->11573K(502464K), 0.0176400 secs] [Times: user=0.06 sys=0.00, real=0.01 secs] 
Heap after GC invocations=1 (full 0):
 par new generation   total 109248K, used 11573K [0x00000000dae00000, 0x00000000e2e00000, 0x00000000e2e00000)
  eden space 87424K,   0% used [0x00000000dae00000, 0x00000000dae00000, 0x00000000e0360000)
  from space 21824K,  53% used [0x00000000e18b0000, 0x00000000e23fd560, 0x00000000e2e00000)
  to   space 21824K,   0% used [0x00000000e0360000, 0x00000000e0360000, 0x00000000e18b0000)
 concurrent mark-sweep generation total 393216K, used 0K [0x00000000e2e00000, 0x00000000fae00000, 0x00000000fae00000)
 concurrent-mark-sweep perm gen total 21248K, used 18779K [0x00000000fae00000, 0x00000000fc2c0000, 0x0000000100000000)
}
2015-01-26T12:43:09.289+0530: 9.562: Total time for which application threads were stopped: 0.0178880 seconds
2015-01-26T12:43:09.290+0530: 9.564: Total time for which application threads were stopped: 0.0001230 seconds
2015-01-26T12:43:09.290+0530: 9.564: Total time for which application threads were stopped: 0.0000460 seconds
2015-01-26T12:43:09.291+0530: 9.564: Total time for which application threads were stopped: 0.0000430 seconds
2015-01-26T12:43:09.291+0530: 9.564: Total time for which application threads were stopped: 0.0000340 seconds
2015-01-26T12:43:09.291+0530: 9.564: Total time for which application threads were stopped: 0.0000420 seconds
2015-01-26T12:43:09.291+0530: 9.564: Total time for which application threads were stopped: 0.0000410 seconds
2015-01-26T12:43:09.291+0530: 9.564: Total time for which application threads were stopped: 0.0000320 seconds
2015-01-26T12:43:09.291+0530: 9.564: Total time for which application threads were stopped: 0.0000390 seconds
2015-01-26T12:43:09.291+0530: 9.564: Total time for which application threads were stopped: 0.0000700 seconds
2015-01-26T12:43:09.291+0530: 9.564: Total time for which application threads were stopped: 0.0000310 seconds
2015-01-26T12:43:09.291+0530: 9.564: Total time for which application threads were stopped: 0.0000300 seconds
2015-01-26T12:43:09.291+0530: 9.564: Total time for which application threads were stopped: 0.0000210 seconds
2015-01-26T12:43:09.291+0530: 9.564: Total time for which application threads were stopped: 0.0000290 seconds
2015-01-26T12:43:09.291+0530: 9.565: Total time for which application threads were stopped: 0.0000350 seconds
2015-01-26T12:43:09.291+0530: 9.565: Total time for which application threads were stopped: 0.0000330 seconds
2015-01-26T12:43:09.291+0530: 9.565: Total time for which application threads were stopped: 0.0000340 seconds
2015-01-26T12:43:09.292+0530: 9.565: Total time for which application threads were stopped: 0.0000340 seconds
2015-01-26T12:43:09.292+0530: 9.565: Total time for which application threads were stopped: 0.0000240 seconds
2015-01-26T12:43:09.292+0530: 9.565: Total time for which application threads were stopped: 0.0000320 seconds
2015-01-26T12:43:09.292+0530: 9.565: Total time for which application threads were stopped: 0.0001210 seconds
2015-01-26T12:43:09.292+0530: 9.565: Total time for which application threads were stopped: 0.0000340 seconds
2015-01-26T12:43:09.292+0530: 9.565: Total time for which application threads were stopped: 0.0000230 seconds
2015-01-26T12:43:09.292+0530: 9.565: Total time for which application threads were stopped: 0.0000330 seconds
2015-01-26T12:43:09.292+0530: 9.565: Total time for which application threads were stopped: 0.0000230 seconds
2015-01-26T12:43:09.292+0530: 9.565: Total time for which application threads were stopped: 0.0000340 seconds
2015-01-26T12:43:09.292+0530: 9.565: Total time for which application threads were stopped: 0.0000230 seconds
2015-01-26T12:43:09.292+0530: 9.565: Total time for which application threads were stopped: 0.0000330 seconds
2015-01-26T12:43:09.292+0530: 9.565: Total time for which application threads were stopped: 0.0000340 seconds
2015-01-26T12:43:09.292+0530: 9.566: Total time for which application threads were stopped: 0.0000330 seconds
2015-01-26T12:43:09.292+0530: 9.566: Total time for which application threads were stopped: 0.0000330 seconds
2015-01-26T12:43:09.292+0530: 9.566: Total time for which application threads were stopped: 0.0000510 seconds
2015-01-26T12:43:09.292+0530: 9.566: Total time for which application threads were stopped: 0.0000350 seconds
2015-01-26T12:43:09.292+0530: 9.566: Total time for which application threads were stopped: 0.0000240 seconds
2015-01-26T12:43:09.293+0530: 9.566: Total time for which application threads were stopped: 0.0000320 seconds
2015-01-26T12:43:09.293+0530: 9.566: Total time for which application threads were stopped: 0.0000220 seconds
2015-01-26T12:43:09.293+0530: 9.566: Total time for which application threads were stopped: 0.0000330 seconds
2015-01-26T12:43:09.293+0530: 9.566: Total time for which application threads were stopped: 0.0000340 seconds
2015-01-26T12:43:09.293+0530: 9.566: Total time for which application threads were stopped: 0.0000240 seconds
2015-01-26T12:43:09.293+0530: 9.566: Total time for which application threads were stopped: 0.0000330 seconds
2015-01-26T12:43:09.293+0530: 9.566: Total time for which application threads were stopped: 0.0000860 seconds
2015-01-26T12:43:09.293+0530: 9.567: Total time for which application threads were stopped: 0.0000490 seconds
2015-01-26T12:43:09.293+0530: 9.567: Total time for which application threads were stopped: 0.0000380 seconds
2015-01-26T12:43:09.294+0530: 9.567: Total time for which application threads were stopped: 0.0000470 seconds
2015-01-26T12:43:09.295+0530: 9.568: Total time for which application threads were stopped: 0.0000420 seconds
2015-01-26T12:43:09.295+0530: 9.568: Total time for which application threads were stopped: 0.0000380 seconds
2015-01-26T12:43:09.295+0530: 9.568: Total time for which application threads were stopped: 0.0000370 seconds
2015-01-26T12:43:09.295+0530: 9.568: Total time for which application threads were stopped: 0.0000480 seconds
2015-01-26T12:43:09.295+0530: 9.568: Total time for which application threads were stopped: 0.0000470 seconds
2015-01-26T12:43:09.295+0530: 9.569: Total time for which application threads were stopped: 0.0000470 seconds
2015-01-26T12:43:09.295+0530: 9.569: Total time for which application threads were stopped: 0.0000380 seconds
2015-01-26T12:43:09.298+0530: 9.571: Total time for which application threads were stopped: 0.0000420 seconds
2015-01-26T12:43:09.298+0530: 9.571: Total time for which application threads were stopped: 0.0000380 seconds
2015-01-26T12:43:09.298+0530: 9.571: Total time for which application threads were stopped: 0.0000550 seconds
2015-01-26T12:43:09.298+0530: 9.571: Total time for which application threads were stopped: 0.0000350 seconds
2015-01-26T12:43:09.298+0530: 9.571: Total time for which application threads were stopped: 0.0000840 seconds
2015-01-26T12:43:09.298+0530: 9.572: Total time for which application threads were stopped: 0.0000600 seconds
2015-01-26T12:43:09.298+0530: 9.572: Total time for which application threads were stopped: 0.0000600 seconds
2015-01-26T12:43:09.298+0530: 9.572: Total time for which application threads were stopped: 0.0000590 seconds
2015-01-26T12:43:09.299+0530: 9.572: Total time for which application threads were stopped: 0.0000600 seconds
2015-01-26T12:43:09.299+0530: 9.572: Total time for which application threads were stopped: 0.0000600 seconds
2015-01-26T12:43:09.299+0530: 9.572: Total time for which application threads were stopped: 0.0000600 seconds
2015-01-26T12:43:09.299+0530: 9.572: Total time for which application threads were stopped: 0.0000600 seconds
2015-01-26T12:43:09.299+0530: 9.572: Total time for which application threads were stopped: 0.0000590 seconds
2015-01-26T12:43:09.299+0530: 9.572: Total time for which application threads were stopped: 0.0000600 seconds
2015-01-26T12:43:09.299+0530: 9.572: Total time for which application threads were stopped: 0.0000600 seconds
2015-01-26T12:43:09.299+0530: 9.573: Total time for which application threads were stopped: 0.0000590 seconds
2015-01-26T12:43:09.299+0530: 9.573: Total time for which application threads were stopped: 0.0000600 seconds
2015-01-26T12:43:09.299+0530: 9.573: Total time for which application threads were stopped: 0.0000610 seconds
2015-01-26T12:43:09.300+0530: 9.573: Total time for which application threads were stopped: 0.0000610 seconds
2015-01-26T12:43:09.300+0530: 9.573: Total time for which application threads were stopped: 0.0000600 seconds
2015-01-26T12:43:09.300+0530: 9.573: Total time for which application threads were stopped: 0.0000600 seconds
2015-01-26T12:43:09.300+0530: 9.573: Total time for which application threads were stopped: 0.0001330 seconds
2015-01-26T12:43:09.300+0530: 9.573: Total time for which application threads were stopped: 0.0000610 seconds
2015-01-26T12:43:11.300+0530: 11.574: Total time for which application threads were stopped: 0.0002350 seconds
2015-01-26T12:43:13.184+0530: 13.458: Total time for which application threads were stopped: 0.0002530 seconds
2015-01-26T12:43:13.185+0530: 13.458: Total time for which application threads were stopped: 0.0003540 seconds
2015-01-26T12:43:13.220+0530: 13.494: Total time for which application threads were stopped: 0.0000810 seconds
2015-01-26T12:43:13.220+0530: 13.494: Total time for which application threads were stopped: 0.0000400 seconds
2015-01-26T12:43:13.222+0530: 13.495: Total time for which application threads were stopped: 0.0001250 seconds
2015-01-26T12:43:13.222+0530: 13.495: Total time for which application threads were stopped: 0.0000660 seconds
2015-01-26T12:43:13.222+0530: 13.495: Total time for which application threads were stopped: 0.0000950 seconds
2015-01-26T12:43:13.222+0530: 13.496: Total time for which application threads were stopped: 0.0000680 seconds
2015-01-26T12:43:13.223+0530: 13.496: Total time for which application threads were stopped: 0.0000810 seconds
2015-01-26T12:43:13.223+0530: 13.497: Total time for which application threads were stopped: 0.0001150 seconds
2015-01-26T12:43:13.224+0530: 13.497: Total time for which application threads were stopped: 0.0001320 seconds
2015-01-26T12:43:13.224+0530: 13.497: Total time for which application threads were stopped: 0.0001760 seconds
2015-01-26T12:43:13.225+0530: 13.498: Total time for which application threads were stopped: 0.0001040 seconds
2015-01-26T12:43:13.225+0530: 13.498: Total time for which application threads were stopped: 0.0001330 seconds
2015-01-26T12:43:13.230+0530: 13.503: Total time for which application threads were stopped: 0.0001330 seconds
2015-01-26T12:43:13.230+0530: 13.503: Total time for which application threads were stopped: 0.0002490 seconds
2015-01-26T12:43:13.230+0530: 13.504: Total time for which application threads were stopped: 0.0001150 seconds
2015-01-26T12:43:13.231+0530: 13.504: Total time for which application threads were stopped: 0.0001020 seconds
2015-01-26T12:43:13.361+0530: 13.634: Total time for which application threads were stopped: 0.0002620 seconds
2015-01-26T12:43:13.399+0530: 13.672: Total time for which application threads were stopped: 0.0007350 seconds
2015-01-26T12:43:13.401+0530: 13.674: Total time for which application threads were stopped: 0.0003010 seconds
2015-01-26T12:43:13.402+0530: 13.676: Total time for which application threads were stopped: 0.0003680 seconds
2015-01-26T12:43:13.403+0530: 13.676: Total time for which application threads were stopped: 0.0002520 seconds
2015-01-26T12:43:13.406+0530: 13.679: Total time for which application threads were stopped: 0.0001700 seconds
2015-01-26T12:43:13.406+0530: 13.679: Total time for which application threads were stopped: 0.0001720 seconds
2015-01-26T12:43:13.408+0530: 13.681: Total time for which application threads were stopped: 0.0001430 seconds
2015-01-26T12:43:13.408+0530: 13.682: Total time for which application threads were stopped: 0.0001440 seconds
2015-01-26T12:43:13.409+0530: 13.682: Total time for which application threads were stopped: 0.0002270 seconds
2015-01-26T12:43:13.411+0530: 13.684: Total time for which application threads were stopped: 0.0001310 seconds
2015-01-26T12:43:13.411+0530: 13.685: Total time for which application threads were stopped: 0.0001390 seconds
2015-01-26T12:43:13.412+0530: 13.686: Total time for which application threads were stopped: 0.0001630 seconds
2015-01-26T12:43:13.413+0530: 13.686: Total time for which application threads were stopped: 0.0001440 seconds
2015-01-26T12:43:13.413+0530: 13.686: Total time for which application threads were stopped: 0.0001720 seconds
2015-01-26T12:43:13.414+0530: 13.687: Total time for which application threads were stopped: 0.0001530 seconds
2015-01-26T12:43:13.414+0530: 13.687: Total time for which application threads were stopped: 0.0001310 seconds
2015-01-26T12:43:13.414+0530: 13.688: Total time for which application threads were stopped: 0.0001590 seconds
2015-01-26T12:43:13.415+0530: 13.688: Total time for which application threads were stopped: 0.0002380 seconds
2015-01-26T12:43:13.415+0530: 13.689: Total time for which application threads were stopped: 0.0003130 seconds
2015-01-26T12:43:13.416+0530: 13.689: Total time for which application threads were stopped: 0.0001110 seconds
2015-01-26T12:43:13.416+0530: 13.689: Total time for which application threads were stopped: 0.0001670 seconds
2015-01-26T12:43:13.418+0530: 13.691: Total time for which application threads were stopped: 0.0002100 seconds
2015-01-26T12:43:13.418+0530: 13.691: Total time for which application threads were stopped: 0.0001720 seconds
2015-01-26T12:43:13.418+0530: 13.692: Total time for which application threads were stopped: 0.0001060 seconds
2015-01-26T12:43:13.419+0530: 13.692: Total time for which application threads were stopped: 0.0001480 seconds
2015-01-26T12:43:13.419+0530: 13.692: Total time for which application threads were stopped: 0.0001460 seconds
2015-01-26T12:43:13.420+0530: 13.693: Total time for which application threads were stopped: 0.0001780 seconds
2015-01-26T12:43:13.421+0530: 13.694: Total time for which application threads were stopped: 0.0002400 seconds
2015-01-26T12:43:13.421+0530: 13.694: Total time for which application threads were stopped: 0.0002190 seconds
2015-01-26T12:43:13.422+0530: 13.696: Total time for which application threads were stopped: 0.0001570 seconds
2015-01-26T12:43:13.426+0530: 13.699: Total time for which application threads were stopped: 0.0015080 seconds
2015-01-26T12:43:13.426+0530: 13.700: Total time for which application threads were stopped: 0.0001420 seconds
2015-01-26T12:43:13.427+0530: 13.700: Total time for which application threads were stopped: 0.0004670 seconds
2015-01-26T12:43:13.428+0530: 13.701: Total time for which application threads were stopped: 0.0002240 seconds
2015-01-26T12:43:13.428+0530: 13.701: Total time for which application threads were stopped: 0.0001980 seconds
2015-01-26T12:43:13.429+0530: 13.702: Total time for which application threads were stopped: 0.0001630 seconds
2015-01-26T12:43:13.429+0530: 13.703: Total time for which application threads were stopped: 0.0001310 seconds
2015-01-26T12:43:13.430+0530: 13.703: Total time for which application threads were stopped: 0.0001930 seconds
2015-01-26T12:43:13.432+0530: 13.705: Total time for which application threads were stopped: 0.0001480 seconds
2015-01-26T12:43:13.432+0530: 13.706: Total time for which application threads were stopped: 0.0001270 seconds
2015-01-26T12:43:13.433+0530: 13.707: Total time for which application threads were stopped: 0.0002120 seconds
2015-01-26T12:43:13.434+0530: 13.708: Total time for which application threads were stopped: 0.0001680 seconds
2015-01-26T12:43:13.450+0530: 13.723: Total time for which application threads were stopped: 0.0002180 seconds
2015-01-26T12:43:13.452+0530: 13.726: Total time for which application threads were stopped: 0.0005120 seconds
2015-01-26T12:43:13.453+0530: 13.727: Total time for which application threads were stopped: 0.0001770 seconds
2015-01-26T12:43:13.458+0530: 13.731: Total time for which application threads were stopped: 0.0002750 seconds
2015-01-26T12:43:13.517+0530: 13.790: Total time for which application threads were stopped: 0.0001270 seconds
2015-01-26T12:43:13.518+0530: 13.791: Total time for which application threads were stopped: 0.0004270 seconds
2015-01-26T12:43:13.519+0530: 13.792: Total time for which application threads were stopped: 0.0001330 seconds
2015-01-26T12:43:13.522+0530: 13.795: Total time for which application threads were stopped: 0.0028480 seconds
2015-01-26T12:43:13.523+0530: 13.797: Total time for which application threads were stopped: 0.0001000 seconds
2015-01-26T12:43:13.576+0530: 13.849: Total time for which application threads were stopped: 0.0001930 seconds
2015-01-26T12:43:13.587+0530: 13.860: Total time for which application threads were stopped: 0.0018950 seconds
2015-01-26T12:43:13.605+0530: 13.878: Total time for which application threads were stopped: 0.0001340 seconds
2015-01-26T12:43:13.613+0530: 13.886: Total time for which application threads were stopped: 0.0001320 seconds
2015-01-26T12:43:13.639+0530: 13.912: Total time for which application threads were stopped: 0.0002400 seconds
2015-01-26T12:43:13.670+0530: 13.943: Total time for which application threads were stopped: 0.0001420 seconds
2015-01-26T12:43:13.720+0530: 13.993: Total time for which application threads were stopped: 0.0001700 seconds
2015-01-26T12:43:13.722+0530: 13.996: Total time for which application threads were stopped: 0.0001070 seconds
2015-01-26T12:43:13.723+0530: 13.997: Total time for which application threads were stopped: 0.0008680 seconds
2015-01-26T12:43:13.759+0530: 14.032: Total time for which application threads were stopped: 0.0002030 seconds
2015-01-26T12:43:13.849+0530: 14.123: Total time for which application threads were stopped: 0.0001330 seconds
2015-01-26T12:43:13.920+0530: 14.193: Total time for which application threads were stopped: 0.0001780 seconds
{Heap before GC invocations=1 (full 0):
 par new generation   total 109248K, used 98997K [0x00000000dae00000, 0x00000000e2e00000, 0x00000000e2e00000)
  eden space 87424K, 100% used [0x00000000dae00000, 0x00000000e0360000, 0x00000000e0360000)
  from space 21824K,  53% used [0x00000000e18b0000, 0x00000000e23fd560, 0x00000000e2e00000)
  to   space 21824K,   0% used [0x00000000e0360000, 0x00000000e0360000, 0x00000000e18b0000)
 concurrent mark-sweep generation total 393216K, used 0K [0x00000000e2e00000, 0x00000000fae00000, 0x00000000fae00000)
 concurrent-mark-sweep perm gen total 21248K, used 20101K [0x00000000fae00000, 0x00000000fc2c0000, 0x0000000100000000)
2015-01-26T12:43:13.950+0530: 14.223: [GC2015-01-26T12:43:13.950+0530: 14.223: [ParNew
Desired survivor size 20112992 bytes, new threshold 8 (max 8)
- age   1:    4321632 bytes,    4321632 total
- age   2:    4392240 bytes,    8713872 total
: 98997K->13906K(109248K), 0.0142250 secs] 98997K->13906K(502464K), 0.0143360 secs] [Times: user=0.06 sys=0.00, real=0.02 secs] 
Heap after GC invocations=2 (full 0):
 par new generation   total 109248K, used 13906K [0x00000000dae00000, 0x00000000e2e00000, 0x00000000e2e00000)
  eden space 87424K,   0% used [0x00000000dae00000, 0x00000000dae00000, 0x00000000e0360000)
  from space 21824K,  63% used [0x00000000e0360000, 0x00000000e10f48c0, 0x00000000e18b0000)
  to   space 21824K,   0% used [0x00000000e18b0000, 0x00000000e18b0000, 0x00000000e2e00000)
 concurrent mark-sweep generation total 393216K, used 0K [0x00000000e2e00000, 0x00000000fae00000, 0x00000000fae00000)
 concurrent-mark-sweep perm gen total 21248K, used 20101K [0x00000000fae00000, 0x00000000fc2c0000, 0x0000000100000000)
}
2015-01-26T12:43:13.964+0530: 14.237: Total time for which application threads were stopped: 0.0145230 seconds
2015-01-26T12:43:13.967+0530: 14.240: Total time for which application threads were stopped: 0.0001180 seconds
2015-01-26T12:43:13.968+0530: 14.241: Total time for which application threads were stopped: 0.0000940 seconds
2015-01-26T12:43:13.968+0530: 14.241: Total time for which application threads were stopped: 0.0000610 seconds
2015-01-26T12:43:14.045+0530: 14.319: Total time for which application threads were stopped: 0.0001070 seconds
2015-01-26T12:43:14.046+0530: 14.320: Total time for which application threads were stopped: 0.0001880 seconds
2015-01-26T12:43:14.047+0530: 14.320: Total time for which application threads were stopped: 0.0000970 seconds
2015-01-26T12:43:14.047+0530: 14.321: Total time for which application threads were stopped: 0.0001210 seconds
2015-01-26T12:43:14.050+0530: 14.324: Total time for which application threads were stopped: 0.0001530 seconds
2015-01-26T12:43:14.053+0530: 14.326: Total time for which application threads were stopped: 0.0001350 seconds
2015-01-26T12:43:14.054+0530: 14.327: Total time for which application threads were stopped: 0.0001040 seconds
2015-01-26T12:43:14.060+0530: 14.333: Total time for which application threads were stopped: 0.0001280 seconds
2015-01-26T12:43:14.060+0530: 14.333: Total time for which application threads were stopped: 0.0000700 seconds
2015-01-26T12:43:14.214+0530: 14.487: Total time for which application threads were stopped: 0.0002470 seconds
2015-01-26T12:43:14.215+0530: 14.488: Total time for which application threads were stopped: 0.0001450 seconds
2015-01-26T12:43:14.225+0530: 14.498: Total time for which application threads were stopped: 0.0063310 seconds
2015-01-26T12:43:14.225+0530: 14.499: Total time for which application threads were stopped: 0.0001260 seconds
2015-01-26T12:43:14.226+0530: 14.499: Total time for which application threads were stopped: 0.0001570 seconds
2015-01-26T12:43:14.237+0530: 14.510: Total time for which application threads were stopped: 0.0027650 seconds
2015-01-26T12:43:14.237+0530: 14.510: Total time for which application threads were stopped: 0.0000720 seconds
2015-01-26T12:43:14.238+0530: 14.511: Total time for which application threads were stopped: 0.0000960 seconds
2015-01-26T12:43:14.248+0530: 14.522: Total time for which application threads were stopped: 0.0001310 seconds
2015-01-26T12:43:14.250+0530: 14.523: Total time for which application threads were stopped: 0.0001830 seconds
2015-01-26T12:43:14.251+0530: 14.524: Total time for which application threads were stopped: 0.0000990 seconds
2015-01-26T12:43:14.252+0530: 14.525: Total time for which application threads were stopped: 0.0000960 seconds
2015-01-26T12:43:14.253+0530: 14.526: Total time for which application threads were stopped: 0.0001020 seconds
2015-01-26T12:43:14.263+0530: 14.536: Total time for which application threads were stopped: 0.0001350 seconds
2015-01-26T12:43:14.289+0530: 14.562: Total time for which application threads were stopped: 0.0001390 seconds
2015-01-26T12:43:14.303+0530: 14.576: Total time for which application threads were stopped: 0.0001100 seconds
{Heap before GC invocations=2 (full 0):
 par new generation   total 109248K, used 101330K [0x00000000dae00000, 0x00000000e2e00000, 0x00000000e2e00000)
  eden space 87424K, 100% used [0x00000000dae00000, 0x00000000e0360000, 0x00000000e0360000)
  from space 21824K,  63% used [0x00000000e0360000, 0x00000000e10f48c0, 0x00000000e18b0000)
  to   space 21824K,   0% used [0x00000000e18b0000, 0x00000000e18b0000, 0x00000000e2e00000)
 concurrent mark-sweep generation total 393216K, used 0K [0x00000000e2e00000, 0x00000000fae00000, 0x00000000fae00000)
 concurrent-mark-sweep perm gen total 21248K, used 20786K [0x00000000fae00000, 0x00000000fc2c0000, 0x0000000100000000)
2015-01-26T12:43:14.331+0530: 14.604: [GC2015-01-26T12:43:14.331+0530: 14.604: [ParNew
Desired survivor size 20112992 bytes, new threshold 8 (max 8)
- age   1:    3508496 bytes,    3508496 total
- age   2:    2590888 bytes,    6099384 total
- age   3:    4384920 bytes,   10484304 total
: 101330K->12563K(109248K), 0.0137500 secs] 101330K->12563K(502464K), 0.0138280 secs] [Times: user=0.05 sys=0.00, real=0.01 secs] 
Heap after GC invocations=3 (full 0):
 par new generation   total 109248K, used 12563K [0x00000000dae00000, 0x00000000e2e00000, 0x00000000e2e00000)
  eden space 87424K,   0% used [0x00000000dae00000, 0x00000000dae00000, 0x00000000e0360000)
  from space 21824K,  57% used [0x00000000e18b0000, 0x00000000e24f4d20, 0x00000000e2e00000)
  to   space 21824K,   0% used [0x00000000e0360000, 0x00000000e0360000, 0x00000000e18b0000)
 concurrent mark-sweep generation total 393216K, used 0K [0x00000000e2e00000, 0x00000000fae00000, 0x00000000fae00000)
 concurrent-mark-sweep perm gen total 21248K, used 20786K [0x00000000fae00000, 0x00000000fc2c0000, 0x0000000100000000)
}
2015-01-26T12:43:14.345+0530: 14.618: Total time for which application threads were stopped: 0.0141160 seconds
2015-01-26T12:43:14.346+0530: 14.619: Total time for which application threads were stopped: 0.0001030 seconds
2015-01-26T12:43:14.346+0530: 14.619: Total time for which application threads were stopped: 0.0000480 seconds
2015-01-26T12:43:14.346+0530: 14.619: Total time for which application threads were stopped: 0.0000500 seconds
2015-01-26T12:43:14.384+0530: 14.657: Total time for which application threads were stopped: 0.0001240 seconds
2015-01-26T12:43:14.391+0530: 14.664: Total time for which application threads were stopped: 0.0011730 seconds
2015-01-26T12:43:14.393+0530: 14.666: Total time for which application threads were stopped: 0.0000960 seconds
2015-01-26T12:43:14.397+0530: 14.670: Total time for which application threads were stopped: 0.0001190 seconds
2015-01-26T12:43:14.400+0530: 14.674: Total time for which application threads were stopped: 0.0020940 seconds
2015-01-26T12:43:14.405+0530: 14.678: Total time for which application threads were stopped: 0.0001370 seconds
2015-01-26T12:43:14.408+0530: 14.682: Total time for which application threads were stopped: 0.0001260 seconds
2015-01-26T12:43:14.412+0530: 14.686: Total time for which application threads were stopped: 0.0001210 seconds
2015-01-26T12:43:14.417+0530: 14.691: Total time for which application threads were stopped: 0.0001050 seconds
2015-01-26T12:43:14.425+0530: 14.698: Total time for which application threads were stopped: 0.0051070 seconds
2015-01-26T12:43:14.427+0530: 14.700: Total time for which application threads were stopped: 0.0001020 seconds
2015-01-26T12:43:14.434+0530: 14.708: Total time for which application threads were stopped: 0.0029750 seconds
2015-01-26T12:43:14.440+0530: 14.714: Total time for which application threads were stopped: 0.0010020 seconds
2015-01-26T12:43:14.443+0530: 14.716: Total time for which application threads were stopped: 0.0001340 seconds
2015-01-26T12:43:14.445+0530: 14.719: Total time for which application threads were stopped: 0.0001420 seconds
2015-01-26T12:43:14.450+0530: 14.724: Total time for which application threads were stopped: 0.0040490 seconds
2015-01-26T12:43:14.457+0530: 14.730: Total time for which application threads were stopped: 0.0002610 seconds
2015-01-26T12:43:14.459+0530: 14.732: Total time for which application threads were stopped: 0.0001440 seconds
2015-01-26T12:43:14.462+0530: 14.735: Total time for which application threads were stopped: 0.0001530 seconds
2015-01-26T12:43:14.464+0530: 14.738: Total time for which application threads were stopped: 0.0001280 seconds
2015-01-26T12:43:14.465+0530: 14.738: Total time for which application threads were stopped: 0.0000970 seconds
2015-01-26T12:43:14.465+0530: 14.739: Total time for which application threads were stopped: 0.0001050 seconds
2015-01-26T12:43:14.469+0530: 14.742: Total time for which application threads were stopped: 0.0001170 seconds
2015-01-26T12:43:14.474+0530: 14.747: Total time for which application threads were stopped: 0.0000980 seconds
2015-01-26T12:43:14.480+0530: 14.753: Total time for which application threads were stopped: 0.0001130 seconds
2015-01-26T12:43:14.499+0530: 14.773: Total time for which application threads were stopped: 0.0010010 seconds
2015-01-26T12:43:14.514+0530: 14.788: Total time for which application threads were stopped: 0.0020180 seconds
{Heap before GC invocations=3 (full 0):
 par new generation   total 109248K, used 99987K [0x00000000dae00000, 0x00000000e2e00000, 0x00000000e2e00000)
  eden space 87424K, 100% used [0x00000000dae00000, 0x00000000e0360000, 0x00000000e0360000)
  from space 21824K,  57% used [0x00000000e18b0000, 0x00000000e24f4d20, 0x00000000e2e00000)
  to   space 21824K,   0% used [0x00000000e0360000, 0x00000000e0360000, 0x00000000e18b0000)
 concurrent mark-sweep generation total 393216K, used 0K [0x00000000e2e00000, 0x00000000fae00000, 0x00000000fae00000)
 concurrent-mark-sweep perm gen total 21248K, used 21128K [0x00000000fae00000, 0x00000000fc2c0000, 0x0000000100000000)
2015-01-26T12:43:14.555+0530: 14.828: [GC2015-01-26T12:43:14.555+0530: 14.828: [ParNew
Desired survivor size 20112992 bytes, new threshold 8 (max 8)
- age   1:     770360 bytes,     770360 total
- age   2:    2715280 bytes,    3485640 total
- age   3:    2559856 bytes,    6045496 total
- age   4:    4382976 bytes,   10428472 total
: 99987K->15129K(109248K), 0.0226610 secs] 99987K->15129K(502464K), 0.0227550 secs] [Times: user=0.07 sys=0.01, real=0.02 secs] 
Heap after GC invocations=4 (full 0):
 par new generation   total 109248K, used 15129K [0x00000000dae00000, 0x00000000e2e00000, 0x00000000e2e00000)
  eden space 87424K,   0% used [0x00000000dae00000, 0x00000000dae00000, 0x00000000e0360000)
  from space 21824K,  69% used [0x00000000e0360000, 0x00000000e1226568, 0x00000000e18b0000)
  to   space 21824K,   0% used [0x00000000e18b0000, 0x00000000e18b0000, 0x00000000e2e00000)
 concurrent mark-sweep generation total 393216K, used 0K [0x00000000e2e00000, 0x00000000fae00000, 0x00000000fae00000)
 concurrent-mark-sweep perm gen total 21248K, used 21128K [0x00000000fae00000, 0x00000000fc2c0000, 0x0000000100000000)
}
2015-01-26T12:43:14.577+0530: 14.851: Total time for which application threads were stopped: 0.0230150 seconds
2015-01-26T12:43:14.582+0530: 14.855: Total time for which application threads were stopped: 0.0001220 seconds
2015-01-26T12:43:14.633+0530: 14.907: Total time for which application threads were stopped: 0.0001780 seconds
2015-01-26T12:43:14.633+0530: 14.907: Total time for which application threads were stopped: 0.0000810 seconds
2015-01-26T12:43:14.634+0530: 14.907: Total time for which application threads were stopped: 0.0000810 seconds
2015-01-26T12:43:14.678+0530: 14.952: Total time for which application threads were stopped: 0.0032250 seconds
2015-01-26T12:43:14.694+0530: 14.967: Total time for which application threads were stopped: 0.0001090 seconds
2015-01-26T12:43:14.694+0530: 14.967: Total time for which application threads were stopped: 0.0000610 seconds
2015-01-26T12:43:14.695+0530: 14.968: Total time for which application threads were stopped: 0.0000720 seconds
2015-01-26T12:43:14.696+0530: 14.970: Total time for which application threads were stopped: 0.0001140 seconds
2015-01-26T12:43:14.697+0530: 14.970: Total time for which application threads were stopped: 0.0000480 seconds
2015-01-26T12:43:14.697+0530: 14.971: Total time for which application threads were stopped: 0.0000720 seconds
2015-01-26T12:43:14.701+0530: 14.974: Total time for which application threads were stopped: 0.0011780 seconds
2015-01-26T12:43:14.701+0530: 14.975: Total time for which application threads were stopped: 0.0003270 seconds
2015-01-26T12:43:14.702+0530: 14.975: Total time for which application threads were stopped: 0.0000630 seconds
2015-01-26T12:43:14.708+0530: 14.981: Total time for which application threads were stopped: 0.0001480 seconds
2015-01-26T12:43:14.708+0530: 14.981: Total time for which application threads were stopped: 0.0000490 seconds
{Heap before GC invocations=4 (full 0):
 par new generation   total 109248K, used 102553K [0x00000000dae00000, 0x00000000e2e00000, 0x00000000e2e00000)
  eden space 87424K, 100% used [0x00000000dae00000, 0x00000000e0360000, 0x00000000e0360000)
  from space 21824K,  69% used [0x00000000e0360000, 0x00000000e1226568, 0x00000000e18b0000)
  to   space 21824K,   0% used [0x00000000e18b0000, 0x00000000e18b0000, 0x00000000e2e00000)
 concurrent mark-sweep generation total 393216K, used 0K [0x00000000e2e00000, 0x00000000fae00000, 0x00000000fae00000)
 concurrent-mark-sweep perm gen total 21440K, used 21397K [0x00000000fae00000, 0x00000000fc2f0000, 0x0000000100000000)
2015-01-26T12:43:14.711+0530: 14.984: [GC2015-01-26T12:43:14.711+0530: 14.984: [ParNew
Desired survivor size 20112992 bytes, new threshold 8 (max 8)
- age   1:     429264 bytes,     429264 total
- age   2:     154280 bytes,     583544 total
- age   3:    2714816 bytes,    3298360 total
- age   4:    2559560 bytes,    5857920 total
- age   5:    4381808 bytes,   10239728 total
: 102553K->11960K(109248K), 0.0278500 secs] 102553K->11960K(502464K), 0.0279500 secs] [Times: user=0.07 sys=0.00, real=0.03 secs] 
Heap after GC invocations=5 (full 0):
 par new generation   total 109248K, used 11960K [0x00000000dae00000, 0x00000000e2e00000, 0x00000000e2e00000)
  eden space 87424K,   0% used [0x00000000dae00000, 0x00000000dae00000, 0x00000000e0360000)
  from space 21824K,  54% used [0x00000000e18b0000, 0x00000000e245e2c0, 0x00000000e2e00000)
  to   space 21824K,   0% used [0x00000000e0360000, 0x00000000e0360000, 0x00000000e18b0000)
 concurrent mark-sweep generation total 393216K, used 0K [0x00000000e2e00000, 0x00000000fae00000, 0x00000000fae00000)
 concurrent-mark-sweep perm gen total 21440K, used 21397K [0x00000000fae00000, 0x00000000fc2f0000, 0x0000000100000000)
}
2015-01-26T12:43:14.739+0530: 15.012: Total time for which application threads were stopped: 0.0281920 seconds
2015-01-26T12:43:14.760+0530: 15.033: Total time for which application threads were stopped: 0.0002030 seconds
2015-01-26T12:43:14.762+0530: 15.036: Total time for which application threads were stopped: 0.0001810 seconds
2015-01-26T12:43:14.781+0530: 15.054: Total time for which application threads were stopped: 0.0002020 seconds
{Heap before GC invocations=5 (full 0):
 par new generation   total 109248K, used 99384K [0x00000000dae00000, 0x00000000e2e00000, 0x00000000e2e00000)
  eden space 87424K, 100% used [0x00000000dae00000, 0x00000000e0360000, 0x00000000e0360000)
  from space 21824K,  54% used [0x00000000e18b0000, 0x00000000e245e2c0, 0x00000000e2e00000)
  to   space 21824K,   0% used [0x00000000e0360000, 0x00000000e0360000, 0x00000000e18b0000)
 concurrent mark-sweep generation total 393216K, used 0K [0x00000000e2e00000, 0x00000000fae00000, 0x00000000fae00000)
 concurrent-mark-sweep perm gen total 21824K, used 21723K [0x00000000fae00000, 0x00000000fc350000, 0x0000000100000000)
2015-01-26T12:43:14.865+0530: 15.139: [GC2015-01-26T12:43:14.865+0530: 15.139: [ParNew
Desired survivor size 20112992 bytes, new threshold 8 (max 8)
- age   1:     737696 bytes,     737696 total
- age   2:     113280 bytes,     850976 total
- age   3:     154184 bytes,    1005160 total
- age   4:    2714720 bytes,    3719880 total
- age   5:    2559296 bytes,    6279176 total
- age   6:    4381896 bytes,   10661072 total
: 99384K->15741K(109248K), 0.0142330 secs] 99384K->15741K(502464K), 0.0143210 secs] [Times: user=0.04 sys=0.00, real=0.02 secs] 
Heap after GC invocations=6 (full 0):
 par new generation   total 109248K, used 15741K [0x00000000dae00000, 0x00000000e2e00000, 0x00000000e2e00000)
  eden space 87424K,   0% used [0x00000000dae00000, 0x00000000dae00000, 0x00000000e0360000)
  from space 21824K,  72% used [0x00000000e0360000, 0x00000000e12bf458, 0x00000000e18b0000)
  to   space 21824K,   0% used [0x00000000e18b0000, 0x00000000e18b0000, 0x00000000e2e00000)
 concurrent mark-sweep generation total 393216K, used 0K [0x00000000e2e00000, 0x00000000fae00000, 0x00000000fae00000)
 concurrent-mark-sweep perm gen total 21824K, used 21723K [0x00000000fae00000, 0x00000000fc350000, 0x0000000100000000)
}
2015-01-26T12:43:14.880+0530: 15.153: Total time for which application threads were stopped: 0.0145610 seconds
2015-01-26T12:43:14.896+0530: 15.170: Total time for which application threads were stopped: 0.0001220 seconds
{Heap before GC invocations=6 (full 0):
 par new generation   total 109248K, used 103165K [0x00000000dae00000, 0x00000000e2e00000, 0x00000000e2e00000)
  eden space 87424K, 100% used [0x00000000dae00000, 0x00000000e0360000, 0x00000000e0360000)
  from space 21824K,  72% used [0x00000000e0360000, 0x00000000e12bf458, 0x00000000e18b0000)
  to   space 21824K,   0% used [0x00000000e18b0000, 0x00000000e18b0000, 0x00000000e2e00000)
 concurrent mark-sweep generation total 393216K, used 0K [0x00000000e2e00000, 0x00000000fae00000, 0x00000000fae00000)
 concurrent-mark-sweep perm gen total 21824K, used 21765K [0x00000000fae00000, 0x00000000fc350000, 0x0000000100000000)
2015-01-26T12:43:14.982+0530: 15.256: [GC2015-01-26T12:43:14.982+0530: 15.256: [ParNew
Desired survivor size 20112992 bytes, new threshold 8 (max 8)
- age   1:     424888 bytes,     424888 total
- age   2:      96120 bytes,     521008 total
- age   3:     110456 bytes,     631464 total
- age   4:     154040 bytes,     785504 total
- age   5:    2714784 bytes,    3500288 total
- age   6:    2559296 bytes,    6059584 total
- age   7:    4381808 bytes,   10441392 total
: 103165K->12128K(109248K), 0.0180920 secs] 103165K->12128K(502464K), 0.0181790 secs] [Times: user=0.05 sys=0.00, real=0.02 secs] 
Heap after GC invocations=7 (full 0):
 par new generation   total 109248K, used 12128K [0x00000000dae00000, 0x00000000e2e00000, 0x00000000e2e00000)
  eden space 87424K,   0% used [0x00000000dae00000, 0x00000000dae00000, 0x00000000e0360000)
  from space 21824K,  55% used [0x00000000e18b0000, 0x00000000e2488300, 0x00000000e2e00000)
  to   space 21824K,   0% used [0x00000000e0360000, 0x00000000e0360000, 0x00000000e18b0000)
 concurrent mark-sweep generation total 393216K, used 0K [0x00000000e2e00000, 0x00000000fae00000, 0x00000000fae00000)
 concurrent-mark-sweep perm gen total 21824K, used 21765K [0x00000000fae00000, 0x00000000fc350000, 0x0000000100000000)
}
2015-01-26T12:43:15.001+0530: 15.274: Total time for which application threads were stopped: 0.0218250 seconds
2015-01-26T12:43:15.005+0530: 15.278: Total time for which application threads were stopped: 0.0001920 seconds
2015-01-26T12:43:15.006+0530: 15.279: Total time for which application threads were stopped: 0.0000690 seconds
2015-01-26T12:43:15.042+0530: 15.315: Total time for which application threads were stopped: 0.0000970 seconds
2015-01-26T12:43:15.042+0530: 15.315: Total time for which application threads were stopped: 0.0000400 seconds
2015-01-26T12:43:15.042+0530: 15.315: Total time for which application threads were stopped: 0.0000430 seconds
2015-01-26T12:43:15.043+0530: 15.316: Total time for which application threads were stopped: 0.0000840 seconds
{Heap before GC invocations=7 (full 0):
 par new generation   total 109248K, used 99552K [0x00000000dae00000, 0x00000000e2e00000, 0x00000000e2e00000)
  eden space 87424K, 100% used [0x00000000dae00000, 0x00000000e0360000, 0x00000000e0360000)
  from space 21824K,  55% used [0x00000000e18b0000, 0x00000000e2488300, 0x00000000e2e00000)
  to   space 21824K,   0% used [0x00000000e0360000, 0x00000000e0360000, 0x00000000e18b0000)
 concurrent mark-sweep generation total 393216K, used 0K [0x00000000e2e00000, 0x00000000fae00000, 0x00000000fae00000)
 concurrent-mark-sweep perm gen total 22400K, used 22364K [0x00000000fae00000, 0x00000000fc3e0000, 0x0000000100000000)
2015-01-26T12:43:15.134+0530: 15.408: [GC2015-01-26T12:43:15.135+0530: 15.408: [ParNew
Desired survivor size 20112992 bytes, new threshold 8 (max 8)
- age   1:    1373408 bytes,    1373408 total
- age   2:      87712 bytes,    1461120 total
- age   3:      95856 bytes,    1556976 total
- age   4:     110152 bytes,    1667128 total
- age   5:     153960 bytes,    1821088 total
- age   6:    2714800 bytes,    4535888 total
- age   7:    2559296 bytes,    7095184 total
- age   8:    4381752 bytes,   11476936 total
: 99552K->17720K(109248K), 0.0148560 secs] 99552K->17720K(502464K), 0.0149440 secs] [Times: user=0.05 sys=0.00, real=0.01 secs] 
Heap after GC invocations=8 (full 0):
 par new generation   total 109248K, used 17720K [0x00000000dae00000, 0x00000000e2e00000, 0x00000000e2e00000)
  eden space 87424K,   0% used [0x00000000dae00000, 0x00000000dae00000, 0x00000000e0360000)
  from space 21824K,  81% used [0x00000000e0360000, 0x00000000e14ae2c0, 0x00000000e18b0000)
  to   space 21824K,   0% used [0x00000000e18b0000, 0x00000000e18b0000, 0x00000000e2e00000)
 concurrent mark-sweep generation total 393216K, used 0K [0x00000000e2e00000, 0x00000000fae00000, 0x00000000fae00000)
 concurrent-mark-sweep perm gen total 22400K, used 22364K [0x00000000fae00000, 0x00000000fc3e0000, 0x0000000100000000)
}
2015-01-26T12:43:15.149+0530: 15.423: Total time for which application threads were stopped: 0.0151720 seconds
2015-01-26T12:43:15.169+0530: 15.442: Total time for which application threads were stopped: 0.0001100 seconds
2015-01-26T12:43:15.175+0530: 15.448: Total time for which application threads were stopped: 0.0002610 seconds
2015-01-26T12:43:15.193+0530: 15.467: Total time for which application threads were stopped: 0.0061530 seconds
2015-01-26T12:43:15.203+0530: 15.476: Total time for which application threads were stopped: 0.0000980 seconds
2015-01-26T12:43:15.203+0530: 15.477: Total time for which application threads were stopped: 0.0000480 seconds
2015-01-26T12:43:15.212+0530: 15.485: Total time for which application threads were stopped: 0.0001050 seconds
2015-01-26T12:43:15.215+0530: 15.488: Total time for which application threads were stopped: 0.0001710 seconds
2015-01-26T12:43:15.222+0530: 15.496: Total time for which application threads were stopped: 0.0001580 seconds
2015-01-26T12:43:15.228+0530: 15.502: Total time for which application threads were stopped: 0.0011950 seconds
2015-01-26T12:43:15.230+0530: 15.504: Total time for which application threads were stopped: 0.0001310 seconds
2015-01-26T12:43:15.235+0530: 15.509: Total time for which application threads were stopped: 0.0001290 seconds
2015-01-26T12:43:15.238+0530: 15.511: Total time for which application threads were stopped: 0.0001270 seconds
2015-01-26T12:43:15.286+0530: 15.559: Total time for which application threads were stopped: 0.0004690 seconds
2015-01-26T12:43:15.332+0530: 15.605: Total time for which application threads were stopped: 0.0001630 seconds
2015-01-26T12:43:15.338+0530: 15.611: Total time for which application threads were stopped: 0.0039060 seconds
2015-01-26T12:43:15.340+0530: 15.613: Total time for which application threads were stopped: 0.0018140 seconds
2015-01-26T12:43:15.342+0530: 15.615: Total time for which application threads were stopped: 0.0001130 seconds
2015-01-26T12:43:15.345+0530: 15.619: Total time for which application threads were stopped: 0.0018550 seconds
2015-01-26T12:43:15.346+0530: 15.619: Total time for which application threads were stopped: 0.0000920 seconds
2015-01-26T12:43:15.352+0530: 15.625: Total time for which application threads were stopped: 0.0001150 seconds
2015-01-26T12:43:15.353+0530: 15.626: Total time for which application threads were stopped: 0.0000940 seconds
2015-01-26T12:43:15.355+0530: 15.628: Total time for which application threads were stopped: 0.0009250 seconds
2015-01-26T12:43:15.355+0530: 15.629: Total time for which application threads were stopped: 0.0000930 seconds
2015-01-26T12:43:15.360+0530: 15.634: Total time for which application threads were stopped: 0.0016480 seconds
2015-01-26T12:43:15.365+0530: 15.639: Total time for which application threads were stopped: 0.0014840 seconds
2015-01-26T12:43:15.371+0530: 15.644: Total time for which application threads were stopped: 0.0007260 seconds
2015-01-26T12:43:15.378+0530: 15.651: Total time for which application threads were stopped: 0.0001450 seconds
2015-01-26T12:43:15.378+0530: 15.651: Total time for which application threads were stopped: 0.0000920 seconds
2015-01-26T12:43:15.382+0530: 15.656: Total time for which application threads were stopped: 0.0001280 seconds
2015-01-26T12:43:15.397+0530: 15.670: Total time for which application threads were stopped: 0.0062620 seconds
2015-01-26T12:43:15.461+0530: 15.735: Total time for which application threads were stopped: 0.0002130 seconds
2015-01-26T12:43:15.478+0530: 15.752: Total time for which application threads were stopped: 0.0034460 seconds
2015-01-26T12:43:15.480+0530: 15.753: Total time for which application threads were stopped: 0.0000950 seconds
2015-01-26T12:43:15.525+0530: 15.798: Total time for which application threads were stopped: 0.0001320 seconds
2015-01-26T12:43:15.559+0530: 15.832: Total time for which application threads were stopped: 0.0001670 seconds
2015-01-26T12:43:15.574+0530: 15.847: Total time for which application threads were stopped: 0.0001190 seconds
2015-01-26T12:43:15.582+0530: 15.856: Total time for which application threads were stopped: 0.0015280 seconds
2015-01-26T12:43:15.641+0530: 15.914: Total time for which application threads were stopped: 0.0002570 seconds
2015-01-26T12:43:15.664+0530: 15.937: Total time for which application threads were stopped: 0.0001370 seconds
2015-01-26T12:43:15.682+0530: 15.956: Total time for which application threads were stopped: 0.0002090 seconds
2015-01-26T12:43:15.698+0530: 15.971: Total time for which application threads were stopped: 0.0011720 seconds
2015-01-26T12:43:15.711+0530: 15.984: Total time for which application threads were stopped: 0.0004440 seconds
2015-01-26T12:43:15.713+0530: 15.986: Total time for which application threads were stopped: 0.0001530 seconds
2015-01-26T12:43:15.721+0530: 15.995: Total time for which application threads were stopped: 0.0001240 seconds
2015-01-26T12:43:15.740+0530: 16.013: Total time for which application threads were stopped: 0.0001980 seconds
2015-01-26T12:43:15.740+0530: 16.014: Total time for which application threads were stopped: 0.0000620 seconds
2015-01-26T12:43:15.751+0530: 16.025: Total time for which application threads were stopped: 0.0000870 seconds
2015-01-26T12:43:15.754+0530: 16.028: Total time for which application threads were stopped: 0.0000860 seconds
2015-01-26T12:43:15.776+0530: 16.050: Total time for which application threads were stopped: 0.0001330 seconds
2015-01-26T12:43:15.777+0530: 16.050: Total time for which application threads were stopped: 0.0000560 seconds
2015-01-26T12:43:15.777+0530: 16.050: Total time for which application threads were stopped: 0.0000480 seconds
2015-01-26T12:43:15.777+0530: 16.051: Total time for which application threads were stopped: 0.0000370 seconds
2015-01-26T12:43:15.777+0530: 16.051: Total time for which application threads were stopped: 0.0000440 seconds
2015-01-26T12:43:15.777+0530: 16.051: Total time for which application threads were stopped: 0.0000380 seconds
2015-01-26T12:43:15.778+0530: 16.051: Total time for which application threads were stopped: 0.0000960 seconds
2015-01-26T12:43:15.778+0530: 16.051: Total time for which application threads were stopped: 0.0000330 seconds
2015-01-26T12:43:15.778+0530: 16.051: Total time for which application threads were stopped: 0.0000340 seconds
2015-01-26T12:43:15.778+0530: 16.051: Total time for which application threads were stopped: 0.0000370 seconds
2015-01-26T12:43:15.778+0530: 16.051: Total time for which application threads were stopped: 0.0000270 seconds
2015-01-26T12:43:15.778+0530: 16.052: Total time for which application threads were stopped: 0.0000670 seconds
2015-01-26T12:43:15.788+0530: 16.061: Total time for which application threads were stopped: 0.0003120 seconds
2015-01-26T12:43:15.817+0530: 16.090: Total time for which application threads were stopped: 0.0006020 seconds
2015-01-26T12:43:15.828+0530: 16.101: Total time for which application threads were stopped: 0.0002140 seconds
2015-01-26T12:43:15.851+0530: 16.124: Total time for which application threads were stopped: 0.0001230 seconds
2015-01-26T12:43:15.855+0530: 16.128: Total time for which application threads were stopped: 0.0001400 seconds
2015-01-26T12:43:15.901+0530: 16.174: Total time for which application threads were stopped: 0.0001870 seconds
2015-01-26T12:43:15.901+0530: 16.175: Total time for which application threads were stopped: 0.0000570 seconds
2015-01-26T12:43:15.915+0530: 16.188: Total time for which application threads were stopped: 0.0001020 seconds
2015-01-26T12:43:15.928+0530: 16.202: Total time for which application threads were stopped: 0.0001020 seconds
2015-01-26T12:43:15.930+0530: 16.203: Total time for which application threads were stopped: 0.0012670 seconds
2015-01-26T12:43:15.993+0530: 16.267: Total time for which application threads were stopped: 0.0000980 seconds
2015-01-26T12:43:16.015+0530: 16.289: Total time for which application threads were stopped: 0.0001180 seconds
{Heap before GC invocations=8 (full 0):
 par new generation   total 109248K, used 105144K [0x00000000dae00000, 0x00000000e2e00000, 0x00000000e2e00000)
  eden space 87424K, 100% used [0x00000000dae00000, 0x00000000e0360000, 0x00000000e0360000)
  from space 21824K,  81% used [0x00000000e0360000, 0x00000000e14ae2c0, 0x00000000e18b0000)
  to   space 21824K,   0% used [0x00000000e18b0000, 0x00000000e18b0000, 0x00000000e2e00000)
 concurrent mark-sweep generation total 393216K, used 0K [0x00000000e2e00000, 0x00000000fae00000, 0x00000000fae00000)
 concurrent-mark-sweep perm gen total 26048K, used 25992K [0x00000000fae00000, 0x00000000fc770000, 0x0000000100000000)
2015-01-26T12:43:16.027+0530: 16.300: [GC2015-01-26T12:43:16.027+0530: 16.300: [ParNew
Desired survivor size 20112992 bytes, new threshold 8 (max 8)
- age   1:    5165376 bytes,    5165376 total
- age   2:     151864 bytes,    5317240 total
- age   3:      86256 bytes,    5403496 total
- age   4:      94672 bytes,    5498168 total
- age   5:     108440 bytes,    5606608 total
- age   6:     150592 bytes,    5757200 total
- age   7:     342088 bytes,    6099288 total
- age   8:    2555488 bytes,    8654776 total
: 105144K->11288K(109248K), 0.0334090 secs] 105144K->16040K(502464K), 0.0335720 secs] [Times: user=0.10 sys=0.01, real=0.04 secs] 
Heap after GC invocations=9 (full 0):
 par new generation   total 109248K, used 11288K [0x00000000dae00000, 0x00000000e2e00000, 0x00000000e2e00000)
  eden space 87424K,   0% used [0x00000000dae00000, 0x00000000dae00000, 0x00000000e0360000)
  from space 21824K,  51% used [0x00000000e18b0000, 0x00000000e23b6190, 0x00000000e2e00000)
  to   space 21824K,   0% used [0x00000000e0360000, 0x00000000e0360000, 0x00000000e18b0000)
 concurrent mark-sweep generation total 393216K, used 4752K [0x00000000e2e00000, 0x00000000fae00000, 0x00000000fae00000)
 concurrent-mark-sweep perm gen total 26048K, used 25992K [0x00000000fae00000, 0x00000000fc770000, 0x0000000100000000)
}
2015-01-26T12:43:16.060+0530: 16.334: Total time for which application threads were stopped: 0.0338660 seconds
2015-01-26T12:43:16.083+0530: 16.356: Total time for which application threads were stopped: 0.0001550 seconds
2015-01-26T12:43:16.083+0530: 16.357: Total time for which application threads were stopped: 0.0001580 seconds
2015-01-26T12:43:16.084+0530: 16.357: Total time for which application threads were stopped: 0.0002390 seconds
2015-01-26T12:43:16.084+0530: 16.357: Total time for which application threads were stopped: 0.0000800 seconds
2015-01-26T12:43:16.086+0530: 16.359: Total time for which application threads were stopped: 0.0001060 seconds
2015-01-26T12:43:16.086+0530: 16.360: Total time for which application threads were stopped: 0.0000960 seconds
2015-01-26T12:43:16.099+0530: 16.372: Total time for which application threads were stopped: 0.0001480 seconds
2015-01-26T12:43:16.099+0530: 16.373: Total time for which application threads were stopped: 0.0000380 seconds
2015-01-26T12:43:16.217+0530: 16.491: Total time for which application threads were stopped: 0.0001640 seconds
2015-01-26T12:43:16.226+0530: 16.499: Total time for which application threads were stopped: 0.0002110 seconds
2015-01-26T12:43:16.233+0530: 16.506: Total time for which application threads were stopped: 0.0000950 seconds
2015-01-26T12:43:16.242+0530: 16.516: Total time for which application threads were stopped: 0.0001360 seconds
2015-01-26T12:43:16.246+0530: 16.519: Total time for which application threads were stopped: 0.0001140 seconds
2015-01-26T12:43:16.246+0530: 16.520: Total time for which application threads were stopped: 0.0000630 seconds
2015-01-26T12:43:16.261+0530: 16.535: Total time for which application threads were stopped: 0.0129160 seconds
2015-01-26T12:43:16.305+0530: 16.578: Total time for which application threads were stopped: 0.0039160 seconds
2015-01-26T12:43:16.336+0530: 16.609: Total time for which application threads were stopped: 0.0120320 seconds
2015-01-26T12:43:16.347+0530: 16.620: Total time for which application threads were stopped: 0.0002080 seconds
2015-01-26T12:43:16.348+0530: 16.621: Total time for which application threads were stopped: 0.0001970 seconds
2015-01-26T12:43:16.348+0530: 16.621: Total time for which application threads were stopped: 0.0000700 seconds
2015-01-26T12:43:16.834+0530: 17.107: Total time for which application threads were stopped: 0.0004550 seconds
2015-01-26T12:43:17.041+0530: 17.314: Total time for which application threads were stopped: 0.0001680 seconds
2015-01-26T12:43:17.042+0530: 17.315: Total time for which application threads were stopped: 0.0000970 seconds
2015-01-26T12:43:17.042+0530: 17.315: Total time for which application threads were stopped: 0.0001560 seconds
2015-01-26T12:43:17.042+0530: 17.316: Total time for which application threads were stopped: 0.0000580 seconds
2015-01-26T12:43:17.043+0530: 17.317: Total time for which application threads were stopped: 0.0007410 seconds
2015-01-26T12:43:17.044+0530: 17.317: Total time for which application threads were stopped: 0.0000860 seconds
2015-01-26T12:43:18.017+0530: 18.291: Total time for which application threads were stopped: 0.0001590 seconds
2015-01-26T12:43:18.017+0530: 18.291: Total time for which application threads were stopped: 0.0000510 seconds
2015-01-26T12:43:18.023+0530: 18.296: Total time for which application threads were stopped: 0.0000720 seconds
2015-01-26T12:43:18.034+0530: 18.308: Total time for which application threads were stopped: 0.0000740 seconds
2015-01-26T12:43:18.036+0530: 18.309: Total time for which application threads were stopped: 0.0000540 seconds
2015-01-26T12:43:18.036+0530: 18.309: Total time for which application threads were stopped: 0.0000490 seconds
2015-01-26T12:43:18.037+0530: 18.310: Total time for which application threads were stopped: 0.0004490 seconds
2015-01-26T12:43:18.037+0530: 18.310: Total time for which application threads were stopped: 0.0004100 seconds
2015-01-26T12:43:18.038+0530: 18.312: Total time for which application threads were stopped: 0.0000740 seconds
2015-01-26T12:43:18.038+0530: 18.312: Total time for which application threads were stopped: 0.0000260 seconds
2015-01-26T12:43:18.039+0530: 18.312: Total time for which application threads were stopped: 0.0001010 seconds
2015-01-26T12:43:18.039+0530: 18.312: Total time for which application threads were stopped: 0.0000390 seconds
2015-01-26T12:43:18.039+0530: 18.312: Total time for which application threads were stopped: 0.0000560 seconds
2015-01-26T12:43:18.039+0530: 18.313: Total time for which application threads were stopped: 0.0000450 seconds
2015-01-26T12:43:18.059+0530: 18.332: Total time for which application threads were stopped: 0.0001010 seconds
2015-01-26T12:43:18.059+0530: 18.332: Total time for which application threads were stopped: 0.0000530 seconds
2015-01-26T12:43:18.069+0530: 18.343: Total time for which application threads were stopped: 0.0000780 seconds
2015-01-26T12:43:18.071+0530: 18.344: Total time for which application threads were stopped: 0.0005330 seconds
2015-01-26T12:43:18.073+0530: 18.346: Total time for which application threads were stopped: 0.0000700 seconds
2015-01-26T12:43:18.073+0530: 18.346: Total time for which application threads were stopped: 0.0000230 seconds
2015-01-26T12:43:18.073+0530: 18.346: Total time for which application threads were stopped: 0.0000220 seconds
2015-01-26T12:43:18.081+0530: 18.354: Total time for which application threads were stopped: 0.0001710 seconds
2015-01-26T12:43:18.084+0530: 18.357: Total time for which application threads were stopped: 0.0000490 seconds
2015-01-26T12:43:18.090+0530: 18.364: Total time for which application threads were stopped: 0.0001400 seconds
2015-01-26T12:43:18.094+0530: 18.368: Total time for which application threads were stopped: 0.0001320 seconds
2015-01-26T12:43:18.100+0530: 18.373: Total time for which application threads were stopped: 0.0000780 seconds
2015-01-26T12:43:18.100+0530: 18.373: Total time for which application threads were stopped: 0.0003630 seconds
2015-01-26T12:43:18.179+0530: 18.452: Total time for which application threads were stopped: 0.0001050 seconds
2015-01-26T12:43:18.191+0530: 18.464: Total time for which application threads were stopped: 0.0011870 seconds
2015-01-26T12:43:18.191+0530: 18.465: Total time for which application threads were stopped: 0.0000980 seconds
2015-01-26T12:43:18.192+0530: 18.466: Total time for which application threads were stopped: 0.0000820 seconds
2015-01-26T12:43:18.229+0530: 18.503: Total time for which application threads were stopped: 0.0001160 seconds
2015-01-26T12:43:18.229+0530: 18.503: Total time for which application threads were stopped: 0.0000330 seconds
2015-01-26T12:43:18.230+0530: 18.503: Total time for which application threads were stopped: 0.0000350 seconds
2015-01-26T12:43:18.230+0530: 18.503: Total time for which application threads were stopped: 0.0000720 seconds
2015-01-26T12:43:18.230+0530: 18.503: Total time for which application threads were stopped: 0.0000420 seconds
2015-01-26T12:43:18.234+0530: 18.507: Total time for which application threads were stopped: 0.0006240 seconds
2015-01-26T12:43:18.234+0530: 18.508: Total time for which application threads were stopped: 0.0000890 seconds
2015-01-26T12:43:18.237+0530: 18.510: Total time for which application threads were stopped: 0.0001010 seconds
2015-01-26T12:43:18.257+0530: 18.530: Total time for which application threads were stopped: 0.0006660 seconds
2015-01-26T12:43:18.258+0530: 18.532: Total time for which application threads were stopped: 0.0001890 seconds
2015-01-26T12:43:18.808+0530: 19.081: Total time for which application threads were stopped: 0.0003800 seconds
2015-01-26T12:43:18.809+0530: 19.082: Total time for which application threads were stopped: 0.0000980 seconds
2015-01-26T12:43:18.816+0530: 19.089: Total time for which application threads were stopped: 0.0001570 seconds
2015-01-26T12:43:19.177+0530: 19.450: Total time for which application threads were stopped: 0.0002710 seconds
2015-01-26T12:43:19.212+0530: 19.485: Total time for which application threads were stopped: 0.0001720 seconds
2015-01-26T12:43:19.213+0530: 19.486: Total time for which application threads were stopped: 0.0001470 seconds
2015-01-26T12:43:19.449+0530: 19.722: Total time for which application threads were stopped: 0.0001500 seconds
2015-01-26T12:43:19.450+0530: 19.723: Total time for which application threads were stopped: 0.0001340 seconds
2015-01-26T12:43:19.494+0530: 19.768: Total time for which application threads were stopped: 0.0001480 seconds
2015-01-26T12:43:19.494+0530: 19.768: Total time for which application threads were stopped: 0.0001500 seconds
2015-01-26T12:43:20.810+0530: 21.084: Total time for which application threads were stopped: 0.0002030 seconds
2015-01-26T12:43:20.822+0530: 21.096: Total time for which application threads were stopped: 0.0040890 seconds
2015-01-26T12:43:20.824+0530: 21.097: Total time for which application threads were stopped: 0.0001710 seconds
2015-01-26T12:43:20.850+0530: 21.124: Total time for which application threads were stopped: 0.0001080 seconds
2015-01-26T12:43:20.851+0530: 21.124: Total time for which application threads were stopped: 0.0000510 seconds
2015-01-26T12:43:20.851+0530: 21.125: Total time for which application threads were stopped: 0.0000330 seconds
2015-01-26T12:43:21.508+0530: 21.781: Total time for which application threads were stopped: 0.0001400 seconds
2015-01-26T12:43:21.508+0530: 21.782: Total time for which application threads were stopped: 0.0000270 seconds
2015-01-26T12:43:21.509+0530: 21.782: Total time for which application threads were stopped: 0.0000250 seconds
2015-01-26T12:43:25.823+0530: 26.097: Total time for which application threads were stopped: 0.0002190 seconds
2015-01-26T12:43:26.506+0530: 26.780: Total time for which application threads were stopped: 0.0002870 seconds
2015-01-26T12:44:08.056+0530: 68.329: Total time for which application threads were stopped: 0.0003690 seconds
2015-01-26T12:44:08.061+0530: 68.334: Total time for which application threads were stopped: 0.0001670 seconds
2015-01-26T12:44:08.085+0530: 68.358: Total time for which application threads were stopped: 0.0001660 seconds
2015-01-26T12:44:08.280+0530: 68.553: Total time for which application threads were stopped: 0.0001660 seconds
2015-01-26T13:02:17.847+0530: 1158.121: Total time for which application threads were stopped: 0.0001960 seconds
2015-01-26T13:02:18.093+0530: 1158.366: Total time for which application threads were stopped: 0.0001580 seconds
2015-01-26T13:02:18.225+0530: 1158.498: Total time for which application threads were stopped: 0.0001110 seconds
2015-01-26T13:02:18.225+0530: 1158.498: Total time for which application threads were stopped: 0.0000550 seconds
2015-01-26T13:02:18.226+0530: 1158.499: Total time for which application threads were stopped: 0.0006580 seconds
2015-01-26T13:02:20.737+0530: 1161.010: Total time for which application threads were stopped: 0.0001420 seconds
2015-01-26T13:02:46.096+0530: 1186.370: Total time for which application threads were stopped: 0.0002680 seconds
2015-01-26T13:02:46.098+0530: 1186.371: Total time for which application threads were stopped: 0.0000870 seconds
2015-01-26T13:02:46.102+0530: 1186.375: Total time for which application threads were stopped: 0.0001310 seconds
2015-01-26T13:02:51.042+0530: 1191.315: Total time for which application threads were stopped: 0.0003280 seconds
2015-01-26T13:03:18.738+0530: 1219.011: Total time for which application threads were stopped: 0.0002910 seconds
2015-01-26T13:05:18.740+0530: 1339.013: Total time for which application threads were stopped: 0.0003310 seconds
2015-01-26T13:41:37.555+0530: 3517.829: Total time for which application threads were stopped: 0.0007700 seconds
2015-01-26T13:42:05.312+0530: 3545.586: Total time for which application threads were stopped: 0.0003460 seconds
2015-01-26T13:42:32.995+0530: 3573.268: Total time for which application threads were stopped: 0.0007060 seconds
2015-01-26T13:42:42.996+0530: 3583.270: Total time for which application threads were stopped: 0.0001930 seconds
2015-01-26T13:43:30.833+0530: 3631.106: Total time for which application threads were stopped: 0.0005830 seconds
2015-01-26T13:44:28.543+0530: 3688.816: Total time for which application threads were stopped: 0.0007050 seconds
2015-01-26T13:45:23.806+0530: 3744.080: Total time for which application threads were stopped: 0.0008680 seconds
2015-01-26T13:46:20.638+0530: 3800.912: Total time for which application threads were stopped: 0.0007190 seconds
2015-01-26T13:47:17.809+0530: 3858.083: Total time for which application threads were stopped: 0.0005940 seconds
2015-01-26T13:48:13.863+0530: 3914.136: Total time for which application threads were stopped: 0.0002990 seconds
2015-01-26T13:49:11.093+0530: 3971.366: Total time for which application threads were stopped: 0.0006900 seconds
2015-01-26T13:49:20.095+0530: 3980.368: Total time for which application threads were stopped: 0.0006350 seconds
2015-01-26T13:50:10.840+0530: 4031.113: Total time for which application threads were stopped: 0.0006280 seconds
2015-01-26T13:51:07.070+0530: 4087.343: Total time for which application threads were stopped: 0.0006330 seconds
2015-01-26T13:52:03.396+0530: 4143.669: Total time for which application threads were stopped: 0.0007190 seconds
2015-01-26T13:52:59.734+0530: 4200.007: Total time for which application threads were stopped: 0.0006050 seconds
2015-01-26T13:53:53.850+0530: 4254.123: Total time for which application threads were stopped: 0.0005740 seconds
2015-01-26T13:54:50.269+0530: 4310.542: Total time for which application threads were stopped: 0.0005800 seconds
2015-01-26T13:55:46.943+0530: 4367.216: Total time for which application threads were stopped: 0.0006260 seconds
2015-01-26T13:56:42.919+0530: 4423.193: Total time for which application threads were stopped: 0.0005820 seconds
2015-01-26T13:57:06.923+0530: 4447.196: Total time for which application threads were stopped: 0.0003570 seconds
2015-01-26T13:57:41.027+0530: 4481.300: Total time for which application threads were stopped: 0.0008050 seconds
{Heap before GC invocations=9 (full 0):
 par new generation   total 109248K, used 98712K [0x00000000dae00000, 0x00000000e2e00000, 0x00000000e2e00000)
  eden space 87424K, 100% used [0x00000000dae00000, 0x00000000e0360000, 0x00000000e0360000)
  from space 21824K,  51% used [0x00000000e18b0000, 0x00000000e23b6190, 0x00000000e2e00000)
  to   space 21824K,   0% used [0x00000000e0360000, 0x00000000e0360000, 0x00000000e18b0000)
 concurrent mark-sweep generation total 393216K, used 4752K [0x00000000e2e00000, 0x00000000fae00000, 0x00000000fae00000)
 concurrent-mark-sweep perm gen total 30464K, used 30360K [0x00000000fae00000, 0x00000000fcbc0000, 0x0000000100000000)
2015-01-26T13:57:42.610+0530: 4482.884: [GC2015-01-26T13:57:42.616+0530: 4482.890: [ParNew
Desired survivor size 20112992 bytes, new threshold 8 (max 8)
- age   1:   10178776 bytes,   10178776 total
- age   2:    2312176 bytes,   12490952 total
- age   3:     151816 bytes,   12642768 total
- age   4:      86208 bytes,   12728976 total
- age   5:      94624 bytes,   12823600 total
- age   6:     108088 bytes,   12931688 total
- age   7:     149384 bytes,   13081072 total
- age   8:     341360 bytes,   13422432 total
: 98712K->14022K(109248K), 0.1471440 secs] 103464K->21190K(502464K), 0.1533760 secs] [Times: user=0.07 sys=0.00, real=0.15 secs] 
Heap after GC invocations=10 (full 0):
 par new generation   total 109248K, used 14022K [0x00000000dae00000, 0x00000000e2e00000, 0x00000000e2e00000)
  eden space 87424K,   0% used [0x00000000dae00000, 0x00000000dae00000, 0x00000000e0360000)
  from space 21824K,  64% used [0x00000000e0360000, 0x00000000e11118e8, 0x00000000e18b0000)
  to   space 21824K,   0% used [0x00000000e18b0000, 0x00000000e18b0000, 0x00000000e2e00000)
 concurrent mark-sweep generation total 393216K, used 7168K [0x00000000e2e00000, 0x00000000fae00000, 0x00000000fae00000)
 concurrent-mark-sweep perm gen total 30464K, used 30360K [0x00000000fae00000, 0x00000000fcbc0000, 0x0000000100000000)
}
2015-01-26T13:57:42.764+0530: 4483.037: Total time for which application threads were stopped: 0.2057960 seconds
2015-01-26T13:58:16.768+0530: 4517.041: Total time for which application threads were stopped: 0.0003340 seconds
2015-01-26T13:58:37.202+0530: 4537.475: Total time for which application threads were stopped: 0.0006000 seconds
2015-01-26T13:59:34.104+0530: 4594.377: Total time for which application threads were stopped: 0.0006760 seconds
2015-01-26T14:00:30.517+0530: 4650.791: Total time for which application threads were stopped: 0.0006010 seconds
2015-01-26T14:01:07.522+0530: 4687.795: Total time for which application threads were stopped: 0.0004620 seconds
2015-01-26T14:01:25.570+0530: 4705.844: Total time for which application threads were stopped: 0.0006170 seconds
2015-01-26T14:02:22.020+0530: 4762.293: Total time for which application threads were stopped: 0.0006500 seconds
2015-01-26T14:03:19.240+0530: 4819.514: Total time for which application threads were stopped: 0.0005850 seconds
2015-01-26T14:04:14.824+0530: 4875.097: Total time for which application threads were stopped: 0.0006020 seconds
2015-01-26T14:05:08.586+0530: 4928.859: Total time for which application threads were stopped: 0.0005830 seconds
2015-01-26T14:06:05.044+0530: 4985.317: Total time for which application threads were stopped: 0.0006050 seconds
2015-01-26T14:07:01.722+0530: 5041.996: Total time for which application threads were stopped: 0.0003390 seconds
2015-01-26T14:07:56.416+0530: 5096.690: Total time for which application threads were stopped: 0.0005880 seconds
2015-01-26T14:08:53.974+0530: 5154.247: Total time for which application threads were stopped: 0.0006120 seconds
2015-01-26T14:09:50.991+0530: 5211.264: Total time for which application threads were stopped: 0.0006860 seconds
2015-01-26T14:10:44.153+0530: 5264.426: Total time for which application threads were stopped: 0.0007310 seconds
2015-01-26T14:11:37.768+0530: 5318.041: Total time for which application threads were stopped: 0.0007160 seconds
2015-01-26T14:12:34.762+0530: 5375.035: Total time for which application threads were stopped: 0.0006190 seconds
2015-01-26T14:13:30.531+0530: 5430.804: Total time for which application threads were stopped: 0.0006390 seconds
2015-01-26T14:14:26.483+0530: 5486.757: Total time for which application threads were stopped: 0.0006660 seconds
2015-01-26T14:15:24.351+0530: 5544.625: Total time for which application threads were stopped: 0.0007010 seconds
2015-01-26T14:16:19.353+0530: 5599.626: Total time for which application threads were stopped: 0.0005630 seconds
2015-01-26T14:17:17.450+0530: 5657.724: Total time for which application threads were stopped: 0.0007760 seconds
2015-01-26T14:18:12.316+0530: 5712.590: Total time for which application threads were stopped: 0.0005870 seconds
2015-01-26T14:19:07.553+0530: 5767.826: Total time for which application threads were stopped: 0.0005820 seconds
2015-01-26T14:19:55.559+0530: 5815.833: Total time for which application threads were stopped: 0.0003770 seconds
2015-01-26T14:20:02.580+0530: 5822.853: Total time for which application threads were stopped: 0.0005330 seconds
2015-01-26T14:20:59.641+0530: 5879.915: Total time for which application threads were stopped: 0.0005820 seconds
2015-01-26T14:21:57.135+0530: 5937.408: Total time for which application threads were stopped: 0.0006600 seconds
2015-01-26T14:22:56.335+0530: 5996.608: Total time for which application threads were stopped: 0.0006840 seconds
2015-01-26T14:23:53.450+0530: 6053.723: Total time for which application threads were stopped: 0.0006020 seconds
2015-01-26T14:24:51.605+0530: 6111.879: Total time for which application threads were stopped: 0.0005720 seconds
2015-01-26T14:25:48.645+0530: 6168.918: Total time for which application threads were stopped: 0.0005690 seconds
2015-01-26T14:26:48.322+0530: 6228.596: Total time for which application threads were stopped: 0.0008390 seconds
2015-01-26T14:27:29.327+0530: 6269.601: Total time for which application threads were stopped: 0.0003520 seconds
2015-01-26T14:27:46.194+0530: 6286.467: Total time for which application threads were stopped: 0.0006120 seconds
2015-01-26T14:28:44.655+0530: 6344.928: Total time for which application threads were stopped: 0.0007530 seconds
2015-01-26T14:29:41.486+0530: 6401.759: Total time for which application threads were stopped: 0.0005760 seconds
2015-01-26T14:30:38.833+0530: 6459.106: Total time for which application threads were stopped: 0.0007760 seconds
2015-01-26T14:31:35.893+0530: 6516.167: Total time for which application threads were stopped: 0.0005790 seconds
2015-01-26T14:32:32.516+0530: 6572.789: Total time for which application threads were stopped: 0.0005440 seconds
2015-01-26T14:33:26.875+0530: 6627.149: Total time for which application threads were stopped: 0.0005470 seconds
2015-01-26T14:34:21.849+0530: 6682.122: Total time for which application threads were stopped: 0.0005990 seconds
2015-01-26T14:35:18.544+0530: 6738.817: Total time for which application threads were stopped: 0.0006070 seconds
2015-01-26T14:36:14.218+0530: 6794.492: Total time for which application threads were stopped: 0.0006510 seconds
2015-01-26T14:36:56.224+0530: 6836.497: Total time for which application threads were stopped: 0.0004230 seconds
2015-01-26T14:37:12.404+0530: 6852.678: Total time for which application threads were stopped: 0.0005810 seconds
2015-01-26T14:38:10.845+0530: 6911.118: Total time for which application threads were stopped: 0.0007020 seconds
2015-01-26T14:39:06.003+0530: 6966.276: Total time for which application threads were stopped: 0.0005950 seconds
2015-01-26T14:40:02.116+0530: 7022.389: Total time for which application threads were stopped: 0.0005880 seconds
2015-01-26T14:40:57.084+0530: 7077.357: Total time for which application threads were stopped: 0.0005990 seconds
2015-01-26T14:41:13.086+0530: 7093.359: Total time for which application threads were stopped: 0.0003320 seconds
2015-01-26T14:41:54.217+0530: 7134.490: Total time for which application threads were stopped: 0.0005940 seconds
2015-01-26T14:42:49.323+0530: 7189.596: Total time for which application threads were stopped: 0.0006190 seconds
2015-01-26T14:42:56.324+0530: 7196.597: Total time for which application threads were stopped: 0.0003030 seconds
2015-01-26T14:43:46.956+0530: 7247.229: Total time for which application threads were stopped: 0.0006100 seconds
2015-01-26T14:44:42.403+0530: 7302.676: Total time for which application threads were stopped: 0.0007480 seconds
2015-01-26T14:45:37.592+0530: 7357.866: Total time for which application threads were stopped: 0.0005910 seconds
2015-01-26T14:46:33.800+0530: 7414.073: Total time for which application threads were stopped: 0.0006030 seconds
2015-01-26T14:47:28.775+0530: 7469.049: Total time for which application threads were stopped: 0.0006990 seconds
2015-01-26T14:48:25.416+0530: 7525.689: Total time for which application threads were stopped: 0.0006410 seconds
2015-01-26T14:49:20.925+0530: 7581.198: Total time for which application threads were stopped: 0.0005910 seconds
2015-01-26T14:50:17.941+0530: 7638.214: Total time for which application threads were stopped: 0.0005950 seconds
2015-01-26T14:51:15.553+0530: 7695.826: Total time for which application threads were stopped: 0.0006060 seconds
2015-01-26T14:52:10.564+0530: 7750.837: Total time for which application threads were stopped: 0.0005690 seconds
2015-01-26T14:52:42.568+0530: 7782.841: Total time for which application threads were stopped: 0.0003780 seconds
2015-01-26T14:53:05.573+0530: 7805.846: Total time for which application threads were stopped: 0.0005630 seconds
2015-01-26T14:54:00.460+0530: 7860.733: Total time for which application threads were stopped: 0.0005990 seconds
2015-01-26T14:54:57.026+0530: 7917.299: Total time for which application threads were stopped: 0.0005760 seconds
2015-01-26T14:55:51.684+0530: 7971.957: Total time for which application threads were stopped: 0.0006230 seconds
2015-01-26T14:56:46.539+0530: 8026.813: Total time for which application threads were stopped: 0.0006190 seconds
2015-01-26T14:57:40.304+0530: 8080.577: Total time for which application threads were stopped: 0.0005910 seconds
{Heap before GC invocations=10 (full 0):
 par new generation   total 109248K, used 101446K [0x00000000dae00000, 0x00000000e2e00000, 0x00000000e2e00000)
  eden space 87424K, 100% used [0x00000000dae00000, 0x00000000e0360000, 0x00000000e0360000)
  from space 21824K,  64% used [0x00000000e0360000, 0x00000000e11118e8, 0x00000000e18b0000)
  to   space 21824K,   0% used [0x00000000e18b0000, 0x00000000e18b0000, 0x00000000e2e00000)
 concurrent mark-sweep generation total 393216K, used 7168K [0x00000000e2e00000, 0x00000000fae00000, 0x00000000fae00000)
 concurrent-mark-sweep perm gen total 30464K, used 30385K [0x00000000fae00000, 0x00000000fcbc0000, 0x0000000100000000)
2015-01-26T14:58:17.890+0530: 8118.164: [GC2015-01-26T14:58:17.890+0530: 8118.164: [ParNew
Desired survivor size 20112992 bytes, new threshold 8 (max 8)
- age   1:     114848 bytes,     114848 total
- age   2:    6698832 bytes,    6813680 total
- age   3:    2278376 bytes,    9092056 total
- age   4:     133472 bytes,    9225528 total
- age   5:      82328 bytes,    9307856 total
- age   6:      88440 bytes,    9396296 total
- age   7:      97040 bytes,    9493336 total
- age   8:     143048 bytes,    9636384 total
: 101446K->10890K(109248K), 0.0116360 secs] 108614K->18396K(502464K), 0.0118340 secs] [Times: user=0.04 sys=0.01, real=0.02 secs] 
Heap after GC invocations=11 (full 0):
 par new generation   total 109248K, used 10890K [0x00000000dae00000, 0x00000000e2e00000, 0x00000000e2e00000)
  eden space 87424K,   0% used [0x00000000dae00000, 0x00000000dae00000, 0x00000000e0360000)
  from space 21824K,  49% used [0x00000000e18b0000, 0x00000000e2352ab0, 0x00000000e2e00000)
  to   space 21824K,   0% used [0x00000000e0360000, 0x00000000e0360000, 0x00000000e18b0000)
 concurrent mark-sweep generation total 393216K, used 7505K [0x00000000e2e00000, 0x00000000fae00000, 0x00000000fae00000)
 concurrent-mark-sweep perm gen total 30464K, used 30385K [0x00000000fae00000, 0x00000000fcbc0000, 0x0000000100000000)
}
2015-01-26T14:58:17.902+0530: 8118.176: Total time for which application threads were stopped: 0.1085240 seconds
2015-01-26T14:58:34.296+0530: 8134.569: Total time for which application threads were stopped: 0.0005750 seconds
2015-01-26T14:59:32.931+0530: 8193.205: Total time for which application threads were stopped: 0.0006070 seconds
2015-01-26T15:00:28.125+0530: 8248.399: Total time for which application threads were stopped: 0.0005690 seconds
2015-01-26T15:01:22.516+0530: 8302.790: Total time for which application threads were stopped: 0.0008450 seconds
2015-01-26T15:02:17.251+0530: 8357.525: Total time for which application threads were stopped: 0.0006290 seconds
2015-01-26T15:03:15.619+0530: 8415.892: Total time for which application threads were stopped: 0.0006000 seconds
2015-01-26T15:04:13.259+0530: 8473.532: Total time for which application threads were stopped: 0.0006440 seconds
2015-01-26T15:05:11.056+0530: 8531.330: Total time for which application threads were stopped: 0.0005880 seconds
2015-01-26T15:06:07.103+0530: 8587.377: Total time for which application threads were stopped: 0.0005860 seconds
2015-01-26T15:07:02.742+0530: 8643.015: Total time for which application threads were stopped: 0.0007570 seconds
2015-01-26T15:07:57.871+0530: 8698.144: Total time for which application threads were stopped: 0.0009640 seconds
2015-01-26T15:08:56.008+0530: 8756.281: Total time for which application threads were stopped: 0.0005980 seconds
2015-01-26T15:09:54.981+0530: 8815.254: Total time for which application threads were stopped: 0.0005850 seconds
2015-01-26T15:10:50.516+0530: 8870.790: Total time for which application threads were stopped: 0.0003330 seconds
2015-01-26T15:11:47.074+0530: 8927.347: Total time for which application threads were stopped: 0.0005530 seconds
2015-01-26T15:12:42.858+0530: 8983.131: Total time for which application threads were stopped: 0.0002560 seconds
2015-01-26T15:13:38.860+0530: 9039.133: Total time for which application threads were stopped: 0.0006240 seconds
2015-01-26T15:14:35.464+0530: 9095.738: Total time for which application threads were stopped: 0.0005940 seconds
2015-01-26T15:15:33.689+0530: 9153.962: Total time for which application threads were stopped: 0.0005890 seconds
2015-01-26T15:16:28.907+0530: 9209.180: Total time for which application threads were stopped: 0.0005930 seconds
2015-01-26T15:17:24.681+0530: 9264.954: Total time for which application threads were stopped: 0.0006080 seconds
2015-01-26T15:18:20.858+0530: 9321.131: Total time for which application threads were stopped: 0.0005790 seconds
2015-01-26T15:19:19.541+0530: 9379.815: Total time for which application threads were stopped: 0.0005990 seconds
2015-01-26T15:20:16.718+0530: 9436.991: Total time for which application threads were stopped: 0.0005900 seconds
2015-01-26T15:21:14.190+0530: 9494.463: Total time for which application threads were stopped: 0.0005790 seconds
2015-01-26T15:22:08.788+0530: 9549.061: Total time for which application threads were stopped: 0.0006060 seconds
2015-01-26T15:23:03.959+0530: 9604.232: Total time for which application threads were stopped: 0.0005990 seconds
2015-01-26T15:23:58.640+0530: 9658.913: Total time for which application threads were stopped: 0.0005750 seconds
2015-01-26T15:24:57.201+0530: 9717.475: Total time for which application threads were stopped: 0.0005730 seconds
2015-01-26T15:25:54.860+0530: 9775.133: Total time for which application threads were stopped: 0.0006410 seconds
2015-01-26T15:26:51.921+0530: 9832.195: Total time for which application threads were stopped: 0.0006000 seconds
2015-01-26T15:27:48.303+0530: 9888.576: Total time for which application threads were stopped: 0.0006280 seconds
2015-01-26T15:28:44.714+0530: 9944.988: Total time for which application threads were stopped: 0.0006800 seconds
2015-01-26T15:29:41.143+0530: 10001.416: Total time for which application threads were stopped: 0.0006050 seconds
2015-01-26T15:30:35.450+0530: 10055.723: Total time for which application threads were stopped: 0.0006050 seconds
2015-01-26T15:31:32.387+0530: 10112.660: Total time for which application threads were stopped: 0.0005900 seconds
2015-01-26T15:32:26.438+0530: 10166.711: Total time for which application threads were stopped: 0.0006190 seconds
2015-01-26T15:33:21.990+0530: 10222.264: Total time for which application threads were stopped: 0.0006680 seconds
2015-01-26T15:34:16.653+0530: 10276.926: Total time for which application threads were stopped: 0.0006100 seconds
2015-01-26T15:35:14.095+0530: 10334.368: Total time for which application threads were stopped: 0.0006280 seconds
2015-01-26T15:36:12.375+0530: 10392.649: Total time for which application threads were stopped: 0.0005880 seconds
2015-01-26T15:37:09.848+0530: 10450.121: Total time for which application threads were stopped: 0.0006420 seconds
2015-01-26T15:38:06.522+0530: 10506.796: Total time for which application threads were stopped: 0.0006190 seconds
2015-01-26T15:39:03.471+0530: 10563.745: Total time for which application threads were stopped: 0.0005740 seconds
2015-01-26T15:39:59.164+0530: 10619.437: Total time for which application threads were stopped: 0.0005990 seconds
2015-01-26T15:40:54.529+0530: 10674.802: Total time for which application threads were stopped: 0.0002890 seconds
2015-01-26T15:41:49.485+0530: 10729.759: Total time for which application threads were stopped: 0.0005980 seconds
2015-01-26T15:42:46.837+0530: 10787.110: Total time for which application threads were stopped: 0.0005790 seconds
2015-01-26T15:43:41.780+0530: 10842.054: Total time for which application threads were stopped: 0.0005880 seconds
2015-01-26T15:44:38.969+0530: 10899.242: Total time for which application threads were stopped: 0.0006340 seconds
2015-01-26T15:45:35.137+0530: 10955.411: Total time for which application threads were stopped: 0.0007190 seconds
2015-01-26T15:46:32.680+0530: 11012.953: Total time for which application threads were stopped: 0.0005840 seconds
2015-01-26T15:47:28.771+0530: 11069.045: Total time for which application threads were stopped: 0.0008070 seconds
2015-01-26T15:48:26.151+0530: 11126.424: Total time for which application threads were stopped: 0.0007150 seconds
2015-01-26T15:49:20.863+0530: 11181.136: Total time for which application threads were stopped: 0.0006620 seconds
2015-01-26T15:50:16.391+0530: 11236.664: Total time for which application threads were stopped: 0.0006200 seconds
2015-01-26T15:51:14.552+0530: 11294.825: Total time for which application threads were stopped: 0.0005960 seconds
2015-01-26T15:52:09.817+0530: 11350.090: Total time for which application threads were stopped: 0.0006750 seconds
2015-01-26T15:53:04.204+0530: 11404.477: Total time for which application threads were stopped: 0.0005770 seconds
2015-01-26T15:54:02.126+0530: 11462.399: Total time for which application threads were stopped: 0.0005940 seconds
2015-01-26T15:55:00.958+0530: 11521.232: Total time for which application threads were stopped: 0.0006160 seconds
2015-01-26T15:56:00.741+0530: 11581.014: Total time for which application threads were stopped: 0.0005930 seconds
2015-01-26T15:56:58.821+0530: 11639.094: Total time for which application threads were stopped: 0.0006010 seconds
2015-01-26T15:57:55.096+0530: 11695.370: Total time for which application threads were stopped: 0.0005710 seconds
2015-01-26T15:58:52.533+0530: 11752.806: Total time for which application threads were stopped: 0.0006550 seconds
2015-01-26T15:59:47.423+0530: 11807.696: Total time for which application threads were stopped: 0.0070870 seconds
{Heap before GC invocations=11 (full 0):
 par new generation   total 109248K, used 98314K [0x00000000dae00000, 0x00000000e2e00000, 0x00000000e2e00000)
  eden space 87424K, 100% used [0x00000000dae00000, 0x00000000e0360000, 0x00000000e0360000)
  from space 21824K,  49% used [0x00000000e18b0000, 0x00000000e2352ab0, 0x00000000e2e00000)
  to   space 21824K,   0% used [0x00000000e0360000, 0x00000000e0360000, 0x00000000e18b0000)
 concurrent mark-sweep generation total 393216K, used 7505K [0x00000000e2e00000, 0x00000000fae00000, 0x00000000fae00000)
 concurrent-mark-sweep perm gen total 30464K, used 30395K [0x00000000fae00000, 0x00000000fcbc0000, 0x0000000100000000)
2015-01-26T16:00:15.963+0530: 11836.236: [GC2015-01-26T16:00:15.963+0530: 11836.236: [ParNew
Desired survivor size 20112992 bytes, new threshold 8 (max 8)
- age   1:     111920 bytes,     111920 total
- age   2:       4224 bytes,     116144 total
- age   3:    6698832 bytes,    6814976 total
- age   4:    2278376 bytes,    9093352 total
- age   5:     133472 bytes,    9226824 total
- age   6:      82328 bytes,    9309152 total
- age   7:      88440 bytes,    9397592 total
- age   8:      97040 bytes,    9494632 total
: 98314K->14369K(109248K), 0.0224920 secs] 105820K->22019K(502464K), 0.0225940 secs] [Times: user=0.06 sys=0.00, real=0.02 secs] 
Heap after GC invocations=12 (full 0):
 par new generation   total 109248K, used 14369K [0x00000000dae00000, 0x00000000e2e00000, 0x00000000e2e00000)
  eden space 87424K,   0% used [0x00000000dae00000, 0x00000000dae00000, 0x00000000e0360000)
  from space 21824K,  65% used [0x00000000e0360000, 0x00000000e1168718, 0x00000000e18b0000)
  to   space 21824K,   0% used [0x00000000e18b0000, 0x00000000e18b0000, 0x00000000e2e00000)
 concurrent mark-sweep generation total 393216K, used 7649K [0x00000000e2e00000, 0x00000000fae00000, 0x00000000fae00000)
 concurrent-mark-sweep perm gen total 30464K, used 30395K [0x00000000fae00000, 0x00000000fcbc0000, 0x0000000100000000)
}
2015-01-26T16:00:15.985+0530: 11836.259: Total time for which application threads were stopped: 0.0228660 seconds
2015-01-26T16:00:41.891+0530: 11862.164: Total time for which application threads were stopped: 0.0076070 seconds
2015-01-26T16:01:40.014+0530: 11920.287: Total time for which application threads were stopped: 0.0155720 seconds
2015-01-26T16:02:35.162+0530: 11975.436: Total time for which application threads were stopped: 0.0008250 seconds
2015-01-26T16:03:31.306+0530: 12031.579: Total time for which application threads were stopped: 0.0006070 seconds
2015-01-26T16:04:27.930+0530: 12088.203: Total time for which application threads were stopped: 0.0005930 seconds
2015-01-26T16:05:24.814+0530: 12145.087: Total time for which application threads were stopped: 0.0002420 seconds
2015-01-26T16:06:19.962+0530: 12200.235: Total time for which application threads were stopped: 0.0003540 seconds
2015-01-26T16:07:14.916+0530: 12255.189: Total time for which application threads were stopped: 0.0006250 seconds
2015-01-26T16:08:12.065+0530: 12312.338: Total time for which application threads were stopped: 0.0005930 seconds
2015-01-26T16:09:06.657+0530: 12366.930: Total time for which application threads were stopped: 0.0006120 seconds
2015-01-26T16:10:05.659+0530: 12425.932: Total time for which application threads were stopped: 0.0006360 seconds
2015-01-26T16:11:00.938+0530: 12481.212: Total time for which application threads were stopped: 0.0003370 seconds
2015-01-26T16:11:59.109+0530: 12539.382: Total time for which application threads were stopped: 0.0006050 seconds
2015-01-26T16:12:55.201+0530: 12595.474: Total time for which application threads were stopped: 0.0006300 seconds
2015-01-26T16:13:49.372+0530: 12649.646: Total time for which application threads were stopped: 0.0005840 seconds
2015-01-26T16:14:45.292+0530: 12705.566: Total time for which application threads were stopped: 0.0006000 seconds
2015-01-26T16:15:40.562+0530: 12760.836: Total time for which application threads were stopped: 0.0006160 seconds
2015-01-26T16:16:36.666+0530: 12816.940: Total time for which application threads were stopped: 0.0006910 seconds
2015-01-26T16:17:30.421+0530: 12870.694: Total time for which application threads were stopped: 0.0007450 seconds
2015-01-26T16:18:24.045+0530: 12924.318: Total time for which application threads were stopped: 0.0006000 seconds
2015-01-26T16:19:21.319+0530: 12981.592: Total time for which application threads were stopped: 0.0005740 seconds
2015-01-26T16:20:16.285+0530: 13036.558: Total time for which application threads were stopped: 0.0005850 seconds
2015-01-26T16:21:13.771+0530: 13094.044: Total time for which application threads were stopped: 0.0006090 seconds
2015-01-26T16:22:11.915+0530: 13152.188: Total time for which application threads were stopped: 0.0005950 seconds
2015-01-26T16:23:09.070+0530: 13209.343: Total time for which application threads were stopped: 0.0006150 seconds
2015-01-26T16:24:06.087+0530: 13266.360: Total time for which application threads were stopped: 0.0006590 seconds
2015-01-26T16:25:01.824+0530: 13322.097: Total time for which application threads were stopped: 0.0005770 seconds
2015-01-26T16:25:56.595+0530: 13376.868: Total time for which application threads were stopped: 0.0005940 seconds
2015-01-26T16:26:52.838+0530: 13433.111: Total time for which application threads were stopped: 0.0112980 seconds
2015-01-26T16:27:48.796+0530: 13489.076: Total time for which application threads were stopped: 0.0073880 seconds
2015-01-26T16:28:45.454+0530: 13545.727: Total time for which application threads were stopped: 0.0006560 seconds
2015-01-26T16:29:41.510+0530: 13601.783: Total time for which application threads were stopped: 0.0006000 seconds
2015-01-26T16:30:35.991+0530: 13656.264: Total time for which application threads were stopped: 0.0006890 seconds
2015-01-26T16:31:30.534+0530: 13710.807: Total time for which application threads were stopped: 0.0005990 seconds
2015-01-26T16:32:26.755+0530: 13767.028: Total time for which application threads were stopped: 0.0006090 seconds
2015-01-26T16:33:24.439+0530: 13824.712: Total time for which application threads were stopped: 0.0005990 seconds
2015-01-26T16:34:19.702+0530: 13879.975: Total time for which application threads were stopped: 0.0006300 seconds
2015-01-26T16:35:17.886+0530: 13938.160: Total time for which application threads were stopped: 0.0007170 seconds
2015-01-26T16:36:13.837+0530: 13994.111: Total time for which application threads were stopped: 0.0002940 seconds
2015-01-26T16:37:09.723+0530: 14049.997: Total time for which application threads were stopped: 0.0003780 seconds
2015-01-26T16:38:06.024+0530: 14106.297: Total time for which application threads were stopped: 0.0003990 seconds
2015-01-26T16:38:59.284+0530: 14159.557: Total time for which application threads were stopped: 0.0006130 seconds
2015-01-26T16:39:55.331+0530: 14215.604: Total time for which application threads were stopped: 0.4103010 seconds
2015-01-26T16:40:53.307+0530: 14273.580: Total time for which application threads were stopped: 0.1694540 seconds
2015-01-26T16:41:49.956+0530: 14330.230: Total time for which application threads were stopped: 0.0004540 seconds
2015-01-26T16:42:44.814+0530: 14385.087: Total time for which application threads were stopped: 0.0002740 seconds
2015-01-26T16:43:40.191+0530: 14440.465: Total time for which application threads were stopped: 0.0002840 seconds
2015-01-26T16:44:37.076+0530: 14497.350: Total time for which application threads were stopped: 0.0006490 seconds
2015-01-26T16:45:33.855+0530: 14554.129: Total time for which application threads were stopped: 0.0006570 seconds
2015-01-26T16:46:30.746+0530: 14611.020: Total time for which application threads were stopped: 0.0009280 seconds
2015-01-26T16:47:25.910+0530: 14666.183: Total time for which application threads were stopped: 0.0006420 seconds
2015-01-26T16:48:21.976+0530: 14722.250: Total time for which application threads were stopped: 0.0004100 seconds
2015-01-26T16:49:17.104+0530: 14777.378: Total time for which application threads were stopped: 0.0007180 seconds
2015-01-26T16:50:13.427+0530: 14833.700: Total time for which application threads were stopped: 0.0006050 seconds
2015-01-26T16:51:09.502+0530: 14889.775: Total time for which application threads were stopped: 0.0006360 seconds
2015-01-26T16:52:04.717+0530: 14944.991: Total time for which application threads were stopped: 0.0007010 seconds
2015-01-26T16:52:59.734+0530: 15000.007: Total time for which application threads were stopped: 0.0006210 seconds
2015-01-26T16:53:57.595+0530: 15057.868: Total time for which application threads were stopped: 0.0006620 seconds
2015-01-26T16:54:52.086+0530: 15112.360: Total time for which application threads were stopped: 0.0006890 seconds
2015-01-26T16:55:47.797+0530: 15168.070: Total time for which application threads were stopped: 0.0005830 seconds
2015-01-26T16:56:44.047+0530: 15224.320: Total time for which application threads were stopped: 0.0006610 seconds
2015-01-26T16:57:40.526+0530: 15280.800: Total time for which application threads were stopped: 0.0006790 seconds
2015-01-26T16:58:38.441+0530: 15338.714: Total time for which application threads were stopped: 0.0005790 seconds
2015-01-26T16:59:34.714+0530: 15394.988: Total time for which application threads were stopped: 0.0006830 seconds
2015-01-26T17:00:30.615+0530: 15450.888: Total time for which application threads were stopped: 0.0008080 seconds
2015-01-26T17:01:25.751+0530: 15506.036: Total time for which application threads were stopped: 0.0125480 seconds
{Heap before GC invocations=12 (full 0):
 par new generation   total 109248K, used 101793K [0x00000000dae00000, 0x00000000e2e00000, 0x00000000e2e00000)
  eden space 87424K, 100% used [0x00000000dae00000, 0x00000000e0360000, 0x00000000e0360000)
  from space 21824K,  65% used [0x00000000e0360000, 0x00000000e1168718, 0x00000000e18b0000)
  to   space 21824K,   0% used [0x00000000e18b0000, 0x00000000e18b0000, 0x00000000e2e00000)
 concurrent mark-sweep generation total 393216K, used 7649K [0x00000000e2e00000, 0x00000000fae00000, 0x00000000fae00000)
 concurrent-mark-sweep perm gen total 30464K, used 30432K [0x00000000fae00000, 0x00000000fcbc0000, 0x0000000100000000)
2015-01-26T17:02:08.221+0530: 15548.495: [GC2015-01-26T17:02:08.237+0530: 15548.510: [ParNew
Desired survivor size 20112992 bytes, new threshold 8 (max 8)
- age   1:     109896 bytes,     109896 total
- age   3:       4224 bytes,     114120 total
- age   4:    6698832 bytes,    6812952 total
- age   5:    2278376 bytes,    9091328 total
- age   6:     133472 bytes,    9224800 total
- age   7:      82328 bytes,    9307128 total
- age   8:      88440 bytes,    9395568 total
: 101793K->11444K(109248K), 0.1066380 secs] 109443K->19191K(502464K), 0.1221130 secs] [Times: user=0.05 sys=0.00, real=0.12 secs] 
Heap after GC invocations=13 (full 0):
 par new generation   total 109248K, used 11444K [0x00000000dae00000, 0x00000000e2e00000, 0x00000000e2e00000)
  eden space 87424K,   0% used [0x00000000dae00000, 0x00000000dae00000, 0x00000000e0360000)
  from space 21824K,  52% used [0x00000000e18b0000, 0x00000000e23dd0c0, 0x00000000e2e00000)
  to   space 21824K,   0% used [0x00000000e0360000, 0x00000000e0360000, 0x00000000e18b0000)
 concurrent mark-sweep generation total 393216K, used 7747K [0x00000000e2e00000, 0x00000000fae00000, 0x00000000fae00000)
 concurrent-mark-sweep perm gen total 30464K, used 30432K [0x00000000fae00000, 0x00000000fcbc0000, 0x0000000100000000)
}
2015-01-26T17:02:08.343+0530: 15548.617: Total time for which application threads were stopped: 0.2034680 seconds
2015-01-26T17:02:22.931+0530: 15563.204: Total time for which application threads were stopped: 0.0002650 seconds
2015-01-26T17:03:16.913+0530: 15617.186: Total time for which application threads were stopped: 0.0003450 seconds
2015-01-26T17:04:13.828+0530: 15674.102: Total time for which application threads were stopped: 0.0006050 seconds
2015-01-26T17:05:09.479+0530: 15729.752: Total time for which application threads were stopped: 0.0003800 seconds
2015-01-26T17:06:02.270+0530: 15782.544: Total time for which application threads were stopped: 0.0008630 seconds
2015-01-26T17:06:59.243+0530: 15839.516: Total time for which application threads were stopped: 0.0007910 seconds
2015-01-26T17:07:53.824+0530: 15894.098: Total time for which application threads were stopped: 0.0008040 seconds
2015-01-26T17:08:48.663+0530: 15948.936: Total time for which application threads were stopped: 0.0006050 seconds
2015-01-26T17:09:45.403+0530: 16005.676: Total time for which application threads were stopped: 0.0003230 seconds
2015-01-26T17:10:38.727+0530: 16059.001: Total time for which application threads were stopped: 0.0008730 seconds
2015-01-26T17:11:34.082+0530: 16114.355: Total time for which application threads were stopped: 0.0003420 seconds
2015-01-26T17:12:32.268+0530: 16172.541: Total time for which application threads were stopped: 0.0002780 seconds
2015-01-26T17:13:28.176+0530: 16228.450: Total time for which application threads were stopped: 0.0005850 seconds
2015-01-26T17:14:24.990+0530: 16285.264: Total time for which application threads were stopped: 0.0006630 seconds
2015-01-26T17:15:19.748+0530: 16340.021: Total time for which application threads were stopped: 0.0003500 seconds
2015-01-26T17:16:16.346+0530: 16396.620: Total time for which application threads were stopped: 0.0003260 seconds
2015-01-26T17:17:11.751+0530: 16452.025: Total time for which application threads were stopped: 0.0003950 seconds
2015-01-26T17:18:08.055+0530: 16508.328: Total time for which application threads were stopped: 0.0005880 seconds
2015-01-26T17:19:03.975+0530: 16564.248: Total time for which application threads were stopped: 0.0003750 seconds
2015-01-26T17:20:00.192+0530: 16620.465: Total time for which application threads were stopped: 0.0006330 seconds
2015-01-26T17:20:54.290+0530: 16674.563: Total time for which application threads were stopped: 0.0004800 seconds
2015-01-26T17:21:50.145+0530: 16730.418: Total time for which application threads were stopped: 0.0006020 seconds
2015-01-26T17:22:46.920+0530: 16787.194: Total time for which application threads were stopped: 0.0004920 seconds
2015-01-26T17:23:43.091+0530: 16843.364: Total time for which application threads were stopped: 0.0006410 seconds
2015-01-26T17:24:40.164+0530: 16900.437: Total time for which application threads were stopped: 0.0006330 seconds
2015-01-26T17:25:35.100+0530: 16955.374: Total time for which application threads were stopped: 0.0006370 seconds
2015-01-26T17:26:32.520+0530: 17012.794: Total time for which application threads were stopped: 0.0009660 seconds
2015-01-26T17:27:28.899+0530: 17069.173: Total time for which application threads were stopped: 0.0002790 seconds
2015-01-26T17:28:24.203+0530: 17124.476: Total time for which application threads were stopped: 0.0003590 seconds
2015-01-26T17:29:16.182+0530: 17176.470: Total time for which application threads were stopped: 0.0149900 seconds
2015-01-26T17:30:13.794+0530: 17234.068: Total time for which application threads were stopped: 0.0006890 seconds
2015-01-26T17:31:09.144+0530: 17289.417: Total time for which application threads were stopped: 0.0003610 seconds
2015-01-26T17:32:07.280+0530: 17347.554: Total time for which application threads were stopped: 0.0002840 seconds
2015-01-26T17:33:02.052+0530: 17402.325: Total time for which application threads were stopped: 0.0004420 seconds
2015-01-26T17:34:00.200+0530: 17460.474: Total time for which application threads were stopped: 0.0004050 seconds
2015-01-26T17:34:58.315+0530: 17518.588: Total time for which application threads were stopped: 0.0002870 seconds
2015-01-26T17:35:54.967+0530: 17575.241: Total time for which application threads were stopped: 0.0006100 seconds
2015-01-26T17:36:50.018+0530: 17630.291: Total time for which application threads were stopped: 0.0006090 seconds
2015-01-26T17:37:47.622+0530: 17687.895: Total time for which application threads were stopped: 0.0005940 seconds
2015-01-26T17:38:41.969+0530: 17742.242: Total time for which application threads were stopped: 0.0006110 seconds
2015-01-26T17:39:38.080+0530: 17798.353: Total time for which application threads were stopped: 0.0006050 seconds
2015-01-26T17:40:33.579+0530: 17853.852: Total time for which application threads were stopped: 0.0002890 seconds
2015-01-26T17:41:31.111+0530: 17911.385: Total time for which application threads were stopped: 0.0008710 seconds
2015-01-26T17:42:28.509+0530: 17968.783: Total time for which application threads were stopped: 0.0003430 seconds
2015-01-26T17:43:24.299+0530: 18024.572: Total time for which application threads were stopped: 0.0004630 seconds
2015-01-26T17:44:21.458+0530: 18081.732: Total time for which application threads were stopped: 0.0007960 seconds
2015-01-26T17:45:16.201+0530: 18136.474: Total time for which application threads were stopped: 0.0006380 seconds
2015-01-26T17:46:13.500+0530: 18193.773: Total time for which application threads were stopped: 0.0002650 seconds
2015-01-26T17:47:10.678+0530: 18250.952: Total time for which application threads were stopped: 0.0003810 seconds
2015-01-26T17:48:08.270+0530: 18308.543: Total time for which application threads were stopped: 0.0006210 seconds
2015-01-26T17:49:05.427+0530: 18365.700: Total time for which application threads were stopped: 0.0006380 seconds
2015-01-26T17:50:03.209+0530: 18423.482: Total time for which application threads were stopped: 0.0002770 seconds
2015-01-26T17:51:02.164+0530: 18482.437: Total time for which application threads were stopped: 0.0006080 seconds
2015-01-26T17:52:00.853+0530: 18541.126: Total time for which application threads were stopped: 0.0005930 seconds
2015-01-26T17:52:57.604+0530: 18597.877: Total time for which application threads were stopped: 0.0004620 seconds
2015-01-26T17:53:53.630+0530: 18653.903: Total time for which application threads were stopped: 0.0006010 seconds
2015-01-26T17:54:49.287+0530: 18709.560: Total time for which application threads were stopped: 0.0006630 seconds
2015-01-26T17:55:45.478+0530: 18765.751: Total time for which application threads were stopped: 0.0006240 seconds
2015-01-26T17:56:36.933+0530: 18817.206: Total time for which application threads were stopped: 0.0006580 seconds
2015-01-26T17:57:33.330+0530: 18873.603: Total time for which application threads were stopped: 0.0006420 seconds
2015-01-26T17:58:28.077+0530: 18928.351: Total time for which application threads were stopped: 0.0002840 seconds
2015-01-26T17:59:24.909+0530: 18985.182: Total time for which application threads were stopped: 0.0006190 seconds
2015-01-26T18:00:21.389+0530: 19041.662: Total time for which application threads were stopped: 0.0006070 seconds
2015-01-26T18:01:17.618+0530: 19097.891: Total time for which application threads were stopped: 0.0006100 seconds
2015-01-26T18:02:13.295+0530: 19153.568: Total time for which application threads were stopped: 0.0007170 seconds
2015-01-26T18:03:09.253+0530: 19209.558: Total time for which application threads were stopped: 0.0326250 seconds
2015-01-26T18:04:05.511+0530: 19265.785: Total time for which application threads were stopped: 0.0006170 seconds
{Heap before GC invocations=13 (full 0):
 par new generation   total 109248K, used 98868K [0x00000000dae00000, 0x00000000e2e00000, 0x00000000e2e00000)
  eden space 87424K, 100% used [0x00000000dae00000, 0x00000000e0360000, 0x00000000e0360000)
  from space 21824K,  52% used [0x00000000e18b0000, 0x00000000e23dd0c0, 0x00000000e2e00000)
  to   space 21824K,   0% used [0x00000000e0360000, 0x00000000e0360000, 0x00000000e18b0000)
 concurrent mark-sweep generation total 393216K, used 7747K [0x00000000e2e00000, 0x00000000fae00000, 0x00000000fae00000)
 concurrent-mark-sweep perm gen total 30464K, used 30434K [0x00000000fae00000, 0x00000000fcbc0000, 0x0000000100000000)
2015-01-26T18:04:08.425+0530: 19268.698: [GC2015-01-26T18:04:08.428+0530: 19268.702: [ParNew
Desired survivor size 20112992 bytes, new threshold 8 (max 8)
- age   1:     118800 bytes,     118800 total
- age   4:       4224 bytes,     123024 total
- age   5:    6698960 bytes,    6821984 total
- age   6:    2278376 bytes,    9100360 total
- age   7:     133472 bytes,    9233832 total
- age   8:      82328 bytes,    9316160 total
: 98868K->11489K(109248K), 0.1103020 secs] 106615K->19326K(502464K), 0.1135460 secs] [Times: user=0.04 sys=0.00, real=0.12 secs] 
Heap after GC invocations=14 (full 0):
 par new generation   total 109248K, used 11489K [0x00000000dae00000, 0x00000000e2e00000, 0x00000000e2e00000)
  eden space 87424K,   0% used [0x00000000dae00000, 0x00000000dae00000, 0x00000000e0360000)
  from space 21824K,  52% used [0x00000000e0360000, 0x00000000e0e98748, 0x00000000e18b0000)
  to   space 21824K,   0% used [0x00000000e18b0000, 0x00000000e18b0000, 0x00000000e2e00000)
 concurrent mark-sweep generation total 393216K, used 7836K [0x00000000e2e00000, 0x00000000fae00000, 0x00000000fae00000)
 concurrent-mark-sweep perm gen total 30464K, used 30434K [0x00000000fae00000, 0x00000000fcbc0000, 0x0000000100000000)
}
2015-01-26T18:04:08.539+0530: 19268.812: Total time for which application threads were stopped: 0.1820570 seconds
2015-01-26T18:05:05.180+0530: 19325.453: Total time for which application threads were stopped: 0.0005890 seconds
2015-01-26T18:05:59.296+0530: 19379.569: Total time for which application threads were stopped: 0.0006700 seconds
2015-01-26T18:06:56.584+0530: 19436.858: Total time for which application threads were stopped: 0.0005970 seconds
2015-01-26T18:07:52.267+0530: 19492.540: Total time for which application threads were stopped: 0.0006680 seconds
2015-01-26T18:08:51.138+0530: 19551.411: Total time for which application threads were stopped: 0.0009070 seconds
2015-01-26T18:09:48.013+0530: 19608.287: Total time for which application threads were stopped: 0.0005830 seconds
2015-01-26T18:10:43.296+0530: 19663.569: Total time for which application threads were stopped: 0.0006400 seconds
2015-01-26T18:11:40.836+0530: 19721.109: Total time for which application threads were stopped: 0.0006230 seconds
2015-01-26T18:12:37.120+0530: 19777.394: Total time for which application threads were stopped: 0.0008550 seconds
2015-01-26T18:13:34.320+0530: 19834.593: Total time for which application threads were stopped: 0.0006190 seconds
2015-01-26T18:14:29.037+0530: 19889.310: Total time for which application threads were stopped: 0.0006310 seconds
2015-01-26T18:15:28.297+0530: 19948.570: Total time for which application threads were stopped: 0.0007880 seconds
2015-01-26T18:16:24.271+0530: 20004.544: Total time for which application threads were stopped: 0.0006360 seconds
2015-01-26T18:17:21.879+0530: 20062.153: Total time for which application threads were stopped: 0.0006120 seconds
2015-01-26T18:18:20.392+0530: 20120.665: Total time for which application threads were stopped: 0.0006400 seconds
2015-01-26T18:19:15.847+0530: 20176.121: Total time for which application threads were stopped: 0.0006390 seconds
2015-01-26T18:20:12.497+0530: 20232.770: Total time for which application threads were stopped: 0.0006150 seconds
2015-01-26T18:21:07.777+0530: 20288.050: Total time for which application threads were stopped: 0.0005970 seconds
2015-01-26T18:22:03.529+0530: 20343.803: Total time for which application threads were stopped: 0.0008090 seconds
2015-01-26T18:22:58.862+0530: 20399.135: Total time for which application threads were stopped: 0.0006800 seconds
2015-01-26T18:23:54.427+0530: 20454.700: Total time for which application threads were stopped: 0.0006180 seconds
2015-01-26T18:24:50.241+0530: 20510.514: Total time for which application threads were stopped: 0.0005820 seconds
2015-01-26T18:25:46.872+0530: 20567.145: Total time for which application threads were stopped: 0.0006390 seconds
2015-01-26T18:26:42.488+0530: 20622.761: Total time for which application threads were stopped: 0.0006190 seconds
2015-01-26T18:27:39.912+0530: 20680.185: Total time for which application threads were stopped: 0.0007740 seconds
2015-01-26T18:28:37.433+0530: 20737.706: Total time for which application threads were stopped: 0.0005870 seconds
2015-01-26T18:29:33.535+0530: 20793.808: Total time for which application threads were stopped: 0.0005990 seconds
2015-01-26T18:30:27.998+0530: 20848.271: Total time for which application threads were stopped: 0.0005610 seconds
2015-01-26T18:31:25.015+0530: 20905.289: Total time for which application threads were stopped: 0.0006000 seconds
2015-01-26T18:32:20.722+0530: 20961.012: Total time for which application threads were stopped: 0.0175610 seconds
2015-01-26T18:33:18.032+0530: 21018.306: Total time for which application threads were stopped: 0.0006530 seconds
2015-01-26T18:34:14.173+0530: 21074.446: Total time for which application threads were stopped: 0.0006640 seconds
2015-01-26T18:35:11.945+0530: 21132.218: Total time for which application threads were stopped: 0.0007840 seconds
2015-01-26T18:36:07.501+0530: 21187.774: Total time for which application threads were stopped: 0.0005990 seconds
2015-01-26T18:37:05.476+0530: 21245.749: Total time for which application threads were stopped: 0.0006210 seconds
2015-01-26T18:38:04.382+0530: 21304.655: Total time for which application threads were stopped: 0.0005870 seconds
2015-01-26T18:39:01.170+0530: 21361.443: Total time for which application threads were stopped: 0.0006010 seconds
2015-01-26T18:39:57.733+0530: 21418.006: Total time for which application threads were stopped: 0.0005870 seconds
2015-01-26T18:40:52.333+0530: 21472.607: Total time for which application threads were stopped: 0.0006040 seconds
2015-01-26T18:41:48.920+0530: 21529.193: Total time for which application threads were stopped: 0.0004610 seconds
2015-01-26T18:42:44.337+0530: 21584.610: Total time for which application threads were stopped: 0.0007730 seconds
2015-01-26T18:43:39.738+0530: 21640.012: Total time for which application threads were stopped: 0.0006660 seconds
2015-01-26T18:44:38.774+0530: 21699.048: Total time for which application threads were stopped: 0.0006910 seconds
2015-01-26T18:45:35.250+0530: 21755.523: Total time for which application threads were stopped: 0.0005860 seconds
2015-01-26T18:46:30.269+0530: 21810.543: Total time for which application threads were stopped: 0.0006290 seconds
2015-01-26T18:47:26.890+0530: 21867.164: Total time for which application threads were stopped: 0.0009120 seconds
2015-01-26T18:48:23.147+0530: 21923.421: Total time for which application threads were stopped: 0.0006550 seconds
2015-01-26T18:49:19.821+0530: 21980.094: Total time for which application threads were stopped: 0.0006060 seconds
2015-01-26T18:50:17.886+0530: 22038.160: Total time for which application threads were stopped: 0.0007350 seconds
2015-01-26T18:51:14.306+0530: 22094.579: Total time for which application threads were stopped: 0.0004540 seconds
2015-01-26T18:52:10.566+0530: 22150.840: Total time for which application threads were stopped: 0.0006710 seconds
2015-01-26T18:53:09.336+0530: 22209.609: Total time for which application threads were stopped: 0.0006180 seconds
2015-01-26T18:54:05.349+0530: 22265.622: Total time for which application threads were stopped: 0.0006850 seconds
2015-01-26T18:55:02.999+0530: 22323.273: Total time for which application threads were stopped: 0.0006020 seconds
2015-01-26T18:55:59.298+0530: 22379.571: Total time for which application threads were stopped: 0.0006650 seconds
2015-01-26T18:56:55.254+0530: 22435.528: Total time for which application threads were stopped: 0.0005890 seconds
2015-01-26T18:57:51.878+0530: 22492.152: Total time for which application threads were stopped: 0.0006720 seconds
2015-01-26T18:58:46.003+0530: 22546.276: Total time for which application threads were stopped: 0.0006180 seconds
2015-01-26T18:59:42.320+0530: 22602.594: Total time for which application threads were stopped: 0.0006130 seconds
2015-01-26T19:00:39.075+0530: 22659.348: Total time for which application threads were stopped: 0.0005920 seconds
2015-01-26T19:01:34.320+0530: 22714.593: Total time for which application threads were stopped: 0.0007670 seconds
2015-01-26T19:02:30.872+0530: 22771.145: Total time for which application threads were stopped: 0.0006130 seconds
2015-01-26T19:03:27.823+0530: 22828.096: Total time for which application threads were stopped: 0.0006160 seconds
2015-01-26T19:04:23.560+0530: 22883.834: Total time for which application threads were stopped: 0.0006810 seconds
2015-01-26T19:05:20.118+0530: 22940.392: Total time for which application threads were stopped: 0.0006910 seconds
{Heap before GC invocations=14 (full 0):
 par new generation   total 109248K, used 98913K [0x00000000dae00000, 0x00000000e2e00000, 0x00000000e2e00000)
  eden space 87424K, 100% used [0x00000000dae00000, 0x00000000e0360000, 0x00000000e0360000)
  from space 21824K,  52% used [0x00000000e0360000, 0x00000000e0e98748, 0x00000000e18b0000)
  to   space 21824K,   0% used [0x00000000e18b0000, 0x00000000e18b0000, 0x00000000e2e00000)
 concurrent mark-sweep generation total 393216K, used 7836K [0x00000000e2e00000, 0x00000000fae00000, 0x00000000fae00000)
 concurrent-mark-sweep perm gen total 30464K, used 30437K [0x00000000fae00000, 0x00000000fcbc0000, 0x0000000100000000)
2015-01-26T19:06:08.577+0530: 22988.850: [GC2015-01-26T19:06:08.577+0530: 22988.850: [ParNew
Desired survivor size 20112992 bytes, new threshold 8 (max 8)
- age   1:     113456 bytes,     113456 total
- age   2:       8952 bytes,     122408 total
- age   5:       4224 bytes,     126632 total
- age   6:    6698832 bytes,    6825464 total
- age   7:    2278376 bytes,    9103840 total
- age   8:     133472 bytes,    9237312 total
: 98913K->9883K(109248K), 0.0141210 secs] 106750K->17801K(502464K), 0.0142730 secs] [Times: user=0.05 sys=0.00, real=0.01 secs] 
Heap after GC invocations=15 (full 0):
 par new generation   total 109248K, used 9883K [0x00000000dae00000, 0x00000000e2e00000, 0x00000000e2e00000)
  eden space 87424K,   0% used [0x00000000dae00000, 0x00000000dae00000, 0x00000000e0360000)
  from space 21824K,  45% used [0x00000000e18b0000, 0x00000000e2256d30, 0x00000000e2e00000)
  to   space 21824K,   0% used [0x00000000e0360000, 0x00000000e0360000, 0x00000000e18b0000)
 concurrent mark-sweep generation total 393216K, used 7918K [0x00000000e2e00000, 0x00000000fae00000, 0x00000000fae00000)
 concurrent-mark-sweep perm gen total 30464K, used 30437K [0x00000000fae00000, 0x00000000fcbc0000, 0x0000000100000000)
}
2015-01-26T19:06:08.591+0530: 22988.865: Total time for which application threads were stopped: 0.0374170 seconds
2015-01-26T19:06:16.920+0530: 22997.194: Total time for which application threads were stopped: 0.0005200 seconds
2015-01-26T19:07:11.693+0530: 23051.966: Total time for which application threads were stopped: 0.0007680 seconds
2015-01-26T19:08:08.979+0530: 23109.253: Total time for which application threads were stopped: 0.0006380 seconds
2015-01-26T19:08:16.981+0530: 23117.254: Total time for which application threads were stopped: 0.0003530 seconds
2015-01-26T19:08:18.981+0530: 23119.254: Total time for which application threads were stopped: 0.0003650 seconds
2015-01-26T19:09:03.875+0530: 23164.148: Total time for which application threads were stopped: 0.0006570 seconds
2015-01-26T19:09:59.998+0530: 23220.271: Total time for which application threads were stopped: 0.0006280 seconds
2015-01-26T19:10:56.012+0530: 23276.285: Total time for which application threads were stopped: 0.0005920 seconds
2015-01-26T19:11:51.168+0530: 23331.441: Total time for which application threads were stopped: 0.0006150 seconds
2015-01-26T19:12:45.386+0530: 23385.659: Total time for which application threads were stopped: 0.0005940 seconds
2015-01-26T19:13:40.687+0530: 23440.960: Total time for which application threads were stopped: 0.0006060 seconds
2015-01-26T19:14:34.146+0530: 23494.419: Total time for which application threads were stopped: 0.0005980 seconds
2015-01-26T19:15:33.814+0530: 23554.088: Total time for which application threads were stopped: 0.0005910 seconds
2015-01-26T19:16:29.889+0530: 23610.162: Total time for which application threads were stopped: 0.0005760 seconds
2015-01-26T19:17:27.474+0530: 23667.747: Total time for which application threads were stopped: 0.0005930 seconds
2015-01-26T19:18:25.677+0530: 23725.951: Total time for which application threads were stopped: 0.0007280 seconds
2015-01-26T19:19:22.230+0530: 23782.503: Total time for which application threads were stopped: 0.0006590 seconds
2015-01-26T19:20:16.408+0530: 23836.681: Total time for which application threads were stopped: 0.0005810 seconds
2015-01-26T19:21:12.959+0530: 23893.232: Total time for which application threads were stopped: 0.0007430 seconds
2015-01-26T19:22:09.363+0530: 23949.636: Total time for which application threads were stopped: 0.0005860 seconds
2015-01-26T19:23:05.611+0530: 24005.884: Total time for which application threads were stopped: 0.0005810 seconds
2015-01-26T19:24:01.661+0530: 24061.934: Total time for which application threads were stopped: 0.0005930 seconds
2015-01-26T19:24:59.993+0530: 24120.267: Total time for which application threads were stopped: 0.0005930 seconds
2015-01-26T19:25:56.624+0530: 24176.897: Total time for which application threads were stopped: 0.0005850 seconds
2015-01-26T19:26:52.637+0530: 24232.910: Total time for which application threads were stopped: 0.0005720 seconds
2015-01-26T19:27:49.525+0530: 24289.799: Total time for which application threads were stopped: 0.0006050 seconds
2015-01-26T19:28:44.634+0530: 24344.907: Total time for which application threads were stopped: 0.0006020 seconds
2015-01-26T19:29:41.870+0530: 24402.143: Total time for which application threads were stopped: 0.0006050 seconds
2015-01-26T19:30:38.384+0530: 24458.658: Total time for which application threads were stopped: 0.0005810 seconds
2015-01-26T19:31:35.803+0530: 24516.077: Total time for which application threads were stopped: 0.0006530 seconds
2015-01-26T19:32:34.765+0530: 24575.038: Total time for which application threads were stopped: 0.0005910 seconds
2015-01-26T19:33:31.619+0530: 24631.892: Total time for which application threads were stopped: 0.0006320 seconds
2015-01-26T19:34:30.187+0530: 24690.460: Total time for which application threads were stopped: 0.0006250 seconds
2015-01-26T19:35:26.662+0530: 24746.936: Total time for which application threads were stopped: 0.0003460 seconds
2015-01-26T19:36:23.339+0530: 24803.613: Total time for which application threads were stopped: 0.0005880 seconds
2015-01-26T19:37:17.848+0530: 24858.122: Total time for which application threads were stopped: 0.0010770 seconds
2015-01-26T19:38:13.531+0530: 24913.804: Total time for which application threads were stopped: 0.0008590 seconds
2015-01-26T19:39:08.965+0530: 24969.238: Total time for which application threads were stopped: 0.0005820 seconds
2015-01-26T19:40:03.844+0530: 25024.117: Total time for which application threads were stopped: 0.0006450 seconds
2015-01-26T19:41:02.560+0530: 25082.833: Total time for which application threads were stopped: 0.0006110 seconds
2015-01-26T19:41:57.432+0530: 25137.705: Total time for which application threads were stopped: 0.0004550 seconds
2015-01-26T19:42:51.762+0530: 25192.036: Total time for which application threads were stopped: 0.0003350 seconds
2015-01-26T19:43:47.483+0530: 25247.757: Total time for which application threads were stopped: 0.0008210 seconds
2015-01-26T19:44:45.036+0530: 25305.309: Total time for which application threads were stopped: 0.0005810 seconds
2015-01-26T19:45:39.989+0530: 25360.262: Total time for which application threads were stopped: 0.0007510 seconds
2015-01-26T19:46:35.499+0530: 25415.772: Total time for which application threads were stopped: 0.0002960 seconds
2015-01-26T19:47:31.092+0530: 25471.365: Total time for which application threads were stopped: 0.0004360 seconds
2015-01-26T19:48:25.333+0530: 25525.607: Total time for which application threads were stopped: 0.0006520 seconds
2015-01-26T19:49:21.864+0530: 25582.137: Total time for which application threads were stopped: 0.0002860 seconds
2015-01-26T19:50:16.990+0530: 25637.263: Total time for which application threads were stopped: 0.0006240 seconds
2015-01-26T19:51:14.144+0530: 25694.417: Total time for which application threads were stopped: 0.0006310 seconds
2015-01-26T19:52:07.267+0530: 25747.540: Total time for which application threads were stopped: 0.0008100 seconds
2015-01-26T20:01:42.774+0530: 26323.047: Total time for which application threads were stopped: 0.0009360 seconds
2015-01-26T20:02:39.378+0530: 26379.652: Total time for which application threads were stopped: 0.0006250 seconds
2015-01-26T20:03:34.524+0530: 26434.798: Total time for which application threads were stopped: 0.0005680 seconds
2015-01-26T20:04:33.737+0530: 26494.010: Total time for which application threads were stopped: 0.0008340 seconds
2015-01-26T20:05:30.862+0530: 26551.135: Total time for which application threads were stopped: 0.0008360 seconds
2015-01-26T20:06:27.929+0530: 26608.202: Total time for which application threads were stopped: 0.0008120 seconds
2015-01-26T20:07:21.569+0530: 26661.842: Total time for which application threads were stopped: 0.0112870 seconds
2015-01-26T20:08:17.380+0530: 26717.653: Total time for which application threads were stopped: 0.0002770 seconds
2015-01-26T20:09:14.168+0530: 26774.441: Total time for which application threads were stopped: 0.0006030 seconds
2015-01-26T20:10:10.353+0530: 26830.626: Total time for which application threads were stopped: 0.0005620 seconds
2015-01-26T20:11:07.025+0530: 26887.299: Total time for which application threads were stopped: 0.0006490 seconds
2015-01-26T20:12:03.575+0530: 26943.848: Total time for which application threads were stopped: 0.0003670 seconds
2015-01-26T20:12:58.170+0530: 26998.443: Total time for which application threads were stopped: 0.0003310 seconds
2015-01-26T20:13:54.548+0530: 27054.832: Total time for which application threads were stopped: 0.0113270 seconds
2015-01-26T20:14:54.172+0530: 27114.445: Total time for which application threads were stopped: 0.0006160 seconds
2015-01-26T20:15:51.287+0530: 27171.561: Total time for which application threads were stopped: 0.0003720 seconds
2015-01-26T20:16:49.577+0530: 27229.851: Total time for which application threads were stopped: 0.0003680 seconds
{Heap before GC invocations=15 (full 0):
 par new generation   total 109248K, used 97307K [0x00000000dae00000, 0x00000000e2e00000, 0x00000000e2e00000)
  eden space 87424K, 100% used [0x00000000dae00000, 0x00000000e0360000, 0x00000000e0360000)
  from space 21824K,  45% used [0x00000000e18b0000, 0x00000000e2256d30, 0x00000000e2e00000)
  to   space 21824K,   0% used [0x00000000e0360000, 0x00000000e0360000, 0x00000000e18b0000)
 concurrent mark-sweep generation total 393216K, used 7918K [0x00000000e2e00000, 0x00000000fae00000, 0x00000000fae00000)
 concurrent-mark-sweep perm gen total 30464K, used 30437K [0x00000000fae00000, 0x00000000fcbc0000, 0x0000000100000000)
2015-01-26T20:17:12.599+0530: 27252.872: [GC2015-01-26T20:17:12.599+0530: 27252.873: [ParNew
Desired survivor size 20112992 bytes, new threshold 8 (max 8)
- age   1:     109928 bytes,     109928 total
- age   2:       3576 bytes,     113504 total
- age   3:       8952 bytes,     122456 total
- age   6:       4224 bytes,     126680 total
- age   7:    6698832 bytes,    6825512 total
- age   8:    2278376 bytes,    9103888 total
: 97307K->12259K(109248K), 0.1000550 secs] 105225K->20314K(502464K), 0.1005510 secs] [Times: user=0.10 sys=0.00, real=0.10 secs] 
Heap after GC invocations=16 (full 0):
 par new generation   total 109248K, used 12259K [0x00000000dae00000, 0x00000000e2e00000, 0x00000000e2e00000)
  eden space 87424K,   0% used [0x00000000dae00000, 0x00000000dae00000, 0x00000000e0360000)
  from space 21824K,  56% used [0x00000000e0360000, 0x00000000e0f58e58, 0x00000000e18b0000)
  to   space 21824K,   0% used [0x00000000e18b0000, 0x00000000e18b0000, 0x00000000e2e00000)
 concurrent mark-sweep generation total 393216K, used 8054K [0x00000000e2e00000, 0x00000000fae00000, 0x00000000fae00000)
 concurrent-mark-sweep perm gen total 30464K, used 30437K [0x00000000fae00000, 0x00000000fcbc0000, 0x0000000100000000)
}
2015-01-26T20:17:12.699+0530: 27252.973: Total time for which application threads were stopped: 0.1556310 seconds
2015-01-26T20:17:47.601+0530: 27287.875: Total time for which application threads were stopped: 0.0009090 seconds
2015-01-26T20:18:42.800+0530: 27343.074: Total time for which application threads were stopped: 0.0003090 seconds
2015-01-26T20:19:38.454+0530: 27398.727: Total time for which application threads were stopped: 0.0002740 seconds
2015-01-26T20:20:33.970+0530: 27454.243: Total time for which application threads were stopped: 0.0002940 seconds
2015-01-26T20:21:30.174+0530: 27510.447: Total time for which application threads were stopped: 0.0005750 seconds
2015-01-26T20:22:25.855+0530: 27566.129: Total time for which application threads were stopped: 0.0003280 seconds
2015-01-26T20:23:20.016+0530: 27620.289: Total time for which application threads were stopped: 0.0006220 seconds
2015-01-26T20:24:16.803+0530: 27677.076: Total time for which application threads were stopped: 0.0006120 seconds
2015-01-26T20:25:11.242+0530: 27731.515: Total time for which application threads were stopped: 0.0003540 seconds
2015-01-26T20:26:08.070+0530: 27788.343: Total time for which application threads were stopped: 0.0003270 seconds
2015-01-26T20:27:03.346+0530: 27843.620: Total time for which application threads were stopped: 0.0006790 seconds
2015-01-26T20:27:57.763+0530: 27898.036: Total time for which application threads were stopped: 0.0005900 seconds
2015-01-26T20:28:54.564+0530: 27954.837: Total time for which application threads were stopped: 0.0005930 seconds
2015-01-26T20:29:50.222+0530: 28010.495: Total time for which application threads were stopped: 0.0005720 seconds
2015-01-26T20:30:43.940+0530: 28064.213: Total time for which application threads were stopped: 0.0006210 seconds
2015-01-26T20:31:41.288+0530: 28121.562: Total time for which application threads were stopped: 0.0005940 seconds
2015-01-26T20:32:37.232+0530: 28177.505: Total time for which application threads were stopped: 0.0006210 seconds
2015-01-26T20:33:33.864+0530: 28234.138: Total time for which application threads were stopped: 0.0007030 seconds
2015-01-26T20:34:30.455+0530: 28290.729: Total time for which application threads were stopped: 0.0002700 seconds
2015-01-26T20:35:26.365+0530: 28346.638: Total time for which application threads were stopped: 0.0168130 seconds
2015-01-26T20:36:24.952+0530: 28405.225: Total time for which application threads were stopped: 0.0005990 seconds
2015-01-26T20:37:20.870+0530: 28461.144: Total time for which application threads were stopped: 0.0006630 seconds
2015-01-26T20:38:16.226+0530: 28516.499: Total time for which application threads were stopped: 0.0006240 seconds
2015-01-26T20:39:10.856+0530: 28571.130: Total time for which application threads were stopped: 0.0005960 seconds
2015-01-26T20:40:08.313+0530: 28628.586: Total time for which application threads were stopped: 0.0006200 seconds
2015-01-26T20:41:04.349+0530: 28684.622: Total time for which application threads were stopped: 0.0006260 seconds
2015-01-26T20:42:01.817+0530: 28742.090: Total time for which application threads were stopped: 0.0006560 seconds
2015-01-26T20:42:56.567+0530: 28796.841: Total time for which application threads were stopped: 0.0005900 seconds
2015-01-26T20:43:51.275+0530: 28851.549: Total time for which application threads were stopped: 0.0006400 seconds
2015-01-26T20:44:46.283+0530: 28906.572: Total time for which application threads were stopped: 0.0162230 seconds
2015-01-26T20:45:45.039+0530: 28965.312: Total time for which application threads were stopped: 0.0006200 seconds
2015-01-26T20:46:41.367+0530: 29021.640: Total time for which application threads were stopped: 0.0007060 seconds
2015-01-26T20:47:36.514+0530: 29076.787: Total time for which application threads were stopped: 0.0005970 seconds
2015-01-26T20:48:33.160+0530: 29133.433: Total time for which application threads were stopped: 0.0005880 seconds
2015-01-26T20:49:29.320+0530: 29189.593: Total time for which application threads were stopped: 0.0006290 seconds
2015-01-26T20:50:24.151+0530: 29244.424: Total time for which application threads were stopped: 0.0006550 seconds
2015-01-26T20:51:21.504+0530: 29301.777: Total time for which application threads were stopped: 0.0006160 seconds
2015-01-26T20:52:19.160+0530: 29359.433: Total time for which application threads were stopped: 0.0006170 seconds
2015-01-26T20:53:15.916+0530: 29416.189: Total time for which application threads were stopped: 0.0003310 seconds
2015-01-26T20:54:14.117+0530: 29474.390: Total time for which application threads were stopped: 0.0006150 seconds
2015-01-26T20:55:11.099+0530: 29531.372: Total time for which application threads were stopped: 0.0006570 seconds
2015-01-26T20:56:06.017+0530: 29586.290: Total time for which application threads were stopped: 0.0002620 seconds
2015-01-26T20:57:01.808+0530: 29642.081: Total time for which application threads were stopped: 0.0005870 seconds
2015-01-26T20:57:57.931+0530: 29698.204: Total time for which application threads were stopped: 0.0008110 seconds
2015-01-26T20:58:51.290+0530: 29751.563: Total time for which application threads were stopped: 0.0002650 seconds
2015-01-26T20:59:47.876+0530: 29808.149: Total time for which application threads were stopped: 0.0005890 seconds
2015-01-26T21:00:43.999+0530: 29864.272: Total time for which application threads were stopped: 0.0006600 seconds
2015-01-26T21:01:38.948+0530: 29919.221: Total time for which application threads were stopped: 0.0002750 seconds
2015-01-26T21:02:35.020+0530: 29975.293: Total time for which application threads were stopped: 0.0002570 seconds
2015-01-26T21:03:30.243+0530: 30030.516: Total time for which application threads were stopped: 0.0006110 seconds
2015-01-26T21:04:25.327+0530: 30085.600: Total time for which application threads were stopped: 0.0003090 seconds
2015-01-26T21:05:23.652+0530: 30143.925: Total time for which application threads were stopped: 0.0006090 seconds
2015-01-26T21:06:19.777+0530: 30200.051: Total time for which application threads were stopped: 0.0005880 seconds
2015-01-26T21:07:17.549+0530: 30257.823: Total time for which application threads were stopped: 0.0006390 seconds
2015-01-26T21:08:13.293+0530: 30313.566: Total time for which application threads were stopped: 0.0006220 seconds
2015-01-26T21:09:11.521+0530: 30371.794: Total time for which application threads were stopped: 0.0005940 seconds
2015-01-26T21:10:07.827+0530: 30428.101: Total time for which application threads were stopped: 0.0006080 seconds
2015-01-26T21:11:05.555+0530: 30485.828: Total time for which application threads were stopped: 0.0006810 seconds
2015-01-26T21:12:03.538+0530: 30543.811: Total time for which application threads were stopped: 0.0003990 seconds
2015-01-26T21:12:58.390+0530: 30598.664: Total time for which application threads were stopped: 0.0006470 seconds
2015-01-26T21:13:53.862+0530: 30654.135: Total time for which application threads were stopped: 0.0005900 seconds
2015-01-26T21:14:51.211+0530: 30711.485: Total time for which application threads were stopped: 0.0007680 seconds
2015-01-26T21:15:46.753+0530: 30767.027: Total time for which application threads were stopped: 0.0005920 seconds
2015-01-26T21:16:42.018+0530: 30822.291: Total time for which application threads were stopped: 0.0006160 seconds
2015-01-26T21:17:40.372+0530: 30880.645: Total time for which application threads were stopped: 0.0006070 seconds
2015-01-26T21:18:36.121+0530: 30936.410: Total time for which application threads were stopped: 0.0160400 seconds
2015-01-26T21:19:33.632+0530: 30993.906: Total time for which application threads were stopped: 0.0006240 seconds
{Heap before GC invocations=16 (full 0):
 par new generation   total 109248K, used 99683K [0x00000000dae00000, 0x00000000e2e00000, 0x00000000e2e00000)
  eden space 87424K, 100% used [0x00000000dae00000, 0x00000000e0360000, 0x00000000e0360000)
  from space 21824K,  56% used [0x00000000e0360000, 0x00000000e0f58e58, 0x00000000e18b0000)
  to   space 21824K,   0% used [0x00000000e18b0000, 0x00000000e18b0000, 0x00000000e2e00000)
 concurrent mark-sweep generation total 393216K, used 8054K [0x00000000e2e00000, 0x00000000fae00000, 0x00000000fae00000)
 concurrent-mark-sweep perm gen total 30464K, used 30437K [0x00000000fae00000, 0x00000000fcbc0000, 0x0000000100000000)
2015-01-26T21:19:37.513+0530: 30997.786: [GC2015-01-26T21:19:37.534+0530: 30997.807: [ParNew
Desired survivor size 20112992 bytes, new threshold 8 (max 8)
- age   1:     118536 bytes,     118536 total
- age   3:       3576 bytes,     122112 total
- age   4:        496 bytes,     122608 total
- age   7:       4224 bytes,     126832 total
- age   8:    6698832 bytes,    6825664 total
: 99683K->7880K(109248K), 0.1058450 secs] 107738K->18180K(502464K), 0.1267480 secs] [Times: user=0.04 sys=0.00, real=0.13 secs] 
Heap after GC invocations=17 (full 0):
 par new generation   total 109248K, used 7880K [0x00000000dae00000, 0x00000000e2e00000, 0x00000000e2e00000)
  eden space 87424K,   0% used [0x00000000dae00000, 0x00000000dae00000, 0x00000000e0360000)
  from space 21824K,  36% used [0x00000000e18b0000, 0x00000000e20621b8, 0x00000000e2e00000)
  to   space 21824K,   0% used [0x00000000e0360000, 0x00000000e0360000, 0x00000000e18b0000)
 concurrent mark-sweep generation total 393216K, used 10299K [0x00000000e2e00000, 0x00000000fae00000, 0x00000000fae00000)
 concurrent-mark-sweep perm gen total 30464K, used 30437K [0x00000000fae00000, 0x00000000fcbc0000, 0x0000000100000000)
}
2015-01-26T21:19:37.640+0530: 30997.913: Total time for which application threads were stopped: 0.1821760 seconds
2015-01-26T21:20:28.906+0530: 31049.179: Total time for which application threads were stopped: 0.0004110 seconds
2015-01-26T21:21:27.232+0530: 31107.505: Total time for which application threads were stopped: 0.0008590 seconds
2015-01-26T21:22:25.054+0530: 31165.327: Total time for which application threads were stopped: 0.0006000 seconds
2015-01-26T21:23:22.092+0530: 31222.365: Total time for which application threads were stopped: 0.0008240 seconds
2015-01-26T21:24:18.570+0530: 31278.844: Total time for which application threads were stopped: 0.0006120 seconds
2015-01-26T21:25:13.569+0530: 31333.842: Total time for which application threads were stopped: 0.0006050 seconds
2015-01-26T21:26:07.929+0530: 31388.203: Total time for which application threads were stopped: 0.0006110 seconds
2015-01-26T21:27:04.187+0530: 31444.460: Total time for which application threads were stopped: 0.0006170 seconds
2015-01-26T21:27:58.487+0530: 31498.760: Total time for which application threads were stopped: 0.0006380 seconds
2015-01-26T21:28:52.507+0530: 31552.780: Total time for which application threads were stopped: 0.0006170 seconds
2015-01-26T21:29:49.096+0530: 31609.369: Total time for which application threads were stopped: 0.0005880 seconds
2015-01-26T21:30:43.762+0530: 31664.036: Total time for which application threads were stopped: 0.0005900 seconds
2015-01-26T21:31:37.200+0530: 31717.473: Total time for which application threads were stopped: 0.0005880 seconds
2015-01-26T21:32:30.912+0530: 31771.185: Total time for which application threads were stopped: 0.0003230 seconds
2015-01-26T21:33:27.522+0530: 31827.795: Total time for which application threads were stopped: 0.0005920 seconds
2015-01-26T21:34:23.923+0530: 31884.196: Total time for which application threads were stopped: 0.0006060 seconds
2015-01-26T21:35:22.260+0530: 31942.533: Total time for which application threads were stopped: 0.0006070 seconds
2015-01-26T21:36:16.977+0530: 31997.250: Total time for which application threads were stopped: 0.0005970 seconds
2015-01-26T21:37:13.904+0530: 32054.178: Total time for which application threads were stopped: 0.0005850 seconds
2015-01-26T21:38:09.438+0530: 32109.711: Total time for which application threads were stopped: 0.0007730 seconds
2015-01-26T21:39:06.120+0530: 32166.393: Total time for which application threads were stopped: 0.0006040 seconds
2015-01-26T21:40:00.290+0530: 32220.563: Total time for which application threads were stopped: 0.0006000 seconds
2015-01-26T21:40:57.114+0530: 32277.387: Total time for which application threads were stopped: 0.0006040 seconds
2015-01-26T21:41:53.612+0530: 32333.885: Total time for which application threads were stopped: 0.0005880 seconds
2015-01-26T21:42:52.176+0530: 32392.450: Total time for which application threads were stopped: 0.0006020 seconds
2015-01-26T21:43:50.395+0530: 32450.668: Total time for which application threads were stopped: 0.0005950 seconds
2015-01-26T21:44:44.877+0530: 32505.150: Total time for which application threads were stopped: 0.0005960 seconds
2015-01-26T21:45:41.507+0530: 32561.781: Total time for which application threads were stopped: 0.0007510 seconds
2015-01-26T21:46:41.013+0530: 32621.287: Total time for which application threads were stopped: 0.0006010 seconds
2015-01-26T21:47:37.968+0530: 32678.269: Total time for which application threads were stopped: 0.0279820 seconds
2015-01-26T21:48:34.694+0530: 32734.967: Total time for which application threads were stopped: 0.0005550 seconds
2015-01-26T21:49:30.069+0530: 32790.342: Total time for which application threads were stopped: 0.0005980 seconds
2015-01-26T21:50:27.153+0530: 32847.426: Total time for which application threads were stopped: 0.0005860 seconds
2015-01-26T21:51:22.866+0530: 32903.140: Total time for which application threads were stopped: 0.0006300 seconds
2015-01-26T21:52:17.043+0530: 32957.316: Total time for which application threads were stopped: 0.0002640 seconds
2015-01-26T21:53:13.033+0530: 33013.307: Total time for which application threads were stopped: 0.0005790 seconds
2015-01-26T21:54:10.889+0530: 33071.163: Total time for which application threads were stopped: 0.0005970 seconds
2015-01-26T21:55:06.801+0530: 33127.075: Total time for which application threads were stopped: 0.0006070 seconds
2015-01-26T21:56:03.488+0530: 33183.762: Total time for which application threads were stopped: 0.0005800 seconds
2015-01-26T21:57:00.772+0530: 33241.045: Total time for which application threads were stopped: 0.0006750 seconds
2015-01-26T21:57:54.468+0530: 33294.742: Total time for which application threads were stopped: 0.0005940 seconds
2015-01-26T21:58:47.701+0530: 33347.974: Total time for which application threads were stopped: 0.0005630 seconds
2015-01-26T21:59:44.830+0530: 33405.103: Total time for which application threads were stopped: 0.0005850 seconds
2015-01-26T22:00:42.881+0530: 33463.154: Total time for which application threads were stopped: 0.0006020 seconds
2015-01-26T22:01:39.874+0530: 33520.147: Total time for which application threads were stopped: 0.0005890 seconds
2015-01-26T22:02:33.654+0530: 33573.927: Total time for which application threads were stopped: 0.0007010 seconds
2015-01-26T22:03:28.316+0530: 33628.589: Total time for which application threads were stopped: 0.0004020 seconds
2015-01-26T23:00:36.774+0530: 37057.047: Total time for which application threads were stopped: 0.0003590 seconds
2015-01-26T23:01:33.886+0530: 37114.159: Total time for which application threads were stopped: 0.0003280 seconds
2015-01-26T23:02:31.664+0530: 37171.938: Total time for which application threads were stopped: 0.0006120 seconds
2015-01-26T23:03:28.362+0530: 37228.636: Total time for which application threads were stopped: 0.0832760 seconds
2015-01-26T23:04:24.276+0530: 37284.549: Total time for which application threads were stopped: 0.0004260 seconds
2015-01-26T23:05:19.828+0530: 37340.101: Total time for which application threads were stopped: 0.0006190 seconds
2015-01-26T23:06:16.675+0530: 37396.948: Total time for which application threads were stopped: 0.0005460 seconds
2015-01-26T23:07:11.056+0530: 37451.329: Total time for which application threads were stopped: 0.0718230 seconds
2015-01-26T23:08:08.173+0530: 37508.529: Total time for which application threads were stopped: 1.1096840 seconds
2015-01-26T23:09:04.582+0530: 37564.855: Total time for which application threads were stopped: 0.0006230 seconds
2015-01-26T23:10:01.987+0530: 37622.260: Total time for which application threads were stopped: 0.0005850 seconds
2015-01-26T23:10:59.973+0530: 37680.246: Total time for which application threads were stopped: 0.0005950 seconds
2015-01-26T23:11:57.724+0530: 37737.997: Total time for which application threads were stopped: 0.0006040 seconds
2015-01-26T23:12:55.788+0530: 37796.062: Total time for which application threads were stopped: 0.0006070 seconds
2015-01-26T23:13:51.190+0530: 37851.464: Total time for which application threads were stopped: 0.0006660 seconds
2015-01-26T23:14:46.608+0530: 37906.882: Total time for which application threads were stopped: 0.0005990 seconds
2015-01-26T23:15:45.080+0530: 37965.353: Total time for which application threads were stopped: 0.0006060 seconds
2015-01-26T23:16:42.525+0530: 38022.798: Total time for which application threads were stopped: 0.0005770 seconds
2015-01-26T23:17:40.520+0530: 38080.820: Total time for which application threads were stopped: 0.0272930 seconds
2015-01-26T23:18:38.254+0530: 38138.527: Total time for which application threads were stopped: 0.0005590 seconds
{Heap before GC invocations=17 (full 0):
 par new generation   total 109248K, used 95304K [0x00000000dae00000, 0x00000000e2e00000, 0x00000000e2e00000)
  eden space 87424K, 100% used [0x00000000dae00000, 0x00000000e0360000, 0x00000000e0360000)
  from space 21824K,  36% used [0x00000000e18b0000, 0x00000000e20621b8, 0x00000000e2e00000)
  to   space 21824K,   0% used [0x00000000e0360000, 0x00000000e0360000, 0x00000000e18b0000)
 concurrent mark-sweep generation total 393216K, used 10299K [0x00000000e2e00000, 0x00000000fae00000, 0x00000000fae00000)
 concurrent-mark-sweep perm gen total 30464K, used 30437K [0x00000000fae00000, 0x00000000fcbc0000, 0x0000000100000000)
2015-01-26T23:18:38.352+0530: 38138.626: [GC2015-01-26T23:18:38.367+0530: 38138.640: [ParNew
Desired survivor size 20112992 bytes, new threshold 8 (max 8)
- age   1:     109976 bytes,     109976 total
- age   2:       8656 bytes,     118632 total
- age   4:       3576 bytes,     122208 total
- age   5:        296 bytes,     122504 total
- age   8:       4224 bytes,     126728 total
: 95304K->2091K(109248K), 0.1074330 secs] 105604K->19021K(502464K), 0.1217600 secs] [Times: user=0.04 sys=0.01, real=0.12 secs] 
Heap after GC invocations=18 (full 0):
 par new generation   total 109248K, used 2091K [0x00000000dae00000, 0x00000000e2e00000, 0x00000000e2e00000)
  eden space 87424K,   0% used [0x00000000dae00000, 0x00000000dae00000, 0x00000000e0360000)
  from space 21824K,   9% used [0x00000000e0360000, 0x00000000e056ac20, 0x00000000e18b0000)
  to   space 21824K,   0% used [0x00000000e18b0000, 0x00000000e18b0000, 0x00000000e2e00000)
 concurrent mark-sweep generation total 393216K, used 16930K [0x00000000e2e00000, 0x00000000fae00000, 0x00000000fae00000)
 concurrent-mark-sweep perm gen total 30464K, used 30437K [0x00000000fae00000, 0x00000000fcbc0000, 0x0000000100000000)
}
2015-01-26T23:18:38.474+0530: 38138.748: Total time for which application threads were stopped: 0.1886940 seconds
2015-01-26T23:19:34.230+0530: 38194.503: Total time for which application threads were stopped: 0.0006100 seconds
2015-01-26T23:20:32.824+0530: 38253.098: Total time for which application threads were stopped: 0.0007890 seconds
2015-01-26T23:21:29.810+0530: 38310.084: Total time for which application threads were stopped: 0.0008430 seconds
2015-01-26T23:22:25.414+0530: 38365.688: Total time for which application threads were stopped: 0.0006520 seconds
2015-01-26T23:23:21.918+0530: 38422.192: Total time for which application threads were stopped: 0.0007140 seconds
2015-01-26T23:24:18.313+0530: 38478.587: Total time for which application threads were stopped: 0.0005910 seconds
2015-01-26T23:25:14.302+0530: 38534.575: Total time for which application threads were stopped: 0.0006150 seconds
2015-01-26T23:26:07.851+0530: 38588.124: Total time for which application threads were stopped: 0.0006130 seconds
2015-01-26T23:27:00.910+0530: 38641.183: Total time for which application threads were stopped: 0.0005720 seconds
2015-01-26T23:27:55.328+0530: 38695.601: Total time for which application threads were stopped: 0.0006070 seconds
2015-01-26T23:28:53.140+0530: 38753.413: Total time for which application threads were stopped: 0.0006190 seconds
2015-01-26T23:29:48.517+0530: 38808.790: Total time for which application threads were stopped: 0.0005800 seconds
2015-01-26T23:30:44.773+0530: 38865.046: Total time for which application threads were stopped: 0.0005950 seconds
2015-01-26T23:31:40.499+0530: 38920.772: Total time for which application threads were stopped: 0.0006850 seconds
2015-01-26T23:32:37.067+0530: 38977.340: Total time for which application threads were stopped: 0.0006060 seconds
2015-01-26T23:33:33.112+0530: 39033.385: Total time for which application threads were stopped: 0.0005990 seconds
2015-01-26T23:34:31.964+0530: 39092.237: Total time for which application threads were stopped: 0.0006920 seconds
2015-01-26T23:35:26.759+0530: 39147.032: Total time for which application threads were stopped: 0.0006300 seconds
2015-01-26T23:36:26.007+0530: 39206.281: Total time for which application threads were stopped: 0.0003800 seconds
2015-01-26T23:37:23.760+0530: 39264.033: Total time for which application threads were stopped: 0.0006170 seconds
2015-01-26T23:38:19.615+0530: 39319.889: Total time for which application threads were stopped: 0.0006310 seconds
2015-01-26T23:39:16.712+0530: 39376.985: Total time for which application threads were stopped: 0.0006090 seconds
2015-01-26T23:40:09.783+0530: 39430.056: Total time for which application threads were stopped: 0.0006100 seconds
2015-01-26T23:41:07.676+0530: 39487.949: Total time for which application threads were stopped: 0.0006150 seconds
2015-01-26T23:42:05.202+0530: 39545.475: Total time for which application threads were stopped: 0.0005780 seconds
2015-01-26T23:43:00.521+0530: 39600.794: Total time for which application threads were stopped: 0.0006320 seconds
2015-01-26T23:43:56.679+0530: 39656.952: Total time for which application threads were stopped: 0.0007060 seconds
2015-01-26T23:44:55.438+0530: 39715.711: Total time for which application threads were stopped: 0.0006140 seconds
2015-01-26T23:45:50.118+0530: 39770.392: Total time for which application threads were stopped: 0.0006850 seconds
2015-01-26T23:46:44.388+0530: 39824.661: Total time for which application threads were stopped: 0.0007040 seconds
2015-01-26T23:47:43.082+0530: 39883.356: Total time for which application threads were stopped: 0.0006640 seconds
2015-01-26T23:48:38.291+0530: 39938.565: Total time for which application threads were stopped: 0.0003210 seconds
2015-01-26T23:49:31.975+0530: 39992.248: Total time for which application threads were stopped: 0.0006450 seconds
2015-01-27T00:12:10.561+0530: 41350.835: Total time for which application threads were stopped: 0.0006240 seconds
2015-01-27T00:13:07.182+0530: 41407.455: Total time for which application threads were stopped: 0.0005660 seconds
2015-01-27T00:14:03.522+0530: 41463.795: Total time for which application threads were stopped: 0.0005570 seconds
2015-01-27T00:14:59.384+0530: 41519.658: Total time for which application threads were stopped: 0.0004320 seconds
2015-01-27T00:15:55.194+0530: 41575.468: Total time for which application threads were stopped: 0.0006240 seconds
2015-01-27T00:16:50.349+0530: 41630.623: Total time for which application threads were stopped: 0.0003570 seconds
2015-01-27T00:17:45.457+0530: 41685.730: Total time for which application threads were stopped: 0.0006280 seconds
2015-01-27T00:18:41.725+0530: 41741.999: Total time for which application threads were stopped: 0.0005690 seconds
2015-01-27T00:19:38.588+0530: 41798.861: Total time for which application threads were stopped: 0.0006010 seconds
2015-01-27T00:20:34.154+0530: 41854.427: Total time for which application threads were stopped: 0.0003240 seconds
2015-01-27T00:21:30.209+0530: 41910.482: Total time for which application threads were stopped: 0.0007660 seconds
2015-01-27T00:22:26.614+0530: 41966.887: Total time for which application threads were stopped: 0.0003280 seconds
2015-01-27T00:23:24.304+0530: 42024.577: Total time for which application threads were stopped: 0.0005210 seconds
2015-01-27T00:24:21.212+0530: 42081.486: Total time for which application threads were stopped: 0.0006480 seconds
2015-01-27T00:25:16.678+0530: 42136.951: Total time for which application threads were stopped: 0.0005900 seconds
2015-01-27T00:26:14.012+0530: 42194.286: Total time for which application threads were stopped: 0.0006640 seconds
2015-01-27T00:27:09.079+0530: 42249.352: Total time for which application threads were stopped: 0.0008530 seconds
2015-01-27T00:28:06.603+0530: 42306.876: Total time for which application threads were stopped: 0.0008380 seconds
2015-01-27T00:29:01.568+0530: 42361.842: Total time for which application threads were stopped: 0.0007300 seconds
2015-01-27T00:29:59.181+0530: 42419.455: Total time for which application threads were stopped: 0.0007070 seconds
2015-01-27T00:30:56.483+0530: 42476.756: Total time for which application threads were stopped: 0.0005910 seconds
2015-01-27T00:31:52.114+0530: 42532.388: Total time for which application threads were stopped: 0.0002940 seconds
2015-01-27T00:32:47.591+0530: 42587.864: Total time for which application threads were stopped: 0.0006990 seconds
2015-01-27T00:33:43.192+0530: 42643.465: Total time for which application threads were stopped: 0.0005780 seconds
2015-01-27T00:34:40.164+0530: 42700.437: Total time for which application threads were stopped: 0.0003670 seconds
2015-01-27T00:35:37.776+0530: 42758.049: Total time for which application threads were stopped: 0.0006040 seconds
2015-01-27T00:36:34.639+0530: 42814.912: Total time for which application threads were stopped: 0.0005890 seconds
2015-01-27T00:37:32.961+0530: 42873.234: Total time for which application threads were stopped: 0.0005960 seconds
2015-01-27T00:38:27.548+0530: 42927.821: Total time for which application threads were stopped: 0.0007600 seconds
2015-01-27T00:39:24.286+0530: 42984.559: Total time for which application threads were stopped: 0.0002980 seconds
2015-01-27T00:40:20.656+0530: 43040.930: Total time for which application threads were stopped: 0.0003160 seconds
2015-01-27T00:41:18.557+0530: 43098.830: Total time for which application threads were stopped: 0.0003880 seconds
2015-01-27T00:42:14.991+0530: 43155.291: Total time for which application threads were stopped: 0.0268530 seconds
2015-01-27T00:43:09.288+0530: 43209.561: Total time for which application threads were stopped: 0.0005530 seconds
{Heap before GC invocations=18 (full 0):
 par new generation   total 109248K, used 89515K [0x00000000dae00000, 0x00000000e2e00000, 0x00000000e2e00000)
  eden space 87424K, 100% used [0x00000000dae00000, 0x00000000e0360000, 0x00000000e0360000)
  from space 21824K,   9% used [0x00000000e0360000, 0x00000000e056ac20, 0x00000000e18b0000)
  to   space 21824K,   0% used [0x00000000e18b0000, 0x00000000e18b0000, 0x00000000e2e00000)
 concurrent mark-sweep generation total 393216K, used 16930K [0x00000000e2e00000, 0x00000000fae00000, 0x00000000fae00000)
 concurrent-mark-sweep perm gen total 30464K, used 30437K [0x00000000fae00000, 0x00000000fcbc0000, 0x0000000100000000)
2015-01-27T00:43:28.707+0530: 43228.980: [GC2015-01-27T00:43:28.707+0530: 43228.981: [ParNew
Desired survivor size 20112992 bytes, new threshold 8 (max 8)
- age   1:     109944 bytes,     109944 total
- age   2:         32 bytes,     109976 total
- age   3:       8656 bytes,     118632 total
- age   5:       3576 bytes,     122208 total
- age   6:        296 bytes,     122504 total
: 89515K->534K(109248K), 0.0712280 secs] 106445K->17469K(502464K), 0.0714320 secs] [Times: user=0.16 sys=0.00, real=0.07 secs] 
Heap after GC invocations=19 (full 0):
 par new generation   total 109248K, used 534K [0x00000000dae00000, 0x00000000e2e00000, 0x00000000e2e00000)
  eden space 87424K,   0% used [0x00000000dae00000, 0x00000000dae00000, 0x00000000e0360000)
  from space 21824K,   2% used [0x00000000e18b0000, 0x00000000e1935960, 0x00000000e2e00000)
  to   space 21824K,   0% used [0x00000000e0360000, 0x00000000e0360000, 0x00000000e18b0000)
 concurrent mark-sweep generation total 393216K, used 16934K [0x00000000e2e00000, 0x00000000fae00000, 0x00000000fae00000)
 concurrent-mark-sweep perm gen total 30464K, used 30437K [0x00000000fae00000, 0x00000000fcbc0000, 0x0000000100000000)
}
2015-01-27T00:43:28.779+0530: 43229.052: Total time for which application threads were stopped: 0.0721020 seconds
2015-01-27T00:44:06.675+0530: 43266.948: Total time for which application threads were stopped: 0.0003030 seconds
2015-01-27T00:45:03.436+0530: 43323.710: Total time for which application threads were stopped: 0.0005390 seconds
2015-01-27T00:46:00.460+0530: 43380.734: Total time for which application threads were stopped: 0.0007590 seconds
2015-01-27T00:46:58.173+0530: 43438.446: Total time for which application threads were stopped: 0.0006240 seconds
2015-01-27T00:47:59.335+0530: 43499.608: Total time for which application threads were stopped: 0.0005910 seconds
2015-01-27T00:48:54.313+0530: 43554.586: Total time for which application threads were stopped: 0.0005640 seconds
2015-01-27T00:49:52.881+0530: 43613.154: Total time for which application threads were stopped: 0.0005310 seconds
2015-01-27T00:50:47.951+0530: 43668.224: Total time for which application threads were stopped: 0.0006810 seconds
2015-01-27T00:51:41.891+0530: 43722.164: Total time for which application threads were stopped: 0.0003310 seconds
2015-01-27T00:52:38.379+0530: 43778.653: Total time for which application threads were stopped: 0.0008770 seconds
2015-01-27T00:53:37.675+0530: 43837.948: Total time for which application threads were stopped: 0.0006020 seconds
2015-01-27T00:54:34.187+0530: 43894.460: Total time for which application threads were stopped: 0.0008160 seconds
2015-01-27T00:55:30.694+0530: 43950.968: Total time for which application threads were stopped: 0.0006270 seconds
2015-01-27T00:56:26.725+0530: 44006.998: Total time for which application threads were stopped: 0.0005610 seconds
2015-01-27T00:57:23.249+0530: 44063.523: Total time for which application threads were stopped: 0.0005690 seconds
2015-01-27T00:58:20.543+0530: 44120.817: Total time for which application threads were stopped: 0.0005900 seconds
2015-01-27T00:59:19.034+0530: 44179.307: Total time for which application threads were stopped: 0.0005710 seconds
2015-01-27T01:00:15.520+0530: 44235.793: Total time for which application threads were stopped: 0.0005670 seconds
2015-01-27T01:01:12.633+0530: 44292.907: Total time for which application threads were stopped: 0.0005520 seconds
2015-01-27T01:02:08.422+0530: 44348.695: Total time for which application threads were stopped: 0.0006170 seconds
2015-01-27T01:03:03.673+0530: 44403.947: Total time for which application threads were stopped: 0.0005760 seconds
2015-01-27T01:04:00.963+0530: 44461.236: Total time for which application threads were stopped: 0.0007930 seconds
2015-01-27T01:04:57.928+0530: 44518.201: Total time for which application threads were stopped: 0.0005600 seconds
2015-01-27T01:05:54.588+0530: 44574.861: Total time for which application threads were stopped: 0.0007600 seconds
2015-01-27T01:06:51.926+0530: 44632.200: Total time for which application threads were stopped: 0.0006110 seconds
2015-01-27T01:07:46.786+0530: 44687.059: Total time for which application threads were stopped: 0.0006930 seconds
2015-01-27T01:08:43.447+0530: 44743.720: Total time for which application threads were stopped: 0.0006150 seconds
2015-01-27T01:09:39.754+0530: 44800.027: Total time for which application threads were stopped: 0.0007630 seconds
2015-01-27T01:10:36.250+0530: 44856.524: Total time for which application threads were stopped: 0.0006010 seconds
2015-01-27T01:11:34.142+0530: 44914.415: Total time for which application threads were stopped: 0.0007130 seconds
2015-01-27T01:12:29.454+0530: 44969.727: Total time for which application threads were stopped: 0.0006690 seconds
2015-01-27T01:13:24.103+0530: 45024.376: Total time for which application threads were stopped: 0.0006120 seconds
2015-01-27T01:14:21.228+0530: 45081.501: Total time for which application threads were stopped: 0.0006130 seconds
2015-01-27T01:15:15.771+0530: 45136.045: Total time for which application threads were stopped: 0.0005340 seconds
2015-01-27T01:16:10.575+0530: 45190.849: Total time for which application threads were stopped: 0.0006160 seconds
2015-01-27T01:17:06.429+0530: 45246.702: Total time for which application threads were stopped: 0.0002800 seconds
2015-01-27T01:18:03.251+0530: 45303.524: Total time for which application threads were stopped: 0.0006640 seconds
2015-01-27T01:18:59.232+0530: 45359.505: Total time for which application threads were stopped: 0.0006020 seconds
2015-01-27T01:19:56.635+0530: 45416.908: Total time for which application threads were stopped: 0.0006150 seconds
2015-01-27T01:20:52.515+0530: 45472.788: Total time for which application threads were stopped: 0.0005830 seconds
2015-01-27T01:21:48.315+0530: 45528.588: Total time for which application threads were stopped: 0.0006020 seconds
2015-01-27T01:22:43.078+0530: 45583.351: Total time for which application threads were stopped: 0.0006200 seconds
2015-01-27T01:23:39.882+0530: 45640.155: Total time for which application threads were stopped: 0.0003210 seconds
2015-01-27T01:24:36.614+0530: 45696.888: Total time for which application threads were stopped: 0.0152650 seconds
2015-01-27T01:25:32.381+0530: 45752.654: Total time for which application threads were stopped: 0.0004040 seconds
2015-01-27T01:26:32.805+0530: 45813.078: Total time for which application threads were stopped: 0.0003320 seconds
2015-01-27T01:27:27.638+0530: 45867.911: Total time for which application threads were stopped: 0.0006180 seconds
2015-01-27T01:28:24.706+0530: 45924.980: Total time for which application threads were stopped: 0.0006270 seconds
2015-01-27T01:29:21.089+0530: 45981.362: Total time for which application threads were stopped: 0.0008000 seconds
2015-01-27T01:30:16.573+0530: 46036.847: Total time for which application threads were stopped: 0.0006790 seconds
2015-01-27T01:31:14.789+0530: 46095.063: Total time for which application threads were stopped: 0.0002750 seconds
2015-01-27T01:32:09.632+0530: 46149.905: Total time for which application threads were stopped: 0.0005890 seconds
2015-01-27T01:33:05.059+0530: 46205.332: Total time for which application threads were stopped: 0.0005330 seconds
2015-01-27T01:34:01.917+0530: 46262.191: Total time for which application threads were stopped: 0.0005920 seconds
2015-01-27T01:34:59.603+0530: 46319.877: Total time for which application threads were stopped: 0.0006410 seconds
2015-01-27T01:35:53.610+0530: 46373.883: Total time for which application threads were stopped: 0.0005950 seconds
2015-01-27T01:36:49.617+0530: 46429.891: Total time for which application threads were stopped: 0.0003700 seconds
2015-01-27T01:37:45.464+0530: 46485.737: Total time for which application threads were stopped: 0.0005940 seconds
2015-01-27T01:38:41.865+0530: 46542.138: Total time for which application threads were stopped: 0.0002930 seconds
2015-01-27T01:39:38.350+0530: 46598.623: Total time for which application threads were stopped: 0.0004430 seconds
2015-01-27T01:40:34.879+0530: 46655.152: Total time for which application threads were stopped: 0.0004580 seconds
2015-01-27T01:41:29.980+0530: 46710.253: Total time for which application threads were stopped: 0.0005850 seconds
2015-01-27T01:42:26.325+0530: 46766.599: Total time for which application threads were stopped: 0.0005920 seconds
2015-01-27T01:43:22.208+0530: 46822.481: Total time for which application threads were stopped: 0.0005900 seconds
2015-01-27T01:44:16.661+0530: 46876.934: Total time for which application threads were stopped: 0.0005980 seconds
2015-01-27T01:45:13.683+0530: 46933.965: Total time for which application threads were stopped: 0.0089410 seconds
2015-01-27T01:46:09.406+0530: 46989.680: Total time for which application threads were stopped: 0.0005330 seconds
{Heap before GC invocations=19 (full 0):
 par new generation   total 109248K, used 87958K [0x00000000dae00000, 0x00000000e2e00000, 0x00000000e2e00000)
  eden space 87424K, 100% used [0x00000000dae00000, 0x00000000e0360000, 0x00000000e0360000)
  from space 21824K,   2% used [0x00000000e18b0000, 0x00000000e1935960, 0x00000000e2e00000)
  to   space 21824K,   0% used [0x00000000e0360000, 0x00000000e0360000, 0x00000000e18b0000)
 concurrent mark-sweep generation total 393216K, used 16934K [0x00000000e2e00000, 0x00000000fae00000, 0x00000000fae00000)
 concurrent-mark-sweep perm gen total 30464K, used 30437K [0x00000000fae00000, 0x00000000fcbc0000, 0x0000000100000000)
2015-01-27T01:46:57.407+0530: 47037.681: [GC2015-01-27T01:46:57.410+0530: 47037.684: [ParNew
Desired survivor size 20112992 bytes, new threshold 8 (max 8)
- age   1:     118552 bytes,     118552 total
- age   3:         32 bytes,     118584 total
- age   4:        200 bytes,     118784 total
- age   6:       3576 bytes,     122360 total
- age   7:        296 bytes,     122656 total
: 87958K->259K(109248K), 0.0939530 secs] 104893K->17194K(502464K), 0.0969740 secs] [Times: user=0.01 sys=0.00, real=0.09 secs] 
Heap after GC invocations=20 (full 0):
 par new generation   total 109248K, used 259K [0x00000000dae00000, 0x00000000e2e00000, 0x00000000e2e00000)
  eden space 87424K,   0% used [0x00000000dae00000, 0x00000000dae00000, 0x00000000e0360000)
  from space 21824K,   1% used [0x00000000e0360000, 0x00000000e03a0fb8, 0x00000000e18b0000)
  to   space 21824K,   0% used [0x00000000e18b0000, 0x00000000e18b0000, 0x00000000e2e00000)
 concurrent mark-sweep generation total 393216K, used 16934K [0x00000000e2e00000, 0x00000000fae00000, 0x00000000fae00000)
 concurrent-mark-sweep perm gen total 30464K, used 30437K [0x00000000fae00000, 0x00000000fcbc0000, 0x0000000100000000)
}
2015-01-27T01:46:57.505+0530: 47037.778: Total time for which application threads were stopped: 0.1674690 seconds
2015-01-27T01:47:05.910+0530: 47046.183: Total time for which application threads were stopped: 0.0005460 seconds
2015-01-27T01:48:03.576+0530: 47103.849: Total time for which application threads were stopped: 0.0005940 seconds
2015-01-27T01:48:58.668+0530: 47158.942: Total time for which application threads were stopped: 0.0005670 seconds
2015-01-27T01:49:53.319+0530: 47213.592: Total time for which application threads were stopped: 0.0006770 seconds
2015-01-27T01:50:52.010+0530: 47272.283: Total time for which application threads were stopped: 0.0007190 seconds
2015-01-27T01:51:44.882+0530: 47325.155: Total time for which application threads were stopped: 0.0003900 seconds
2015-01-27T01:52:41.004+0530: 47381.277: Total time for which application threads were stopped: 0.0005880 seconds
2015-01-27T01:53:38.776+0530: 47439.049: Total time for which application threads were stopped: 0.0007980 seconds
2015-01-27T01:54:33.590+0530: 47493.863: Total time for which application threads were stopped: 0.0003280 seconds
2015-01-27T01:55:28.810+0530: 47549.083: Total time for which application threads were stopped: 0.0006820 seconds
2015-01-27T01:56:22.810+0530: 47603.083: Total time for which application threads were stopped: 0.0003170 seconds
2015-01-27T01:57:19.839+0530: 47660.112: Total time for which application threads were stopped: 0.0006200 seconds
2015-01-27T01:58:16.439+0530: 47716.712: Total time for which application threads were stopped: 0.0002920 seconds
2015-01-27T01:59:11.357+0530: 47771.631: Total time for which application threads were stopped: 0.0003940 seconds
2015-01-27T02:00:05.734+0530: 47826.008: Total time for which application threads were stopped: 0.0008160 seconds
2015-01-27T02:01:01.712+0530: 47881.985: Total time for which application threads were stopped: 0.0302420 seconds
2015-01-27T02:01:57.200+0530: 47937.474: Total time for which application threads were stopped: 0.0297980 seconds
2015-01-27T02:02:55.000+0530: 47995.273: Total time for which application threads were stopped: 0.0003130 seconds
2015-01-27T02:03:53.626+0530: 48053.899: Total time for which application threads were stopped: 0.0003250 seconds
2015-01-27T02:04:50.480+0530: 48110.753: Total time for which application threads were stopped: 0.0006230 seconds
2015-01-27T02:05:47.831+0530: 48168.104: Total time for which application threads were stopped: 0.0003150 seconds
2015-01-27T02:06:43.202+0530: 48223.475: Total time for which application threads were stopped: 0.0117990 seconds
2015-01-27T02:07:36.364+0530: 48276.638: Total time for which application threads were stopped: 0.0011130 seconds
2015-01-27T02:08:33.655+0530: 48333.928: Total time for which application threads were stopped: 0.0003290 seconds
2015-01-27T02:09:31.620+0530: 48391.893: Total time for which application threads were stopped: 0.0005990 seconds
2015-01-27T02:10:29.851+0530: 48450.124: Total time for which application threads were stopped: 0.0005920 seconds
2015-01-27T02:11:25.737+0530: 48506.010: Total time for which application threads were stopped: 0.0005880 seconds
2015-01-27T02:12:22.752+0530: 48563.025: Total time for which application threads were stopped: 0.0006200 seconds
2015-01-27T02:13:22.077+0530: 48622.351: Total time for which application threads were stopped: 0.0003100 seconds
2015-01-27T02:14:20.326+0530: 48680.624: Total time for which application threads were stopped: 0.0257340 seconds
2015-01-27T02:15:19.007+0530: 48739.280: Total time for which application threads were stopped: 0.0008820 seconds
2015-01-27T02:16:14.992+0530: 48795.266: Total time for which application threads were stopped: 0.0006110 seconds
2015-01-27T02:17:13.175+0530: 48853.448: Total time for which application threads were stopped: 0.0008570 seconds
2015-01-27T02:18:11.327+0530: 48911.600: Total time for which application threads were stopped: 0.0006110 seconds
2015-01-27T02:19:08.887+0530: 48969.160: Total time for which application threads were stopped: 0.0002540 seconds
2015-01-27T02:20:06.796+0530: 49027.069: Total time for which application threads were stopped: 0.0005820 seconds
2015-01-27T02:21:03.211+0530: 49083.484: Total time for which application threads were stopped: 0.0006300 seconds
2015-01-27T02:22:00.644+0530: 49140.917: Total time for which application threads were stopped: 0.0004210 seconds
2015-01-27T02:22:57.732+0530: 49198.006: Total time for which application threads were stopped: 0.0005830 seconds
2015-01-27T02:23:53.261+0530: 49253.534: Total time for which application threads were stopped: 0.0006450 seconds
2015-01-27T02:24:49.053+0530: 49309.326: Total time for which application threads were stopped: 0.0006470 seconds
2015-01-27T02:25:44.388+0530: 49364.661: Total time for which application threads were stopped: 0.0005850 seconds
2015-01-27T02:26:39.240+0530: 49419.513: Total time for which application threads were stopped: 0.0005970 seconds
2015-01-27T02:27:34.067+0530: 49474.340: Total time for which application threads were stopped: 0.0006200 seconds
2015-01-27T02:28:29.925+0530: 49530.199: Total time for which application threads were stopped: 0.0003050 seconds
2015-01-27T02:29:27.119+0530: 49587.392: Total time for which application threads were stopped: 0.0360960 seconds
2015-01-27T02:30:24.194+0530: 49644.467: Total time for which application threads were stopped: 0.0003470 seconds
2015-01-27T02:31:22.435+0530: 49702.708: Total time for which application threads were stopped: 0.0006000 seconds
2015-01-27T02:32:20.867+0530: 49761.140: Total time for which application threads were stopped: 0.0002680 seconds
2015-01-27T02:33:19.899+0530: 49820.172: Total time for which application threads were stopped: 0.0008190 seconds
2015-01-27T02:34:14.655+0530: 49874.928: Total time for which application threads were stopped: 0.0008320 seconds
2015-01-27T02:35:10.667+0530: 49930.940: Total time for which application threads were stopped: 0.0005250 seconds
2015-01-27T02:36:06.837+0530: 49987.111: Total time for which application threads were stopped: 0.0005960 seconds
2015-01-27T02:37:02.197+0530: 50042.470: Total time for which application threads were stopped: 0.0006230 seconds
2015-01-27T02:37:56.773+0530: 50097.046: Total time for which application threads were stopped: 0.0002780 seconds
2015-01-27T02:38:53.800+0530: 50154.073: Total time for which application threads were stopped: 0.0005940 seconds
2015-01-27T02:39:50.746+0530: 50211.019: Total time for which application threads were stopped: 0.0006140 seconds
2015-01-27T02:40:46.865+0530: 50267.138: Total time for which application threads were stopped: 0.0002790 seconds
2015-01-27T02:41:41.327+0530: 50321.601: Total time for which application threads were stopped: 0.0006260 seconds
2015-01-27T02:42:37.659+0530: 50377.932: Total time for which application threads were stopped: 0.0005570 seconds
2015-01-27T02:43:35.481+0530: 50435.754: Total time for which application threads were stopped: 0.0003110 seconds
2015-01-27T02:44:33.350+0530: 50493.623: Total time for which application threads were stopped: 0.0007530 seconds
2015-01-27T02:45:29.466+0530: 50549.739: Total time for which application threads were stopped: 0.0003360 seconds
2015-01-27T02:46:25.791+0530: 50606.065: Total time for which application threads were stopped: 0.0006090 seconds
2015-01-27T02:47:20.926+0530: 50661.199: Total time for which application threads were stopped: 0.0002550 seconds
2015-01-27T02:48:16.671+0530: 50716.985: Total time for which application threads were stopped: 0.0415900 seconds
2015-01-27T02:49:13.744+0530: 50774.017: Total time for which application threads were stopped: 0.0006710 seconds
{Heap before GC invocations=20 (full 0):
 par new generation   total 109248K, used 87683K [0x00000000dae00000, 0x00000000e2e00000, 0x00000000e2e00000)
  eden space 87424K, 100% used [0x00000000dae00000, 0x00000000e0360000, 0x00000000e0360000)
  from space 21824K,   1% used [0x00000000e0360000, 0x00000000e03a0fb8, 0x00000000e18b0000)
  to   space 21824K,   0% used [0x00000000e18b0000, 0x00000000e18b0000, 0x00000000e2e00000)
 concurrent mark-sweep generation total 393216K, used 16934K [0x00000000e2e00000, 0x00000000fae00000, 0x00000000fae00000)
 concurrent-mark-sweep perm gen total 30464K, used 30437K [0x00000000fae00000, 0x00000000fcbc0000, 0x0000000100000000)
2015-01-27T02:49:57.859+0530: 50818.132: [GC2015-01-27T02:49:57.884+0530: 50818.158: [ParNew
Desired survivor size 20112992 bytes, new threshold 8 (max 8)
- age   1:     109896 bytes,     109896 total
- age   2:       8656 bytes,     118552 total
- age   4:         32 bytes,     118584 total
- age   7:       3576 bytes,     122160 total
- age   8:        296 bytes,     122456 total
: 87683K->163K(109248K), 0.1404870 secs] 104618K->17098K(502464K), 0.1658600 secs] [Times: user=0.00 sys=0.00, real=0.17 secs] 
Heap after GC invocations=21 (full 0):
 par new generation   total 109248K, used 163K [0x00000000dae00000, 0x00000000e2e00000, 0x00000000e2e00000)
  eden space 87424K,   0% used [0x00000000dae00000, 0x00000000dae00000, 0x00000000e0360000)
  from space 21824K,   0% used [0x00000000e18b0000, 0x00000000e18d8f30, 0x00000000e2e00000)
  to   space 21824K,   0% used [0x00000000e0360000, 0x00000000e0360000, 0x00000000e18b0000)
 concurrent mark-sweep generation total 393216K, used 16934K [0x00000000e2e00000, 0x00000000fae00000, 0x00000000fae00000)
 concurrent-mark-sweep perm gen total 30464K, used 30437K [0x00000000fae00000, 0x00000000fcbc0000, 0x0000000100000000)
}
2015-01-27T02:49:58.025+0530: 50818.298: Total time for which application threads were stopped: 0.3766590 seconds
2015-01-27T02:50:09.630+0530: 50829.903: Total time for which application threads were stopped: 0.0005990 seconds
2015-01-27T02:51:06.506+0530: 50886.779: Total time for which application threads were stopped: 0.0168420 seconds
2015-01-27T02:52:02.568+0530: 50942.842: Total time for which application threads were stopped: 0.0628120 seconds
2015-01-27T02:52:57.827+0530: 50998.100: Total time for which application threads were stopped: 0.0006050 seconds
2015-01-27T02:53:52.345+0530: 51052.618: Total time for which application threads were stopped: 0.0006050 seconds
2015-01-27T02:54:46.709+0530: 51106.983: Total time for which application threads were stopped: 0.0006110 seconds
2015-01-27T02:55:44.168+0530: 51164.441: Total time for which application threads were stopped: 0.0002660 seconds
2015-01-27T02:56:38.168+0530: 51218.441: Total time for which application threads were stopped: 0.0006030 seconds
2015-01-27T02:57:34.198+0530: 51274.472: Total time for which application threads were stopped: 0.0007040 seconds
2015-01-27T02:58:29.492+0530: 51329.765: Total time for which application threads were stopped: 0.0005820 seconds
2015-01-27T02:59:26.163+0530: 51386.436: Total time for which application threads were stopped: 0.0006390 seconds
2015-01-27T03:00:19.418+0530: 51439.692: Total time for which application threads were stopped: 0.0003480 seconds
2015-01-27T03:01:15.444+0530: 51495.717: Total time for which application threads were stopped: 0.0008580 seconds
2015-01-27T03:02:10.963+0530: 51551.236: Total time for which application threads were stopped: 0.0006080 seconds
2015-01-27T03:03:06.786+0530: 51607.059: Total time for which application threads were stopped: 0.0002760 seconds
2015-01-27T03:04:02.912+0530: 51663.185: Total time for which application threads were stopped: 0.0006840 seconds
2015-01-27T03:04:59.195+0530: 51719.468: Total time for which application threads were stopped: 0.0007040 seconds
2015-01-27T03:05:57.371+0530: 51777.644: Total time for which application threads were stopped: 0.0007910 seconds
2015-01-27T03:06:51.773+0530: 51832.047: Total time for which application threads were stopped: 0.0008110 seconds
2015-01-27T03:07:47.048+0530: 51887.321: Total time for which application threads were stopped: 0.0008050 seconds
2015-01-27T03:08:42.378+0530: 51942.651: Total time for which application threads were stopped: 0.0006140 seconds
2015-01-27T03:09:36.397+0530: 51996.670: Total time for which application threads were stopped: 0.0005950 seconds
2015-01-27T03:10:30.148+0530: 52050.422: Total time for which application threads were stopped: 0.0002930 seconds
2015-01-27T03:11:25.143+0530: 52105.416: Total time for which application threads were stopped: 0.0006500 seconds
2015-01-27T03:12:19.773+0530: 52160.047: Total time for which application threads were stopped: 0.0003170 seconds
2015-01-27T03:13:15.535+0530: 52215.809: Total time for which application threads were stopped: 0.0007450 seconds
2015-01-27T03:14:12.555+0530: 52272.828: Total time for which application threads were stopped: 0.0009010 seconds
2015-01-27T03:15:07.903+0530: 52328.176: Total time for which application threads were stopped: 0.0006000 seconds
2015-01-27T03:16:04.449+0530: 52384.722: Total time for which application threads were stopped: 0.0003280 seconds
2015-01-27T03:16:59.595+0530: 52439.901: Total time for which application threads were stopped: 0.0336260 seconds
2015-01-27T03:17:56.704+0530: 52496.977: Total time for which application threads were stopped: 0.0006020 seconds
2015-01-27T03:18:53.147+0530: 52553.420: Total time for which application threads were stopped: 0.0005460 seconds
2015-01-27T03:19:50.246+0530: 52610.519: Total time for which application threads were stopped: 0.0003920 seconds
2015-01-27T03:20:46.383+0530: 52666.657: Total time for which application threads were stopped: 0.0006000 seconds
2015-01-27T03:21:41.246+0530: 52721.519: Total time for which application threads were stopped: 0.0006180 seconds
2015-01-27T03:22:37.994+0530: 52778.267: Total time for which application threads were stopped: 0.0191740 seconds
2015-01-27T03:23:34.380+0530: 52834.653: Total time for which application threads were stopped: 0.0006140 seconds
2015-01-27T03:24:29.305+0530: 52889.578: Total time for which application threads were stopped: 0.0005550 seconds
2015-01-27T03:25:28.526+0530: 52948.799: Total time for which application threads were stopped: 0.0007560 seconds
2015-01-27T03:26:25.975+0530: 53006.248: Total time for which application threads were stopped: 0.0006640 seconds
2015-01-27T03:27:20.559+0530: 53060.833: Total time for which application threads were stopped: 0.0852970 seconds
2015-01-27T03:28:18.030+0530: 53118.303: Total time for which application threads were stopped: 0.2579630 seconds
2015-01-27T03:29:22.897+0530: 53183.702: Total time for which application threads were stopped: 3.2282620 seconds
2015-01-27T03:30:23.616+0530: 53244.089: Total time for which application threads were stopped: 1.8172690 seconds
2015-01-27T03:31:31.214+0530: 53312.286: Total time for which application threads were stopped: 3.5165510 seconds
2015-01-27T03:32:36.810+0530: 53377.310: Total time for which application threads were stopped: 2.2538080 seconds
2015-01-27T03:33:30.796+0530: 53431.070: Total time for which application threads were stopped: 0.0006050 seconds
2015-01-27T03:34:27.302+0530: 53487.575: Total time for which application threads were stopped: 0.0153530 seconds
2015-01-27T03:35:23.552+0530: 53543.825: Total time for which application threads were stopped: 0.0006800 seconds
2015-01-27T03:36:20.481+0530: 53600.754: Total time for which application threads were stopped: 0.0005990 seconds
2015-01-27T03:37:17.333+0530: 53657.606: Total time for which application threads were stopped: 0.0002610 seconds
2015-01-27T03:38:13.369+0530: 53713.642: Total time for which application threads were stopped: 0.0005680 seconds
2015-01-27T03:39:08.533+0530: 53768.806: Total time for which application threads were stopped: 0.0005590 seconds
2015-01-27T03:40:05.465+0530: 53825.739: Total time for which application threads were stopped: 0.0006110 seconds
2015-01-27T03:41:01.696+0530: 53881.969: Total time for which application threads were stopped: 0.0002820 seconds
2015-01-27T03:41:55.760+0530: 53936.033: Total time for which application threads were stopped: 0.0002560 seconds
2015-01-27T09:52:59.757+0530: 76200.031: Total time for which application threads were stopped: 0.0006080 seconds
2015-01-27T09:53:58.316+0530: 76258.590: Total time for which application threads were stopped: 0.0006580 seconds
2015-01-27T09:54:54.995+0530: 76315.269: Total time for which application threads were stopped: 0.0006960 seconds
2015-01-27T09:55:49.195+0530: 76369.468: Total time for which application threads were stopped: 0.0002740 seconds
2015-01-27T09:56:45.404+0530: 76425.677: Total time for which application threads were stopped: 0.0006060 seconds
2015-01-27T09:57:39.526+0530: 76479.799: Total time for which application threads were stopped: 0.0005570 seconds
2015-01-27T09:58:37.220+0530: 76537.493: Total time for which application threads were stopped: 0.0006080 seconds
2015-01-27T09:59:33.048+0530: 76593.321: Total time for which application threads were stopped: 0.0006110 seconds
2015-01-27T10:00:28.448+0530: 76648.722: Total time for which application threads were stopped: 0.0005190 seconds
2015-01-27T10:01:24.109+0530: 76704.395: Total time for which application threads were stopped: 0.0131480 seconds
2015-01-27T10:02:19.769+0530: 76760.042: Total time for which application threads were stopped: 0.0006650 seconds
2015-01-27T10:03:15.264+0530: 76815.538: Total time for which application threads were stopped: 0.0006330 seconds
{Heap before GC invocations=21 (full 0):
 par new generation   total 109248K, used 87587K [0x00000000dae00000, 0x00000000e2e00000, 0x00000000e2e00000)
  eden space 87424K, 100% used [0x00000000dae00000, 0x00000000e0360000, 0x00000000e0360000)
  from space 21824K,   0% used [0x00000000e18b0000, 0x00000000e18d8f30, 0x00000000e2e00000)
  to   space 21824K,   0% used [0x00000000e0360000, 0x00000000e0360000, 0x00000000e18b0000)
 concurrent mark-sweep generation total 393216K, used 16934K [0x00000000e2e00000, 0x00000000fae00000, 0x00000000fae00000)
 concurrent-mark-sweep perm gen total 30464K, used 30437K [0x00000000fae00000, 0x00000000fcbc0000, 0x0000000100000000)
2015-01-27T10:03:27.759+0530: 76828.032: [GC2015-01-27T10:03:27.782+0530: 76828.056: [ParNew
Desired survivor size 20112992 bytes, new threshold 8 (max 8)
- age   1:     109896 bytes,     109896 total
- age   3:       8656 bytes,     118552 total
- age   5:         32 bytes,     118584 total
- age   8:       3576 bytes,     122160 total
: 87587K->164K(109248K), 0.1074330 secs] 104522K->17099K(502464K), 0.1309670 secs] [Times: user=0.02 sys=0.00, real=0.13 secs] 
Heap after GC invocations=22 (full 0):
 par new generation   total 109248K, used 164K [0x00000000dae00000, 0x00000000e2e00000, 0x00000000e2e00000)
  eden space 87424K,   0% used [0x00000000dae00000, 0x00000000dae00000, 0x00000000e0360000)
  from space 21824K,   0% used [0x00000000e0360000, 0x00000000e0389140, 0x00000000e18b0000)
  to   space 21824K,   0% used [0x00000000e18b0000, 0x00000000e18b0000, 0x00000000e2e00000)
 concurrent mark-sweep generation total 393216K, used 16935K [0x00000000e2e00000, 0x00000000fae00000, 0x00000000fae00000)
 concurrent-mark-sweep perm gen total 30464K, used 30437K [0x00000000fae00000, 0x00000000fcbc0000, 0x0000000100000000)
}
2015-01-27T10:03:27.890+0530: 76828.163: Total time for which application threads were stopped: 0.2105120 seconds
2015-01-27T10:04:10.060+0530: 76870.334: Total time for which application threads were stopped: 0.0006670 seconds
2015-01-27T10:05:08.774+0530: 76929.047: Total time for which application threads were stopped: 0.0006720 seconds
2015-01-27T10:06:05.105+0530: 76985.379: Total time for which application threads were stopped: 0.0006250 seconds
2015-01-27T10:07:00.369+0530: 77040.643: Total time for which application threads were stopped: 0.0007180 seconds
2015-01-27T10:07:59.346+0530: 77099.619: Total time for which application threads were stopped: 0.0006650 seconds
2015-01-27T10:08:55.079+0530: 77155.353: Total time for which application threads were stopped: 0.0006440 seconds
2015-01-27T10:09:50.525+0530: 77210.798: Total time for which application threads were stopped: 0.0006070 seconds
2015-01-27T10:10:48.626+0530: 77268.900: Total time for which application threads were stopped: 0.0006920 seconds
2015-01-27T10:11:43.696+0530: 77323.969: Total time for which application threads were stopped: 0.0005640 seconds
2015-01-27T10:12:40.117+0530: 77380.390: Total time for which application threads were stopped: 0.0003260 seconds
2015-01-27T10:13:37.188+0530: 77437.462: Total time for which application threads were stopped: 0.0002980 seconds
2015-01-27T10:14:31.615+0530: 77491.889: Total time for which application threads were stopped: 0.0006190 seconds
2015-01-27T10:15:25.161+0530: 77545.434: Total time for which application threads were stopped: 0.0006340 seconds
2015-01-27T10:16:23.484+0530: 77603.757: Total time for which application threads were stopped: 0.0006550 seconds
2015-01-27T10:17:18.737+0530: 77659.010: Total time for which application threads were stopped: 0.0006480 seconds
2015-01-27T10:18:17.653+0530: 77717.926: Total time for which application threads were stopped: 0.0008060 seconds
2015-01-27T10:19:11.097+0530: 77771.370: Total time for which application threads were stopped: 0.0006150 seconds
2015-01-27T10:20:04.280+0530: 77824.553: Total time for which application threads were stopped: 0.0006500 seconds
2015-01-27T10:21:00.556+0530: 77880.829: Total time for which application threads were stopped: 0.0006110 seconds
2015-01-27T10:21:57.186+0530: 77937.459: Total time for which application threads were stopped: 0.0002830 seconds
2015-01-27T10:22:52.853+0530: 77993.127: Total time for which application threads were stopped: 0.0005990 seconds
2015-01-27T10:23:50.721+0530: 78050.995: Total time for which application threads were stopped: 0.0006220 seconds
2015-01-27T10:24:48.114+0530: 78108.387: Total time for which application threads were stopped: 0.0003030 seconds
2015-01-27T10:55:54.756+0530: 79975.029: Total time for which application threads were stopped: 0.0006540 seconds
2015-01-27T10:56:51.886+0530: 80032.159: Total time for which application threads were stopped: 0.0006110 seconds
2015-01-27T10:57:47.505+0530: 80087.778: Total time for which application threads were stopped: 0.0005680 seconds
2015-01-27T10:58:43.447+0530: 80143.720: Total time for which application threads were stopped: 0.0002770 seconds
2015-01-27T10:59:41.023+0530: 80201.296: Total time for which application threads were stopped: 0.0002990 seconds
2015-01-27T11:00:35.925+0530: 80256.199: Total time for which application threads were stopped: 0.0005970 seconds
2015-01-27T11:01:32.657+0530: 80312.930: Total time for which application threads were stopped: 0.0006870 seconds
2015-01-27T11:02:29.185+0530: 80369.458: Total time for which application threads were stopped: 0.0006250 seconds
2015-01-27T11:03:26.899+0530: 80427.173: Total time for which application threads were stopped: 0.0006820 seconds
2015-01-27T11:04:26.824+0530: 80487.097: Total time for which application threads were stopped: 0.0004540 seconds
2015-01-27T11:05:21.225+0530: 80541.498: Total time for which application threads were stopped: 0.0006360 seconds
2015-01-27T11:06:17.265+0530: 80597.538: Total time for which application threads were stopped: 0.0006240 seconds
2015-01-27T11:07:12.804+0530: 80653.077: Total time for which application threads were stopped: 0.0008600 seconds
2015-01-27T11:08:06.920+0530: 80707.193: Total time for which application threads were stopped: 0.0006200 seconds
2015-01-27T11:09:05.474+0530: 80765.747: Total time for which application threads were stopped: 0.0006840 seconds
2015-01-27T11:10:02.115+0530: 80822.388: Total time for which application threads were stopped: 0.0006110 seconds
2015-01-27T11:10:57.505+0530: 80877.778: Total time for which application threads were stopped: 0.0006620 seconds
2015-01-27T11:11:53.314+0530: 80933.587: Total time for which application threads were stopped: 0.0006360 seconds
2015-01-27T11:12:49.675+0530: 80989.949: Total time for which application threads were stopped: 0.0002930 seconds
2015-01-27T11:13:45.777+0530: 81046.051: Total time for which application threads were stopped: 0.0005950 seconds
2015-01-27T11:14:45.018+0530: 81105.291: Total time for which application threads were stopped: 0.0006360 seconds
2015-01-27T11:15:41.166+0530: 81161.439: Total time for which application threads were stopped: 0.0005780 seconds
2015-01-27T11:16:34.019+0530: 81214.292: Total time for which application threads were stopped: 0.0002790 seconds
2015-01-27T11:17:30.310+0530: 81270.583: Total time for which application threads were stopped: 0.0006250 seconds
2015-01-27T11:18:26.051+0530: 81326.325: Total time for which application threads were stopped: 0.0006100 seconds
2015-01-27T11:19:21.227+0530: 81381.500: Total time for which application threads were stopped: 0.0006160 seconds
2015-01-27T11:20:16.609+0530: 81436.882: Total time for which application threads were stopped: 0.0006240 seconds
2015-01-27T11:21:13.284+0530: 81493.557: Total time for which application threads were stopped: 0.0005990 seconds
2015-01-27T11:22:08.792+0530: 81549.065: Total time for which application threads were stopped: 0.0006230 seconds
2015-01-27T11:23:06.918+0530: 81607.191: Total time for which application threads were stopped: 0.0005970 seconds
2015-01-27T11:24:01.118+0530: 81661.391: Total time for which application threads were stopped: 0.0007030 seconds
2015-01-27T11:24:57.449+0530: 81717.722: Total time for which application threads were stopped: 0.0117060 seconds
2015-01-27T11:25:52.036+0530: 81772.309: Total time for which application threads were stopped: 0.0006720 seconds
2015-01-27T11:26:48.196+0530: 81828.469: Total time for which application threads were stopped: 0.0007560 seconds
2015-01-27T11:27:42.418+0530: 81882.692: Total time for which application threads were stopped: 0.0006740 seconds
2015-01-27T11:28:41.238+0530: 81941.511: Total time for which application threads were stopped: 0.0005830 seconds
2015-01-27T11:29:35.380+0530: 81995.654: Total time for which application threads were stopped: 0.0006130 seconds
2015-01-27T11:30:30.209+0530: 82050.483: Total time for which application threads were stopped: 0.0005990 seconds
2015-01-27T11:31:25.994+0530: 82106.267: Total time for which application threads were stopped: 0.0005850 seconds
2015-01-27T11:32:20.623+0530: 82160.896: Total time for which application threads were stopped: 0.0008130 seconds
2015-01-27T11:33:18.014+0530: 82218.287: Total time for which application threads were stopped: 0.0005160 seconds
2015-01-27T11:34:14.258+0530: 82274.531: Total time for which application threads were stopped: 0.0006010 seconds
2015-01-27T11:35:10.175+0530: 82330.478: Total time for which application threads were stopped: 0.0303000 seconds
2015-01-27T11:36:03.734+0530: 82384.008: Total time for which application threads were stopped: 0.0006650 seconds
{Heap before GC invocations=22 (full 0):
 par new generation   total 109248K, used 87588K [0x00000000dae00000, 0x00000000e2e00000, 0x00000000e2e00000)
  eden space 87424K, 100% used [0x00000000dae00000, 0x00000000e0360000, 0x00000000e0360000)
  from space 21824K,   0% used [0x00000000e0360000, 0x00000000e0389140, 0x00000000e18b0000)
  to   space 21824K,   0% used [0x00000000e18b0000, 0x00000000e18b0000, 0x00000000e2e00000)
 concurrent mark-sweep generation total 393216K, used 16935K [0x00000000e2e00000, 0x00000000fae00000, 0x00000000fae00000)
 concurrent-mark-sweep perm gen total 30464K, used 30439K [0x00000000fae00000, 0x00000000fcbc0000, 0x0000000100000000)
2015-01-27T11:36:23.656+0530: 82403.929: [GC2015-01-27T11:36:23.656+0530: 82403.930: [ParNew
Desired survivor size 20112992 bytes, new threshold 8 (max 8)
- age   1:     109928 bytes,     109928 total
- age   4:       8656 bytes,     118584 total
- age   6:         32 bytes,     118616 total
: 87588K->134K(109248K), 0.0190620 secs] 104523K->17072K(502464K), 0.0193810 secs] [Times: user=0.01 sys=0.00, real=0.02 secs] 
Heap after GC invocations=23 (full 0):
 par new generation   total 109248K, used 134K [0x00000000dae00000, 0x00000000e2e00000, 0x00000000e2e00000)
  eden space 87424K,   0% used [0x00000000dae00000, 0x00000000dae00000, 0x00000000e0360000)
  from space 21824K,   0% used [0x00000000e18b0000, 0x00000000e18d18e8, 0x00000000e2e00000)
  to   space 21824K,   0% used [0x00000000e0360000, 0x00000000e0360000, 0x00000000e18b0000)
 concurrent mark-sweep generation total 393216K, used 16938K [0x00000000e2e00000, 0x00000000fae00000, 0x00000000fae00000)
 concurrent-mark-sweep perm gen total 30464K, used 30439K [0x00000000fae00000, 0x00000000fcbc0000, 0x0000000100000000)
}
2015-01-27T11:36:23.675+0530: 82403.949: Total time for which application threads were stopped: 0.0204440 seconds
2015-01-27T11:37:01.655+0530: 82441.928: Total time for which application threads were stopped: 0.0010510 seconds
2015-01-27T11:37:59.870+0530: 82500.143: Total time for which application threads were stopped: 0.0006670 seconds
2015-01-27T11:38:55.048+0530: 82555.321: Total time for which application threads were stopped: 0.0005980 seconds
2015-01-27T11:39:50.885+0530: 82611.158: Total time for which application threads were stopped: 0.0005900 seconds
2015-01-27T11:40:49.281+0530: 82669.554: Total time for which application threads were stopped: 0.0005940 seconds
2015-01-27T11:41:45.721+0530: 82725.994: Total time for which application threads were stopped: 0.0006110 seconds
2015-01-27T11:42:39.048+0530: 82779.321: Total time for which application threads were stopped: 0.0003050 seconds
2015-01-27T11:43:34.986+0530: 82835.259: Total time for which application threads were stopped: 0.0005720 seconds
2015-01-27T11:44:31.379+0530: 82891.652: Total time for which application threads were stopped: 0.0006140 seconds
2015-01-27T11:45:35.650+0530: 82955.924: Total time for which application threads were stopped: 0.3860970 seconds
2015-01-27T11:46:32.225+0530: 83012.499: Total time for which application threads were stopped: 0.0144690 seconds
2015-01-27T11:47:27.023+0530: 83067.296: Total time for which application threads were stopped: 0.0101980 seconds
2015-01-27T11:48:22.719+0530: 83122.993: Total time for which application threads were stopped: 0.0005900 seconds
2015-01-27T11:49:15.919+0530: 83176.193: Total time for which application threads were stopped: 0.0007530 seconds
2015-01-27T11:50:12.129+0530: 83232.402: Total time for which application threads were stopped: 0.0005830 seconds
2015-01-27T11:51:07.394+0530: 83287.667: Total time for which application threads were stopped: 0.0006260 seconds
2015-01-27T11:52:03.748+0530: 83344.021: Total time for which application threads were stopped: 0.0005930 seconds
2015-01-27T11:52:59.535+0530: 83399.808: Total time for which application threads were stopped: 0.0006900 seconds
2015-01-27T11:53:55.121+0530: 83455.394: Total time for which application threads were stopped: 0.0006800 seconds
2015-01-27T11:54:49.431+0530: 83509.705: Total time for which application threads were stopped: 0.0006120 seconds
2015-01-27T11:55:47.624+0530: 83567.897: Total time for which application threads were stopped: 0.0007630 seconds
2015-01-27T11:56:42.921+0530: 83623.194: Total time for which application threads were stopped: 0.0002580 seconds
2015-01-27T11:57:39.383+0530: 83679.657: Total time for which application threads were stopped: 0.0006570 seconds
2015-01-27T11:58:37.735+0530: 83738.008: Total time for which application threads were stopped: 0.0006970 seconds
2015-01-27T11:59:33.627+0530: 83793.900: Total time for which application threads were stopped: 0.0007910 seconds
2015-01-27T12:00:30.289+0530: 83850.563: Total time for which application threads were stopped: 0.0006750 seconds
2015-01-27T12:01:25.597+0530: 83905.870: Total time for which application threads were stopped: 0.0006010 seconds
2015-01-27T12:02:22.251+0530: 83962.524: Total time for which application threads were stopped: 0.0006230 seconds
2015-01-27T12:03:18.152+0530: 84018.425: Total time for which application threads were stopped: 0.0007120 seconds
2015-01-27T12:04:16.562+0530: 84076.849: Total time for which application threads were stopped: 0.0137530 seconds
2015-01-27T12:05:14.648+0530: 84134.922: Total time for which application threads were stopped: 0.0005950 seconds
2015-01-27T12:06:12.368+0530: 84192.641: Total time for which application threads were stopped: 0.0003280 seconds
2015-01-27T12:07:08.922+0530: 84249.195: Total time for which application threads were stopped: 0.0006120 seconds
2015-01-27T16:25:45.320+0530: 99765.594: Total time for which application threads were stopped: 0.0005810 seconds
2015-01-27T16:26:40.671+0530: 99820.945: Total time for which application threads were stopped: 0.0005940 seconds
2015-01-27T16:27:34.224+0530: 99874.497: Total time for which application threads were stopped: 0.0007820 seconds
2015-01-27T16:28:31.129+0530: 99931.402: Total time for which application threads were stopped: 0.0006230 seconds
2015-01-27T16:29:28.578+0530: 99988.851: Total time for which application threads were stopped: 0.0006440 seconds
2015-01-27T16:30:24.006+0530: 100044.279: Total time for which application threads were stopped: 0.0006140 seconds
2015-01-27T16:31:19.813+0530: 100100.086: Total time for which application threads were stopped: 0.0006040 seconds
2015-01-27T16:32:15.955+0530: 100156.228: Total time for which application threads were stopped: 0.0005900 seconds
2015-01-27T16:33:10.558+0530: 100210.832: Total time for which application threads were stopped: 0.0007530 seconds
2015-01-27T16:34:07.950+0530: 100268.223: Total time for which application threads were stopped: 0.0006210 seconds
2015-01-27T16:35:03.394+0530: 100323.667: Total time for which application threads were stopped: 0.0006360 seconds
2015-01-27T16:35:58.557+0530: 100378.830: Total time for which application threads were stopped: 0.0005790 seconds
2015-01-27T16:36:54.616+0530: 100434.889: Total time for which application threads were stopped: 0.0003570 seconds
2015-01-27T16:37:53.651+0530: 100493.924: Total time for which application threads were stopped: 0.0005690 seconds
2015-01-27T16:38:49.349+0530: 100549.623: Total time for which application threads were stopped: 0.0005770 seconds
2015-01-27T16:39:44.076+0530: 100604.350: Total time for which application threads were stopped: 0.0006000 seconds
2015-01-27T16:40:41.959+0530: 100662.232: Total time for which application threads were stopped: 0.0004660 seconds
2015-01-27T16:41:36.313+0530: 100716.586: Total time for which application threads were stopped: 0.0008580 seconds
2015-01-27T16:42:32.821+0530: 100773.094: Total time for which application threads were stopped: 0.0006340 seconds
2015-01-27T16:43:27.194+0530: 100827.467: Total time for which application threads were stopped: 0.0005900 seconds
2015-01-27T16:44:23.105+0530: 100883.379: Total time for which application threads were stopped: 0.0003150 seconds
2015-01-27T16:45:20.509+0530: 100940.782: Total time for which application threads were stopped: 0.0002740 seconds
2015-01-27T16:46:18.549+0530: 100998.822: Total time for which application threads were stopped: 0.0006290 seconds
2015-01-27T16:47:13.275+0530: 101053.549: Total time for which application threads were stopped: 0.0004820 seconds
2015-01-27T16:48:09.925+0530: 101110.199: Total time for which application threads were stopped: 0.0002710 seconds
2015-01-27T16:49:04.800+0530: 101165.073: Total time for which application threads were stopped: 0.0004780 seconds
2015-01-27T16:50:01.553+0530: 101221.826: Total time for which application threads were stopped: 0.0006380 seconds
2015-01-27T16:50:56.974+0530: 101277.247: Total time for which application threads were stopped: 0.0003520 seconds
2015-01-27T16:51:53.580+0530: 101333.853: Total time for which application threads were stopped: 0.0003340 seconds
2015-01-27T16:52:50.224+0530: 101390.497: Total time for which application threads were stopped: 0.0008210 seconds
2015-01-27T16:53:47.289+0530: 101447.563: Total time for which application threads were stopped: 0.0005910 seconds
2015-01-27T16:54:42.429+0530: 101502.702: Total time for which application threads were stopped: 0.0006220 seconds
2015-01-27T16:55:39.093+0530: 101559.366: Total time for which application threads were stopped: 0.0006920 seconds
{Heap before GC invocations=23 (full 0):
 par new generation   total 109248K, used 87558K [0x00000000dae00000, 0x00000000e2e00000, 0x00000000e2e00000)
  eden space 87424K, 100% used [0x00000000dae00000, 0x00000000e0360000, 0x00000000e0360000)
  from space 21824K,   0% used [0x00000000e18b0000, 0x00000000e18d18e8, 0x00000000e2e00000)
  to   space 21824K,   0% used [0x00000000e0360000, 0x00000000e0360000, 0x00000000e18b0000)
 concurrent mark-sweep generation total 393216K, used 16938K [0x00000000e2e00000, 0x00000000fae00000, 0x00000000fae00000)
 concurrent-mark-sweep perm gen total 30464K, used 30439K [0x00000000fae00000, 0x00000000fcbc0000, 0x0000000100000000)
2015-01-27T16:56:33.416+0530: 101613.689: [GC2015-01-27T16:56:33.428+0530: 101613.701: [ParNew
Desired survivor size 20112992 bytes, new threshold 8 (max 8)
- age   1:     118520 bytes,     118520 total
- age   5:        200 bytes,     118720 total
- age   7:         32 bytes,     118752 total
: 87558K->178K(109248K), 0.1195410 secs] 104496K->17116K(502464K), 0.1316070 secs] [Times: user=0.00 sys=0.00, real=0.13 secs] 
Heap after GC invocations=24 (full 0):
 par new generation   total 109248K, used 178K [0x00000000dae00000, 0x00000000e2e00000, 0x00000000e2e00000)
  eden space 87424K,   0% used [0x00000000dae00000, 0x00000000dae00000, 0x00000000e0360000)
  from space 21824K,   0% used [0x00000000e0360000, 0x00000000e038c8b0, 0x00000000e18b0000)
  to   space 21824K,   0% used [0x00000000e18b0000, 0x00000000e18b0000, 0x00000000e2e00000)
 concurrent mark-sweep generation total 393216K, used 16938K [0x00000000e2e00000, 0x00000000fae00000, 0x00000000fae00000)
 concurrent-mark-sweep perm gen total 30464K, used 30439K [0x00000000fae00000, 0x00000000fcbc0000, 0x0000000100000000)
}
2015-01-27T16:56:33.548+0530: 101613.821: Total time for which application threads were stopped: 0.2336800 seconds
2015-01-27T16:56:35.818+0530: 101616.092: Total time for which application threads were stopped: 0.0006260 seconds
2015-01-27T16:57:31.992+0530: 101672.265: Total time for which application threads were stopped: 0.0006100 seconds
2015-01-27T16:58:29.514+0530: 101729.787: Total time for which application threads were stopped: 0.0005890 seconds
2015-01-27T16:59:25.213+0530: 101785.486: Total time for which application threads were stopped: 0.0006220 seconds
2015-01-27T17:00:21.968+0530: 101842.241: Total time for which application threads were stopped: 0.0008110 seconds
2015-01-27T17:01:17.984+0530: 101898.257: Total time for which application threads were stopped: 0.0005960 seconds
2015-01-27T17:02:13.073+0530: 101953.346: Total time for which application threads were stopped: 0.0003080 seconds
2015-01-27T17:03:12.078+0530: 102012.352: Total time for which application threads were stopped: 0.0003180 seconds
2015-01-27T17:04:09.634+0530: 102069.908: Total time for which application threads were stopped: 0.0003280 seconds
2015-01-27T17:05:05.947+0530: 102126.221: Total time for which application threads were stopped: 0.0007280 seconds
2015-01-27T17:06:02.436+0530: 102182.710: Total time for which application threads were stopped: 0.0006160 seconds
2015-01-27T17:07:00.460+0530: 102240.734: Total time for which application threads were stopped: 0.0002710 seconds
2015-01-27T17:07:57.774+0530: 102298.048: Total time for which application threads were stopped: 0.0005720 seconds
2015-01-27T17:08:54.800+0530: 102355.074: Total time for which application threads were stopped: 0.0005970 seconds
2015-01-27T17:09:50.622+0530: 102410.896: Total time for which application threads were stopped: 0.0005840 seconds
2015-01-27T17:10:45.203+0530: 102465.476: Total time for which application threads were stopped: 0.0006080 seconds
2015-01-27T17:11:42.397+0530: 102522.670: Total time for which application threads were stopped: 0.0005950 seconds
2015-01-27T17:12:36.529+0530: 102576.803: Total time for which application threads were stopped: 0.0006080 seconds
2015-01-27T17:13:33.767+0530: 102634.040: Total time for which application threads were stopped: 0.0006850 seconds
2015-01-27T17:14:30.685+0530: 102690.959: Total time for which application threads were stopped: 0.0006110 seconds
2015-01-27T17:15:26.937+0530: 102747.211: Total time for which application threads were stopped: 0.0231680 seconds
2015-01-27T17:16:22.406+0530: 102802.680: Total time for which application threads were stopped: 0.0007690 seconds
2015-01-27T17:17:18.069+0530: 102858.342: Total time for which application threads were stopped: 0.0006180 seconds
2015-01-27T17:18:13.798+0530: 102914.071: Total time for which application threads were stopped: 0.0006130 seconds
2015-01-27T17:19:09.589+0530: 102969.862: Total time for which application threads were stopped: 0.0005940 seconds
2015-01-27T17:20:03.932+0530: 103024.205: Total time for which application threads were stopped: 0.0002940 seconds
2015-01-27T17:21:01.019+0530: 103081.292: Total time for which application threads were stopped: 0.0006740 seconds
2015-01-27T17:21:56.674+0530: 103136.948: Total time for which application threads were stopped: 0.0006050 seconds
2015-01-27T17:22:53.685+0530: 103193.958: Total time for which application threads were stopped: 0.0005880 seconds
2015-01-27T17:23:50.578+0530: 103250.851: Total time for which application threads were stopped: 0.0005960 seconds
2015-01-27T17:24:42.810+0530: 103303.084: Total time for which application threads were stopped: 0.0006290 seconds
2015-01-27T17:25:39.169+0530: 103359.442: Total time for which application threads were stopped: 0.0006140 seconds
2015-01-27T17:26:34.532+0530: 103414.806: Total time for which application threads were stopped: 0.0002720 seconds
2015-01-27T17:27:29.418+0530: 103469.691: Total time for which application threads were stopped: 0.0006050 seconds
2015-01-27T17:28:27.176+0530: 103527.449: Total time for which application threads were stopped: 0.0002870 seconds
2015-01-27T17:29:24.304+0530: 103584.578: Total time for which application threads were stopped: 0.0005650 seconds
2015-01-27T17:30:19.941+0530: 103640.214: Total time for which application threads were stopped: 0.0005970 seconds
2015-01-27T17:31:16.332+0530: 103696.605: Total time for which application threads were stopped: 0.0005880 seconds
2015-01-27T17:32:11.579+0530: 103751.853: Total time for which application threads were stopped: 0.0006700 seconds
2015-01-27T17:33:09.047+0530: 103809.321: Total time for which application threads were stopped: 0.0007190 seconds
2015-01-27T17:34:03.980+0530: 103864.254: Total time for which application threads were stopped: 0.0005790 seconds
2015-01-27T17:35:02.107+0530: 103922.381: Total time for which application threads were stopped: 0.0006390 seconds
2015-01-27T17:35:57.685+0530: 103977.959: Total time for which application threads were stopped: 0.0005850 seconds
2015-01-27T17:36:55.914+0530: 104036.188: Total time for which application threads were stopped: 0.0006880 seconds
2015-01-27T17:37:52.973+0530: 104093.247: Total time for which application threads were stopped: 0.0005980 seconds
2015-01-27T17:38:48.908+0530: 104149.182: Total time for which application threads were stopped: 0.0006040 seconds
2015-01-27T17:39:43.406+0530: 104203.679: Total time for which application threads were stopped: 0.0005920 seconds
2015-01-27T17:40:40.201+0530: 104260.474: Total time for which application threads were stopped: 0.0006250 seconds
2015-01-27T17:41:33.725+0530: 104313.998: Total time for which application threads were stopped: 0.0006330 seconds
2015-01-27T17:42:32.171+0530: 104372.445: Total time for which application threads were stopped: 0.0006540 seconds
2015-01-27T17:43:33.454+0530: 104433.728: Total time for which application threads were stopped: 0.0005990 seconds
2015-01-27T17:44:29.908+0530: 104490.181: Total time for which application threads were stopped: 0.0006130 seconds
2015-01-27T17:45:24.837+0530: 104545.111: Total time for which application threads were stopped: 0.0006380 seconds
2015-01-27T17:46:20.614+0530: 104600.887: Total time for which application threads were stopped: 0.0006010 seconds
2015-01-27T17:47:16.087+0530: 104656.360: Total time for which application threads were stopped: 0.0006520 seconds
2015-01-27T17:48:14.358+0530: 104714.631: Total time for which application threads were stopped: 0.0006020 seconds
2015-01-27T17:49:08.923+0530: 104769.196: Total time for which application threads were stopped: 0.0006040 seconds
2015-01-27T17:50:06.477+0530: 104826.750: Total time for which application threads were stopped: 0.0005910 seconds
2015-01-27T17:51:00.536+0530: 104880.810: Total time for which application threads were stopped: 0.0005620 seconds
2015-01-27T17:51:57.628+0530: 104937.901: Total time for which application threads were stopped: 0.0003620 seconds
2015-01-27T17:52:52.816+0530: 104993.089: Total time for which application threads were stopped: 0.0005860 seconds
2015-01-27T17:53:49.447+0530: 105049.720: Total time for which application threads were stopped: 0.0006530 seconds
2015-01-27T17:54:47.567+0530: 105107.841: Total time for which application threads were stopped: 0.0006510 seconds
2015-01-27T17:55:43.358+0530: 105163.632: Total time for which application threads were stopped: 0.0005730 seconds
2015-01-27T17:56:40.734+0530: 105221.007: Total time for which application threads were stopped: 0.0005910 seconds
2015-01-27T17:57:37.540+0530: 105277.813: Total time for which application threads were stopped: 0.0006000 seconds
2015-01-27T17:58:33.807+0530: 105334.080: Total time for which application threads were stopped: 0.0006060 seconds
{Heap before GC invocations=24 (full 0):
 par new generation   total 109248K, used 87602K [0x00000000dae00000, 0x00000000e2e00000, 0x00000000e2e00000)
  eden space 87424K, 100% used [0x00000000dae00000, 0x00000000e0360000, 0x00000000e0360000)
  from space 21824K,   0% used [0x00000000e0360000, 0x00000000e038c8b0, 0x00000000e18b0000)
  to   space 21824K,   0% used [0x00000000e18b0000, 0x00000000e18b0000, 0x00000000e2e00000)
 concurrent mark-sweep generation total 393216K, used 16938K [0x00000000e2e00000, 0x00000000fae00000, 0x00000000fae00000)
 concurrent-mark-sweep perm gen total 30464K, used 30439K [0x00000000fae00000, 0x00000000fcbc0000, 0x0000000100000000)
2015-01-27T17:59:05.333+0530: 105365.606: [GC2015-01-27T17:59:05.333+0530: 105365.607: [ParNew
Desired survivor size 20112992 bytes, new threshold 8 (max 8)
- age   1:     109944 bytes,     109944 total
- age   2:       8656 bytes,     118600 total
- age   8:         32 bytes,     118632 total
: 87602K->149K(109248K), 0.0073920 secs] 104540K->17088K(502464K), 0.0075520 secs] [Times: user=0.02 sys=0.00, real=0.01 secs] 
Heap after GC invocations=25 (full 0):
 par new generation   total 109248K, used 149K [0x00000000dae00000, 0x00000000e2e00000, 0x00000000e2e00000)
  eden space 87424K,   0% used [0x00000000dae00000, 0x00000000dae00000, 0x00000000e0360000)
  from space 21824K,   0% used [0x00000000e18b0000, 0x00000000e18d56d0, 0x00000000e2e00000)
  to   space 21824K,   0% used [0x00000000e0360000, 0x00000000e0360000, 0x00000000e18b0000)
 concurrent mark-sweep generation total 393216K, used 16938K [0x00000000e2e00000, 0x00000000fae00000, 0x00000000fae00000)
 concurrent-mark-sweep perm gen total 30464K, used 30439K [0x00000000fae00000, 0x00000000fcbc0000, 0x0000000100000000)
}
2015-01-27T17:59:05.341+0530: 105365.614: Total time for which application threads were stopped: 0.0080660 seconds
2015-01-27T17:59:29.099+0530: 105389.372: Total time for which application threads were stopped: 0.0005650 seconds
2015-01-27T18:00:25.349+0530: 105445.622: Total time for which application threads were stopped: 0.0006130 seconds
2015-01-27T18:01:23.844+0530: 105504.118: Total time for which application threads were stopped: 0.0006430 seconds
2015-01-27T18:02:20.266+0530: 105560.539: Total time for which application threads were stopped: 0.0005870 seconds
2015-01-27T18:03:16.787+0530: 105617.060: Total time for which application threads were stopped: 0.0005930 seconds
2015-01-27T18:04:13.269+0530: 105673.542: Total time for which application threads were stopped: 0.0006030 seconds
2015-01-27T18:05:10.784+0530: 105731.058: Total time for which application threads were stopped: 0.0006140 seconds
2015-01-27T18:06:06.514+0530: 105786.788: Total time for which application threads were stopped: 0.0005940 seconds
2015-01-27T18:07:02.855+0530: 105843.129: Total time for which application threads were stopped: 0.0006280 seconds
2015-01-27T18:07:58.509+0530: 105898.782: Total time for which application threads were stopped: 0.0006120 seconds
2015-01-27T18:26:11.252+0530: 106991.525: Total time for which application threads were stopped: 0.0006380 seconds
2015-01-27T18:27:07.048+0530: 107047.321: Total time for which application threads were stopped: 0.0006260 seconds
2015-01-27T18:28:01.233+0530: 107101.506: Total time for which application threads were stopped: 0.0006140 seconds
2015-01-27T18:28:46.239+0530: 107146.512: Total time for which application threads were stopped: 0.0002220 seconds
2015-01-27T18:28:55.976+0530: 107156.250: Total time for which application threads were stopped: 0.0007530 seconds
2015-01-27T18:29:51.882+0530: 107212.156: Total time for which application threads were stopped: 0.0007340 seconds
2015-01-27T18:30:49.670+0530: 107269.943: Total time for which application threads were stopped: 0.0006360 seconds
2015-01-27T18:31:46.380+0530: 107326.653: Total time for which application threads were stopped: 0.0006060 seconds
2015-01-27T18:32:41.618+0530: 107381.892: Total time for which application threads were stopped: 0.0006170 seconds
2015-01-27T18:33:39.096+0530: 107439.370: Total time for which application threads were stopped: 0.0005710 seconds
2015-01-27T18:34:34.760+0530: 107495.034: Total time for which application threads were stopped: 0.0006610 seconds
2015-01-27T18:35:30.962+0530: 107551.236: Total time for which application threads were stopped: 0.0006050 seconds
2015-01-27T18:36:26.864+0530: 107607.138: Total time for which application threads were stopped: 0.0006220 seconds
2015-01-27T18:37:22.921+0530: 107663.195: Total time for which application threads were stopped: 0.0006080 seconds
2015-01-27T18:38:19.442+0530: 107719.716: Total time for which application threads were stopped: 0.0008240 seconds
2015-01-27T18:39:16.531+0530: 107776.805: Total time for which application threads were stopped: 0.0007230 seconds
2015-01-27T18:40:12.570+0530: 107832.843: Total time for which application threads were stopped: 0.0007490 seconds
2015-01-27T18:41:07.292+0530: 107887.565: Total time for which application threads were stopped: 0.0006080 seconds
2015-01-27T18:42:03.851+0530: 107944.124: Total time for which application threads were stopped: 0.0006410 seconds
2015-01-27T18:43:00.445+0530: 108000.718: Total time for which application threads were stopped: 0.0005950 seconds
2015-01-27T18:43:57.038+0530: 108057.311: Total time for which application threads were stopped: 0.0002750 seconds
2015-01-27T18:44:54.255+0530: 108114.528: Total time for which application threads were stopped: 0.0006000 seconds
2015-01-27T18:45:47.438+0530: 108167.711: Total time for which application threads were stopped: 0.0006140 seconds
2015-01-27T18:46:42.244+0530: 108222.518: Total time for which application threads were stopped: 0.0005750 seconds
2015-01-27T18:47:39.854+0530: 108280.128: Total time for which application threads were stopped: 0.0006060 seconds
2015-01-27T18:48:36.355+0530: 108336.628: Total time for which application threads were stopped: 0.0005850 seconds
2015-01-27T18:49:32.296+0530: 108392.569: Total time for which application threads were stopped: 0.0007220 seconds
2015-01-27T18:50:29.170+0530: 108449.444: Total time for which application threads were stopped: 0.0006070 seconds
2015-01-27T18:51:25.363+0530: 108505.636: Total time for which application threads were stopped: 0.0006240 seconds
2015-01-27T18:52:23.458+0530: 108563.731: Total time for which application threads were stopped: 0.0006190 seconds
2015-01-27T18:53:18.961+0530: 108619.234: Total time for which application threads were stopped: 0.0006280 seconds
2015-01-27T18:54:16.328+0530: 108676.601: Total time for which application threads were stopped: 0.0006030 seconds
2015-01-27T18:55:14.735+0530: 108735.008: Total time for which application threads were stopped: 0.0002880 seconds
2015-01-27T18:56:12.084+0530: 108792.358: Total time for which application threads were stopped: 0.0006380 seconds
2015-01-27T18:57:09.169+0530: 108849.443: Total time for which application threads were stopped: 0.0006670 seconds
2015-01-27T18:58:06.540+0530: 108906.813: Total time for which application threads were stopped: 0.0006020 seconds
2015-01-27T18:59:01.298+0530: 108961.571: Total time for which application threads were stopped: 0.0006390 seconds
2015-01-27T18:59:55.118+0530: 109015.392: Total time for which application threads were stopped: 0.0003170 seconds
2015-01-27T19:00:52.314+0530: 109072.587: Total time for which application threads were stopped: 0.0003120 seconds
2015-01-27T20:50:27.723+0530: 115647.997: Total time for which application threads were stopped: 0.0003820 seconds
2015-01-27T20:51:23.500+0530: 115703.774: Total time for which application threads were stopped: 0.0006370 seconds
2015-01-27T20:52:20.714+0530: 115760.987: Total time for which application threads were stopped: 0.0069830 seconds
2015-01-27T20:53:14.526+0530: 115814.800: Total time for which application threads were stopped: 0.0154110 seconds
2015-01-27T20:54:10.235+0530: 115870.508: Total time for which application threads were stopped: 0.0006670 seconds
2015-01-27T20:55:05.864+0530: 115926.138: Total time for which application threads were stopped: 0.0003740 seconds
2015-01-27T20:56:02.181+0530: 115982.454: Total time for which application threads were stopped: 0.0003260 seconds
2015-01-27T20:56:56.943+0530: 116037.218: Total time for which application threads were stopped: 0.0557900 seconds
2015-01-27T20:57:52.829+0530: 116093.103: Total time for which application threads were stopped: 0.0538240 seconds
{Heap before GC invocations=25 (full 0):
 par new generation   total 109248K, used 87573K [0x00000000dae00000, 0x00000000e2e00000, 0x00000000e2e00000)
  eden space 87424K, 100% used [0x00000000dae00000, 0x00000000e0360000, 0x00000000e0360000)
  from space 21824K,   0% used [0x00000000e18b0000, 0x00000000e18d56d0, 0x00000000e2e00000)
  to   space 21824K,   0% used [0x00000000e0360000, 0x00000000e0360000, 0x00000000e18b0000)
 concurrent mark-sweep generation total 393216K, used 16938K [0x00000000e2e00000, 0x00000000fae00000, 0x00000000fae00000)
 concurrent-mark-sweep perm gen total 30464K, used 30439K [0x00000000fae00000, 0x00000000fcbc0000, 0x0000000100000000)
2015-01-27T20:58:25.351+0530: 116125.624: [GC2015-01-27T20:58:25.410+0530: 116125.683: [ParNew
Desired survivor size 20112992 bytes, new threshold 8 (max 8)
- age   1:     109976 bytes,     109976 total
- age   3:       8656 bytes,     118632 total
: 87573K->150K(109248K), 0.1293200 secs] 104512K->17089K(502464K), 0.1883370 secs] [Times: user=0.01 sys=0.00, real=0.19 secs] 
Heap after GC invocations=26 (full 0):
 par new generation   total 109248K, used 150K [0x00000000dae00000, 0x00000000e2e00000, 0x00000000e2e00000)
  eden space 87424K,   0% used [0x00000000dae00000, 0x00000000dae00000, 0x00000000e0360000)
  from space 21824K,   0% used [0x00000000e0360000, 0x00000000e0385ab0, 0x00000000e18b0000)
  to   space 21824K,   0% used [0x00000000e18b0000, 0x00000000e18b0000, 0x00000000e2e00000)
 concurrent mark-sweep generation total 393216K, used 16938K [0x00000000e2e00000, 0x00000000fae00000, 0x00000000fae00000)
 concurrent-mark-sweep perm gen total 30464K, used 30439K [0x00000000fae00000, 0x00000000fcbc0000, 0x0000000100000000)
}
2015-01-27T20:58:25.539+0530: 116125.812: Total time for which application threads were stopped: 0.4168940 seconds
2015-01-27T20:58:51.911+0530: 116152.185: Total time for which application threads were stopped: 0.0003000 seconds
2015-01-27T20:59:47.280+0530: 116207.553: Total time for which application threads were stopped: 0.0006270 seconds
2015-01-27T21:00:45.459+0530: 116265.732: Total time for which application threads were stopped: 0.0006370 seconds
2015-01-27T21:01:41.845+0530: 116322.118: Total time for which application threads were stopped: 0.0006070 seconds
2015-01-27T21:02:38.091+0530: 116378.364: Total time for which application threads were stopped: 0.0005790 seconds
2015-01-27T21:03:34.311+0530: 116434.584: Total time for which application threads were stopped: 0.0008290 seconds
2015-01-27T21:04:31.927+0530: 116492.201: Total time for which application threads were stopped: 0.0006900 seconds
2015-01-27T21:05:28.192+0530: 116548.465: Total time for which application threads were stopped: 0.0005730 seconds
2015-01-27T21:06:23.072+0530: 116603.346: Total time for which application threads were stopped: 0.0002640 seconds
2015-01-27T21:07:19.481+0530: 116659.755: Total time for which application threads were stopped: 0.0006350 seconds
2015-01-27T21:08:15.045+0530: 116715.318: Total time for which application threads were stopped: 0.0006410 seconds
2015-01-27T21:09:09.126+0530: 116769.400: Total time for which application threads were stopped: 0.0006270 seconds
2015-01-27T21:10:06.636+0530: 116826.909: Total time for which application threads were stopped: 0.0006270 seconds
2015-01-27T21:11:03.467+0530: 116883.740: Total time for which application threads were stopped: 0.0006530 seconds
2015-01-27T21:11:57.618+0530: 116937.891: Total time for which application threads were stopped: 0.0006100 seconds
2015-01-27T21:12:55.727+0530: 116996.000: Total time for which application threads were stopped: 0.0007580 seconds
2015-01-27T21:13:52.325+0530: 117052.599: Total time for which application threads were stopped: 0.0008130 seconds
2015-01-27T21:14:49.022+0530: 117109.295: Total time for which application threads were stopped: 0.0006340 seconds
2015-01-27T21:15:46.892+0530: 117167.165: Total time for which application threads were stopped: 0.0006130 seconds
2015-01-27T21:16:41.347+0530: 117221.620: Total time for which application threads were stopped: 0.0006650 seconds
2015-01-27T21:17:35.304+0530: 117275.577: Total time for which application threads were stopped: 0.0006180 seconds
2015-01-27T21:18:30.665+0530: 117330.938: Total time for which application threads were stopped: 0.0006960 seconds
2015-01-27T21:19:25.579+0530: 117385.852: Total time for which application threads were stopped: 0.0006120 seconds
2015-01-27T21:20:23.372+0530: 117443.645: Total time for which application threads were stopped: 0.0006810 seconds
2015-01-27T21:21:19.353+0530: 117499.626: Total time for which application threads were stopped: 0.0006870 seconds
2015-01-27T21:22:16.857+0530: 117557.130: Total time for which application threads were stopped: 0.0006070 seconds
2015-01-27T21:23:12.699+0530: 117612.972: Total time for which application threads were stopped: 0.0006340 seconds
2015-01-27T21:24:10.230+0530: 117670.503: Total time for which application threads were stopped: 0.0006350 seconds
2015-01-27T21:25:05.803+0530: 117726.077: Total time for which application threads were stopped: 0.0006900 seconds
2015-01-27T21:26:00.316+0530: 117780.589: Total time for which application threads were stopped: 0.0005840 seconds
2015-01-27T21:26:54.181+0530: 117834.454: Total time for which application threads were stopped: 0.0007060 seconds
2015-01-27T21:27:48.119+0530: 117888.393: Total time for which application threads were stopped: 0.0006680 seconds
2015-01-27T21:28:45.036+0530: 117945.310: Total time for which application threads were stopped: 0.0004140 seconds
2015-01-27T21:29:42.659+0530: 118002.932: Total time for which application threads were stopped: 0.0003400 seconds
2015-01-27T21:30:38.759+0530: 118059.033: Total time for which application threads were stopped: 0.0002650 seconds
2015-01-27T21:31:35.645+0530: 118115.919: Total time for which application threads were stopped: 0.0006260 seconds
2015-01-27T21:32:33.385+0530: 118173.659: Total time for which application threads were stopped: 0.0005980 seconds
2015-01-27T21:33:28.669+0530: 118228.942: Total time for which application threads were stopped: 0.0006120 seconds
2015-01-27T21:34:28.459+0530: 118288.733: Total time for which application threads were stopped: 0.0006690 seconds
2015-01-27T21:35:24.276+0530: 118344.550: Total time for which application threads were stopped: 0.0006350 seconds
2015-01-27T21:36:19.524+0530: 118399.797: Total time for which application threads were stopped: 0.0007110 seconds
2015-01-27T21:37:16.389+0530: 118456.662: Total time for which application threads were stopped: 0.0006190 seconds
2015-01-27T21:38:12.836+0530: 118513.109: Total time for which application threads were stopped: 0.0006280 seconds
2015-01-27T21:39:09.034+0530: 118569.307: Total time for which application threads were stopped: 0.0004050 seconds
2015-01-27T21:40:06.339+0530: 118626.612: Total time for which application threads were stopped: 0.0006260 seconds
2015-01-27T21:41:00.929+0530: 118681.202: Total time for which application threads were stopped: 0.0006260 seconds
2015-01-27T21:41:56.289+0530: 118736.563: Total time for which application threads were stopped: 0.0006110 seconds
2015-01-27T21:42:52.149+0530: 118792.422: Total time for which application threads were stopped: 0.0006090 seconds
2015-01-27T21:43:46.009+0530: 118846.282: Total time for which application threads were stopped: 0.0004250 seconds
2015-01-27T21:44:40.546+0530: 118900.819: Total time for which application threads were stopped: 0.0006610 seconds
2015-01-27T21:45:38.051+0530: 118958.325: Total time for which application threads were stopped: 0.0006470 seconds
2015-01-27T21:46:35.122+0530: 119015.395: Total time for which application threads were stopped: 0.0006180 seconds
2015-01-27T21:47:30.533+0530: 119070.806: Total time for which application threads were stopped: 0.0006070 seconds
2015-01-27T21:48:25.426+0530: 119125.699: Total time for which application threads were stopped: 0.0006100 seconds
2015-01-27T21:49:22.063+0530: 119182.336: Total time for which application threads were stopped: 0.0006230 seconds
2015-01-27T21:50:16.171+0530: 119236.445: Total time for which application threads were stopped: 0.0006820 seconds
2015-01-27T21:51:15.315+0530: 119295.588: Total time for which application threads were stopped: 0.0004620 seconds
2015-01-27T21:52:11.349+0530: 119351.622: Total time for which application threads were stopped: 0.0005980 seconds
2015-01-27T21:53:09.827+0530: 119410.100: Total time for which application threads were stopped: 0.0003790 seconds
2015-01-27T21:54:07.089+0530: 119467.362: Total time for which application threads were stopped: 0.0005930 seconds
2015-01-27T21:55:02.208+0530: 119522.481: Total time for which application threads were stopped: 0.0006060 seconds
2015-01-27T21:55:58.080+0530: 119578.353: Total time for which application threads were stopped: 0.0006010 seconds
{Heap before GC invocations=26 (full 0):
 par new generation   total 109248K, used 87574K [0x00000000dae00000, 0x00000000e2e00000, 0x00000000e2e00000)
  eden space 87424K, 100% used [0x00000000dae00000, 0x00000000e0360000, 0x00000000e0360000)
  from space 21824K,   0% used [0x00000000e0360000, 0x00000000e0385ab0, 0x00000000e18b0000)
  to   space 21824K,   0% used [0x00000000e18b0000, 0x00000000e18b0000, 0x00000000e2e00000)
 concurrent mark-sweep generation total 393216K, used 16938K [0x00000000e2e00000, 0x00000000fae00000, 0x00000000fae00000)
 concurrent-mark-sweep perm gen total 30464K, used 30439K [0x00000000fae00000, 0x00000000fcbc0000, 0x0000000100000000)
2015-01-27T21:56:25.102+0530: 119605.375: [GC2015-01-27T21:56:25.104+0530: 119605.377: [ParNew
Desired survivor size 20112992 bytes, new threshold 8 (max 8)
- age   1:     118584 bytes,     118584 total
- age   2:         48 bytes,     118632 total
- age   4:        200 bytes,     118832 total
: 87574K->164K(109248K), 0.1156120 secs] 104513K->17102K(502464K), 0.1172990 secs] [Times: user=0.02 sys=0.00, real=0.12 secs] 
Heap after GC invocations=27 (full 0):
 par new generation   total 109248K, used 164K [0x00000000dae00000, 0x00000000e2e00000, 0x00000000e2e00000)
  eden space 87424K,   0% used [0x00000000dae00000, 0x00000000dae00000, 0x00000000e0360000)
  from space 21824K,   0% used [0x00000000e18b0000, 0x00000000e18d90a0, 0x00000000e2e00000)
  to   space 21824K,   0% used [0x00000000e0360000, 0x00000000e0360000, 0x00000000e18b0000)
 concurrent mark-sweep generation total 393216K, used 16938K [0x00000000e2e00000, 0x00000000fae00000, 0x00000000fae00000)
 concurrent-mark-sweep perm gen total 30464K, used 30439K [0x00000000fae00000, 0x00000000fcbc0000, 0x0000000100000000)
}
2015-01-27T21:56:25.219+0530: 119605.493: Total time for which application threads were stopped: 0.2314520 seconds
2015-01-27T21:56:54.756+0530: 119635.029: Total time for which application threads were stopped: 0.0006530 seconds
2015-01-27T21:57:50.972+0530: 119691.245: Total time for which application threads were stopped: 0.0003730 seconds
2015-01-27T21:58:46.774+0530: 119747.048: Total time for which application threads were stopped: 0.0006790 seconds
2015-01-27T21:59:42.957+0530: 119803.230: Total time for which application threads were stopped: 0.0005970 seconds
2015-01-27T22:00:37.811+0530: 119858.084: Total time for which application threads were stopped: 0.0006010 seconds
2015-01-27T22:01:34.529+0530: 119914.802: Total time for which application threads were stopped: 0.0006060 seconds
2015-01-27T22:02:30.549+0530: 119970.822: Total time for which application threads were stopped: 0.0006040 seconds
2015-01-27T22:03:27.907+0530: 120028.180: Total time for which application threads were stopped: 0.0006410 seconds
2015-01-27T22:04:22.811+0530: 120083.085: Total time for which application threads were stopped: 0.0007330 seconds
2015-01-27T22:05:17.647+0530: 120137.921: Total time for which application threads were stopped: 0.0006460 seconds
2015-01-27T22:06:13.885+0530: 120194.158: Total time for which application threads were stopped: 0.0006100 seconds
2015-01-27T22:07:10.116+0530: 120250.389: Total time for which application threads were stopped: 0.0006610 seconds
2015-01-27T22:08:08.312+0530: 120308.585: Total time for which application threads were stopped: 0.0007160 seconds
2015-01-27T22:09:06.037+0530: 120366.310: Total time for which application threads were stopped: 0.0006430 seconds
2015-01-27T22:10:04.370+0530: 120424.644: Total time for which application threads were stopped: 0.0006140 seconds
2015-01-27T22:11:00.103+0530: 120480.376: Total time for which application threads were stopped: 0.0006320 seconds
2015-01-27T22:11:57.964+0530: 120538.238: Total time for which application threads were stopped: 0.0002730 seconds
2015-01-27T22:12:54.374+0530: 120594.648: Total time for which application threads were stopped: 0.0006200 seconds
2015-01-27T22:13:53.814+0530: 120654.087: Total time for which application threads were stopped: 0.0006270 seconds
2015-01-27T22:14:49.790+0530: 120710.064: Total time for which application threads were stopped: 0.0006160 seconds
2015-01-27T22:15:45.772+0530: 120766.045: Total time for which application threads were stopped: 0.0002770 seconds
2015-01-27T22:16:41.736+0530: 120822.009: Total time for which application threads were stopped: 0.0006840 seconds
2015-01-27T22:17:38.421+0530: 120878.694: Total time for which application threads were stopped: 0.0006930 seconds
2015-01-27T22:18:34.616+0530: 120934.889: Total time for which application threads were stopped: 0.0006740 seconds
2015-01-27T22:19:29.713+0530: 120989.987: Total time for which application threads were stopped: 0.0005910 seconds
2015-01-27T22:20:24.831+0530: 121045.105: Total time for which application threads were stopped: 0.0007410 seconds
2015-01-27T22:21:19.583+0530: 121099.856: Total time for which application threads were stopped: 0.0005950 seconds
2015-01-27T22:22:16.039+0530: 121156.312: Total time for which application threads were stopped: 0.0006280 seconds
2015-01-27T22:23:12.915+0530: 121213.188: Total time for which application threads were stopped: 0.0006300 seconds
2015-01-27T22:24:07.726+0530: 121268.000: Total time for which application threads were stopped: 0.0006030 seconds
2015-01-27T22:25:03.842+0530: 121324.115: Total time for which application threads were stopped: 0.0006150 seconds
2015-01-27T22:25:59.892+0530: 121380.165: Total time for which application threads were stopped: 0.0005980 seconds
2015-01-27T22:26:55.803+0530: 121436.076: Total time for which application threads were stopped: 0.0006560 seconds
2015-01-27T22:27:51.591+0530: 121491.865: Total time for which application threads were stopped: 0.0006630 seconds
2015-01-27T22:28:47.973+0530: 121548.246: Total time for which application threads were stopped: 0.0006000 seconds
2015-01-27T22:29:45.072+0530: 121605.346: Total time for which application threads were stopped: 0.0005980 seconds
2015-01-27T22:30:40.978+0530: 121661.251: Total time for which application threads were stopped: 0.0006350 seconds
2015-01-27T22:31:38.521+0530: 121718.795: Total time for which application threads were stopped: 0.0006060 seconds
2015-01-27T22:32:34.309+0530: 121774.582: Total time for which application threads were stopped: 0.0006060 seconds
2015-01-27T22:33:29.633+0530: 121829.907: Total time for which application threads were stopped: 0.0005940 seconds
2015-01-27T22:34:23.720+0530: 121883.993: Total time for which application threads were stopped: 0.0003450 seconds
2015-01-27T22:35:21.827+0530: 121942.100: Total time for which application threads were stopped: 0.0003600 seconds
2015-01-27T22:36:16.992+0530: 121997.265: Total time for which application threads were stopped: 0.0006710 seconds
2015-01-27T22:37:11.617+0530: 122051.890: Total time for which application threads were stopped: 0.0006700 seconds
2015-01-27T22:38:10.032+0530: 122110.306: Total time for which application threads were stopped: 0.0005980 seconds
2015-01-27T22:39:06.201+0530: 122166.474: Total time for which application threads were stopped: 0.0006040 seconds
2015-01-27T22:40:04.345+0530: 122224.619: Total time for which application threads were stopped: 0.0006040 seconds
2015-01-27T22:41:01.666+0530: 122281.940: Total time for which application threads were stopped: 0.0006150 seconds
2015-01-27T22:41:58.252+0530: 122338.526: Total time for which application threads were stopped: 0.0003500 seconds
2015-01-27T22:42:57.478+0530: 122397.752: Total time for which application threads were stopped: 0.0003110 seconds
2015-01-27T22:43:52.710+0530: 122452.983: Total time for which application threads were stopped: 0.0007470 seconds
2015-01-27T22:44:48.293+0530: 122508.567: Total time for which application threads were stopped: 0.0006130 seconds
2015-01-27T22:45:43.661+0530: 122563.934: Total time for which application threads were stopped: 0.0005930 seconds
2015-01-27T22:46:40.686+0530: 122620.959: Total time for which application threads were stopped: 0.0005530 seconds
2015-01-27T22:47:37.118+0530: 122677.391: Total time for which application threads were stopped: 0.0006010 seconds
2015-01-27T22:48:31.277+0530: 122731.550: Total time for which application threads were stopped: 0.0005820 seconds
2015-01-27T22:49:25.999+0530: 122786.272: Total time for which application threads were stopped: 0.0005920 seconds
2015-01-27T22:50:19.811+0530: 122840.084: Total time for which application threads were stopped: 0.0006430 seconds
2015-01-27T22:51:17.443+0530: 122897.717: Total time for which application threads were stopped: 0.0006110 seconds
2015-01-27T22:52:12.668+0530: 122952.941: Total time for which application threads were stopped: 0.0006020 seconds
2015-01-27T22:53:08.474+0530: 123008.747: Total time for which application threads were stopped: 0.0005950 seconds
2015-01-27T22:54:03.865+0530: 123064.138: Total time for which application threads were stopped: 0.0006020 seconds
2015-01-27T22:54:59.636+0530: 123119.909: Total time for which application threads were stopped: 0.0006190 seconds
{Heap before GC invocations=27 (full 0):
 par new generation   total 109248K, used 87588K [0x00000000dae00000, 0x00000000e2e00000, 0x00000000e2e00000)
  eden space 87424K, 100% used [0x00000000dae00000, 0x00000000e0360000, 0x00000000e0360000)
  from space 21824K,   0% used [0x00000000e18b0000, 0x00000000e18d90a0, 0x00000000e2e00000)
  to   space 21824K,   0% used [0x00000000e0360000, 0x00000000e0360000, 0x00000000e18b0000)
 concurrent mark-sweep generation total 393216K, used 16938K [0x00000000e2e00000, 0x00000000fae00000, 0x00000000fae00000)
 concurrent-mark-sweep perm gen total 30464K, used 30439K [0x00000000fae00000, 0x00000000fcbc0000, 0x0000000100000000)
2015-01-27T22:55:25.107+0530: 123145.380: [GC2015-01-27T22:55:25.110+0530: 123145.383: [ParNew
Desired survivor size 20112992 bytes, new threshold 8 (max 8)
- age   1:     109928 bytes,     109928 total
- age   2:       8656 bytes,     118584 total
- age   3:         48 bytes,     118632 total
: 87588K->157K(109248K), 0.1137020 secs] 104526K->17095K(502464K), 0.1170560 secs] [Times: user=0.00 sys=0.01, real=0.12 secs] 
Heap after GC invocations=28 (full 0):
 par new generation   total 109248K, used 157K [0x00000000dae00000, 0x00000000e2e00000, 0x00000000e2e00000)
  eden space 87424K,   0% used [0x00000000dae00000, 0x00000000dae00000, 0x00000000e0360000)
  from space 21824K,   0% used [0x00000000e0360000, 0x00000000e0387510, 0x00000000e18b0000)
  to   space 21824K,   0% used [0x00000000e18b0000, 0x00000000e18b0000, 0x00000000e2e00000)
 concurrent mark-sweep generation total 393216K, used 16938K [0x00000000e2e00000, 0x00000000fae00000, 0x00000000fae00000)
 concurrent-mark-sweep perm gen total 30464K, used 30439K [0x00000000fae00000, 0x00000000fcbc0000, 0x0000000100000000)
}
2015-01-27T22:55:25.224+0530: 123145.497: Total time for which application threads were stopped: 0.2162540 seconds
2015-01-27T22:55:57.435+0530: 123177.708: Total time for which application threads were stopped: 0.0005970 seconds
2015-01-27T22:56:51.966+0530: 123232.239: Total time for which application threads were stopped: 0.0006480 seconds
2015-01-27T22:57:48.408+0530: 123288.681: Total time for which application threads were stopped: 0.0002870 seconds
2015-01-27T22:58:43.924+0530: 123344.198: Total time for which application threads were stopped: 0.0006220 seconds
2015-01-27T22:59:38.635+0530: 123398.908: Total time for which application threads were stopped: 0.0007040 seconds
2015-01-27T23:00:35.501+0530: 123455.774: Total time for which application threads were stopped: 0.0006100 seconds
2015-01-27T23:01:31.274+0530: 123511.547: Total time for which application threads were stopped: 0.0005990 seconds
2015-01-27T23:02:26.464+0530: 123566.737: Total time for which application threads were stopped: 0.0006270 seconds
2015-01-27T23:03:21.143+0530: 123621.416: Total time for which application threads were stopped: 0.0006080 seconds
2015-01-27T23:04:18.689+0530: 123678.962: Total time for which application threads were stopped: 0.0006020 seconds
2015-01-27T23:05:15.994+0530: 123736.268: Total time for which application threads were stopped: 0.0005820 seconds
2015-01-27T23:06:11.388+0530: 123791.661: Total time for which application threads were stopped: 0.0005920 seconds
2015-01-27T23:07:07.451+0530: 123847.724: Total time for which application threads were stopped: 0.0005640 seconds
2015-01-27T23:08:03.529+0530: 123903.802: Total time for which application threads were stopped: 0.0006160 seconds
2015-01-27T23:09:02.452+0530: 123962.725: Total time for which application threads were stopped: 0.0008430 seconds
2015-01-27T23:10:00.584+0530: 124020.857: Total time for which application threads were stopped: 0.0006160 seconds
2015-01-27T23:10:55.872+0530: 124076.145: Total time for which application threads were stopped: 0.0006020 seconds
2015-01-27T23:11:50.352+0530: 124130.626: Total time for which application threads were stopped: 0.0006590 seconds
2015-01-27T23:12:43.469+0530: 124183.742: Total time for which application threads were stopped: 0.0006080 seconds
2015-01-27T23:13:39.509+0530: 124239.782: Total time for which application threads were stopped: 0.0006620 seconds
2015-01-27T23:14:35.044+0530: 124295.318: Total time for which application threads were stopped: 0.0006140 seconds
2015-01-27T23:15:32.111+0530: 124352.384: Total time for which application threads were stopped: 0.0005620 seconds
2015-01-27T23:16:29.618+0530: 124409.892: Total time for which application threads were stopped: 0.0006580 seconds
2015-01-27T23:17:27.715+0530: 124467.988: Total time for which application threads were stopped: 0.0006040 seconds
2015-01-27T23:18:23.794+0530: 124524.068: Total time for which application threads were stopped: 0.0005770 seconds
2015-01-27T23:19:20.434+0530: 124580.707: Total time for which application threads were stopped: 0.0005900 seconds
2015-01-27T23:20:15.235+0530: 124635.509: Total time for which application threads were stopped: 0.0006690 seconds
2015-01-27T23:21:09.881+0530: 124690.155: Total time for which application threads were stopped: 0.0005960 seconds
2015-01-27T23:22:05.817+0530: 124746.090: Total time for which application threads were stopped: 0.0005850 seconds
2015-01-27T23:23:00.746+0530: 124801.019: Total time for which application threads were stopped: 0.0006810 seconds
2015-01-27T23:23:57.061+0530: 124857.334: Total time for which application threads were stopped: 0.0006100 seconds
2015-01-27T23:24:54.168+0530: 124914.441: Total time for which application threads were stopped: 0.0006220 seconds
2015-01-27T23:25:48.796+0530: 124969.069: Total time for which application threads were stopped: 0.0005990 seconds
2015-01-27T23:26:45.977+0530: 125026.250: Total time for which application threads were stopped: 0.0006060 seconds
2015-01-27T23:27:43.293+0530: 125083.567: Total time for which application threads were stopped: 0.0005920 seconds
2015-01-27T23:28:39.951+0530: 125140.224: Total time for which application threads were stopped: 0.0006210 seconds
2015-01-27T23:29:38.168+0530: 125198.441: Total time for which application threads were stopped: 0.0006030 seconds
2015-01-27T23:30:34.561+0530: 125254.834: Total time for which application threads were stopped: 0.0006170 seconds
2015-01-27T23:31:29.505+0530: 125309.778: Total time for which application threads were stopped: 0.0005930 seconds
2015-01-27T23:32:24.131+0530: 125364.404: Total time for which application threads were stopped: 0.0006930 seconds
2015-01-27T23:33:19.687+0530: 125419.960: Total time for which application threads were stopped: 0.0006010 seconds
2015-01-27T23:34:14.745+0530: 125475.018: Total time for which application threads were stopped: 0.0005970 seconds
2015-01-27T23:35:09.644+0530: 125529.917: Total time for which application threads were stopped: 0.0008340 seconds
2015-01-27T23:36:07.578+0530: 125587.852: Total time for which application threads were stopped: 0.0006070 seconds
2015-01-27T23:37:05.022+0530: 125645.295: Total time for which application threads were stopped: 0.0006180 seconds
2015-01-27T23:38:00.654+0530: 125700.927: Total time for which application threads were stopped: 0.0005860 seconds
2015-01-27T23:38:56.045+0530: 125756.318: Total time for which application threads were stopped: 0.0005920 seconds
2015-01-27T23:39:50.069+0530: 125810.342: Total time for which application threads were stopped: 0.0005990 seconds
2015-01-27T23:40:46.052+0530: 125866.325: Total time for which application threads were stopped: 0.0006550 seconds
2015-01-27T23:41:41.629+0530: 125921.902: Total time for which application threads were stopped: 0.0005850 seconds
2015-01-27T23:42:37.994+0530: 125978.268: Total time for which application threads were stopped: 0.0649780 seconds
2015-01-27T23:43:34.411+0530: 126034.685: Total time for which application threads were stopped: 0.0003880 seconds
2015-01-27T23:44:30.288+0530: 126090.562: Total time for which application threads were stopped: 0.0096100 seconds
2015-01-27T23:45:25.636+0530: 126145.910: Total time for which application threads were stopped: 0.0009290 seconds
2015-01-28T00:16:48.497+0530: 128028.770: Total time for which application threads were stopped: 0.0011310 seconds
2015-01-28T00:17:42.334+0530: 128082.608: Total time for which application threads were stopped: 0.0003880 seconds
2015-01-28T00:18:44.353+0530: 128144.936: Total time for which application threads were stopped: 1.8226030 seconds
2015-01-28T00:19:41.962+0530: 128202.300: Total time for which application threads were stopped: 0.3898170 seconds
2015-01-28T00:20:40.485+0530: 128260.758: Total time for which application threads were stopped: 0.0005750 seconds
2015-01-28T00:21:37.730+0530: 128318.003: Total time for which application threads were stopped: 0.0006670 seconds
2015-01-28T00:22:35.346+0530: 128375.619: Total time for which application threads were stopped: 0.0005460 seconds
2015-01-28T00:23:31.586+0530: 128431.859: Total time for which application threads were stopped: 0.0005610 seconds
2015-01-28T00:24:27.548+0530: 128487.821: Total time for which application threads were stopped: 0.0006230 seconds
2015-01-28T00:25:24.939+0530: 128545.212: Total time for which application threads were stopped: 0.0005960 seconds
{Heap before GC invocations=28 (full 0):
 par new generation   total 109248K, used 87581K [0x00000000dae00000, 0x00000000e2e00000, 0x00000000e2e00000)
  eden space 87424K, 100% used [0x00000000dae00000, 0x00000000e0360000, 0x00000000e0360000)
  from space 21824K,   0% used [0x00000000e0360000, 0x00000000e0387510, 0x00000000e18b0000)
  to   space 21824K,   0% used [0x00000000e18b0000, 0x00000000e18b0000, 0x00000000e2e00000)
 concurrent mark-sweep generation total 393216K, used 16938K [0x00000000e2e00000, 0x00000000fae00000, 0x00000000fae00000)
 concurrent-mark-sweep perm gen total 30464K, used 30439K [0x00000000fae00000, 0x00000000fcbc0000, 0x0000000100000000)
2015-01-28T00:25:51.806+0530: 128572.079: [GC2015-01-28T00:25:51.821+0530: 128572.095: [ParNew
Desired survivor size 20112992 bytes, new threshold 8 (max 8)
- age   1:     109928 bytes,     109928 total
- age   3:       8656 bytes,     118584 total
- age   4:         48 bytes,     118632 total
: 87581K->158K(109248K), 0.1325900 secs] 104519K->17097K(502464K), 0.1479370 secs] [Times: user=0.02 sys=0.00, real=0.14 secs] 
Heap after GC invocations=29 (full 0):
 par new generation   total 109248K, used 158K [0x00000000dae00000, 0x00000000e2e00000, 0x00000000e2e00000)
  eden space 87424K,   0% used [0x00000000dae00000, 0x00000000dae00000, 0x00000000e0360000)
  from space 21824K,   0% used [0x00000000e18b0000, 0x00000000e18d7b40, 0x00000000e2e00000)
  to   space 21824K,   0% used [0x00000000e0360000, 0x00000000e0360000, 0x00000000e18b0000)
 concurrent mark-sweep generation total 393216K, used 16938K [0x00000000e2e00000, 0x00000000fae00000, 0x00000000fae00000)
 concurrent-mark-sweep perm gen total 30464K, used 30439K [0x00000000fae00000, 0x00000000fcbc0000, 0x0000000100000000)
}
2015-01-28T00:25:51.954+0530: 128572.227: Total time for which application threads were stopped: 0.2756990 seconds
2015-01-28T00:26:22.572+0530: 128602.845: Total time for which application threads were stopped: 0.0005560 seconds
2015-01-28T00:27:17.803+0530: 128658.077: Total time for which application threads were stopped: 0.0002620 seconds
2015-01-28T00:28:16.124+0530: 128716.397: Total time for which application threads were stopped: 0.0002600 seconds
2015-01-28T00:29:12.982+0530: 128773.256: Total time for which application threads were stopped: 0.0003700 seconds
2015-01-28T00:30:07.566+0530: 128827.839: Total time for which application threads were stopped: 0.0007920 seconds
2015-01-28T00:31:04.355+0530: 128884.628: Total time for which application threads were stopped: 0.0007920 seconds
2015-01-28T00:32:01.665+0530: 128941.938: Total time for which application threads were stopped: 0.0007920 seconds
2015-01-28T00:32:58.117+0530: 128998.391: Total time for which application threads were stopped: 0.0009550 seconds
2015-01-28T00:33:55.054+0530: 129055.327: Total time for which application threads were stopped: 0.0009060 seconds
2015-01-28T00:34:50.569+0530: 129110.842: Total time for which application threads were stopped: 0.0008000 seconds
2015-01-28T00:35:47.989+0530: 129168.262: Total time for which application threads were stopped: 0.0008070 seconds
2015-01-28T00:36:43.826+0530: 129224.099: Total time for which application threads were stopped: 0.0007730 seconds
2015-01-28T00:37:40.207+0530: 129280.481: Total time for which application threads were stopped: 0.0008670 seconds
2015-01-28T00:38:34.483+0530: 129334.756: Total time for which application threads were stopped: 0.0006490 seconds
2015-01-28T00:39:32.500+0530: 129392.773: Total time for which application threads were stopped: 0.0008160 seconds
2015-01-28T00:40:27.466+0530: 129447.739: Total time for which application threads were stopped: 0.0005540 seconds
2015-01-28T00:41:23.136+0530: 129503.409: Total time for which application threads were stopped: 0.0007930 seconds
2015-01-28T00:42:18.212+0530: 129558.485: Total time for which application threads were stopped: 0.0007790 seconds
2015-01-28T00:43:16.162+0530: 129616.435: Total time for which application threads were stopped: 0.0008150 seconds
2015-01-28T00:44:12.265+0530: 129672.538: Total time for which application threads were stopped: 0.0011340 seconds
2015-01-28T00:45:10.084+0530: 129730.357: Total time for which application threads were stopped: 0.0007880 seconds
2015-01-28T00:46:04.978+0530: 129785.251: Total time for which application threads were stopped: 0.0007760 seconds
2015-01-28T00:47:03.117+0530: 129843.390: Total time for which application threads were stopped: 0.0007980 seconds
2015-01-28T00:47:56.072+0530: 129896.346: Total time for which application threads were stopped: 0.0006770 seconds
2015-01-28T00:48:52.946+0530: 129953.219: Total time for which application threads were stopped: 0.0008810 seconds
2015-01-28T00:49:49.930+0530: 130010.203: Total time for which application threads were stopped: 0.0008400 seconds
2015-01-28T00:50:47.197+0530: 130067.471: Total time for which application threads were stopped: 0.0008110 seconds
2015-01-28T00:51:40.365+0530: 130120.639: Total time for which application threads were stopped: 0.0007920 seconds
2015-01-28T00:52:36.822+0530: 130177.095: Total time for which application threads were stopped: 0.0007890 seconds
2015-01-28T00:53:32.296+0530: 130232.569: Total time for which application threads were stopped: 0.0007970 seconds
2015-01-28T00:54:27.658+0530: 130287.931: Total time for which application threads were stopped: 0.0007700 seconds
2015-01-28T00:55:22.669+0530: 130342.942: Total time for which application threads were stopped: 0.0008050 seconds
2015-01-28T00:56:17.674+0530: 130397.947: Total time for which application threads were stopped: 0.0008610 seconds
2015-01-28T00:57:14.300+0530: 130454.573: Total time for which application threads were stopped: 0.0005620 seconds
2015-01-28T00:58:12.347+0530: 130512.621: Total time for which application threads were stopped: 0.0005990 seconds
2015-01-28T00:59:11.808+0530: 130572.081: Total time for which application threads were stopped: 0.0006450 seconds
2015-01-28T01:00:07.840+0530: 130628.113: Total time for which application threads were stopped: 0.0008440 seconds
2015-01-28T01:01:03.788+0530: 130684.062: Total time for which application threads were stopped: 0.0002810 seconds
2015-01-28T01:02:00.053+0530: 130740.327: Total time for which application threads were stopped: 0.0006170 seconds
2015-01-28T01:02:57.786+0530: 130798.060: Total time for which application threads were stopped: 0.0006770 seconds
2015-01-28T01:03:51.683+0530: 130851.956: Total time for which application threads were stopped: 0.0003600 seconds
2015-01-28T01:04:48.966+0530: 130909.239: Total time for which application threads were stopped: 0.0002720 seconds
2015-01-28T01:05:45.697+0530: 130965.970: Total time for which application threads were stopped: 0.0002810 seconds
2015-01-28T01:06:40.098+0530: 131020.372: Total time for which application threads were stopped: 0.0003160 seconds
2015-01-28T01:07:34.546+0530: 131074.820: Total time for which application threads were stopped: 0.0005990 seconds
2015-01-28T01:08:30.183+0530: 131130.456: Total time for which application threads were stopped: 0.0006080 seconds
2015-01-28T01:09:26.836+0530: 131187.109: Total time for which application threads were stopped: 0.0006070 seconds
2015-01-28T01:10:24.107+0530: 131244.380: Total time for which application threads were stopped: 0.0006020 seconds
2015-01-28T01:11:21.963+0530: 131302.236: Total time for which application threads were stopped: 0.0003270 seconds
2015-01-28T01:12:17.168+0530: 131357.442: Total time for which application threads were stopped: 0.0004490 seconds
2015-01-28T01:13:13.534+0530: 131413.808: Total time for which application threads were stopped: 0.0006090 seconds
2015-01-28T01:14:11.395+0530: 131471.668: Total time for which application threads were stopped: 0.0003520 seconds
2015-01-28T01:15:10.073+0530: 131530.346: Total time for which application threads were stopped: 0.0006340 seconds
2015-01-28T01:16:07.500+0530: 131587.773: Total time for which application threads were stopped: 0.0004010 seconds
2015-01-28T01:17:03.951+0530: 131644.225: Total time for which application threads were stopped: 0.0006500 seconds
2015-01-28T01:18:00.954+0530: 131701.228: Total time for which application threads were stopped: 0.0005960 seconds
2015-01-28T01:18:57.184+0530: 131757.457: Total time for which application threads were stopped: 0.0002850 seconds
2015-01-28T01:19:55.305+0530: 131815.578: Total time for which application threads were stopped: 0.0006120 seconds
2015-01-28T01:20:50.385+0530: 131870.659: Total time for which application threads were stopped: 0.0006170 seconds
2015-01-28T01:21:47.496+0530: 131927.769: Total time for which application threads were stopped: 0.0004520 seconds
2015-01-28T01:22:45.921+0530: 131986.194: Total time for which application threads were stopped: 0.0002700 seconds
2015-01-28T01:23:42.941+0530: 132043.214: Total time for which application threads were stopped: 0.0006470 seconds
2015-01-28T01:24:40.058+0530: 132100.331: Total time for which application threads were stopped: 0.0006120 seconds
2015-01-28T01:25:35.121+0530: 132155.395: Total time for which application threads were stopped: 0.0008040 seconds
2015-01-28T01:26:29.375+0530: 132209.648: Total time for which application threads were stopped: 0.0006250 seconds
2015-01-28T01:27:24.918+0530: 132265.192: Total time for which application threads were stopped: 0.0005960 seconds
{Heap before GC invocations=29 (full 0):
 par new generation   total 109248K, used 87582K [0x00000000dae00000, 0x00000000e2e00000, 0x00000000e2e00000)
  eden space 87424K, 100% used [0x00000000dae00000, 0x00000000e0360000, 0x00000000e0360000)
  from space 21824K,   0% used [0x00000000e18b0000, 0x00000000e18d7b40, 0x00000000e2e00000)
  to   space 21824K,   0% used [0x00000000e0360000, 0x00000000e0360000, 0x00000000e18b0000)
 concurrent mark-sweep generation total 393216K, used 16938K [0x00000000e2e00000, 0x00000000fae00000, 0x00000000fae00000)
 concurrent-mark-sweep perm gen total 30464K, used 30439K [0x00000000fae00000, 0x00000000fcbc0000, 0x0000000100000000)
2015-01-28T01:27:40.145+0530: 132280.418: [GC2015-01-28T01:27:40.145+0530: 132280.419: [ParNew
Desired survivor size 20112992 bytes, new threshold 8 (max 8)
- age   1:     109976 bytes,     109976 total
- age   4:       8656 bytes,     118632 total
- age   5:         48 bytes,     118680 total
: 87582K->130K(109248K), 0.0216080 secs] 104521K->17068K(502464K), 0.0220510 secs] [Times: user=0.02 sys=0.00, real=0.02 secs] 
